Archive member included to satisfy reference by file (symbol)

c:/progra~2/gnuarm~1/102021~1.10/bin/../lib/gcc/arm-none-eabi/10.3.1/thumb/v7e-m+fp/hard\libgcc.a(_arm_muldf3.o)
                              CMakeFiles/RC_All_Round.elf.dir/Application/pid_task.c.obj (__aeabi_dmul)
c:/progra~2/gnuarm~1/102021~1.10/bin/../lib/gcc/arm-none-eabi/10.3.1/thumb/v7e-m+fp/hard\libgcc.a(_arm_addsubdf3.o)
                              CMakeFiles/RC_All_Round.elf.dir/Application/pid_task.c.obj (__aeabi_dsub)
c:/progra~2/gnuarm~1/102021~1.10/bin/../lib/gcc/arm-none-eabi/10.3.1/thumb/v7e-m+fp/hard\libgcc.a(_arm_muldivdf3.o)
                              CMakeFiles/RC_All_Round.elf.dir/Application/pid_task.c.obj (__aeabi_ddiv)
c:/progra~2/gnuarm~1/102021~1.10/bin/../lib/gcc/arm-none-eabi/10.3.1/thumb/v7e-m+fp/hard\libgcc.a(_arm_truncdfsf2.o)
                              CMakeFiles/RC_All_Round.elf.dir/Application/pid_task.c.obj (__aeabi_d2f)
c:/progra~2/gnuarm~1/102021~1.10/bin/../lib/gcc/arm-none-eabi/10.3.1/thumb/v7e-m+fp/hard\libgcc.a(_aeabi_uldivmod.o)
                              CMakeFiles/RC_All_Round.elf.dir/Drivers/STM32G4xx_HAL_Driver/Src/stm32g4xx_hal_uart.c.obj (__aeabi_uldivmod)
c:/progra~2/gnuarm~1/102021~1.10/bin/../lib/gcc/arm-none-eabi/10.3.1/thumb/v7e-m+fp/hard\libgcc.a(_udivmoddi4.o)
                              c:/progra~2/gnuarm~1/102021~1.10/bin/../lib/gcc/arm-none-eabi/10.3.1/thumb/v7e-m+fp/hard\libgcc.a(_aeabi_uldivmod.o) (__udivmoddi4)
c:/progra~2/gnuarm~1/102021~1.10/bin/../lib/gcc/arm-none-eabi/10.3.1/thumb/v7e-m+fp/hard\libgcc.a(_dvmd_tls.o)
                              c:/progra~2/gnuarm~1/102021~1.10/bin/../lib/gcc/arm-none-eabi/10.3.1/thumb/v7e-m+fp/hard\libgcc.a(_aeabi_uldivmod.o) (__aeabi_ldiv0)
c:/progra~2/gnuarm~1/102021~1.10/bin/../lib/gcc/arm-none-eabi/10.3.1/../../../../arm-none-eabi/lib/thumb/v7e-m+fp/hard\libg.a(lib_a-errno.o)
                              CMakeFiles/RC_All_Round.elf.dir/Core/Src/syscalls.c.obj (__errno)
c:/progra~2/gnuarm~1/102021~1.10/bin/../lib/gcc/arm-none-eabi/10.3.1/../../../../arm-none-eabi/lib/thumb/v7e-m+fp/hard\libg.a(lib_a-exit.o)
                              c:/progra~2/gnuarm~1/102021~1.10/bin/../lib/gcc/arm-none-eabi/10.3.1/../../../../arm-none-eabi/lib/thumb/v7e-m+fp/hard/crt0.o (exit)
c:/progra~2/gnuarm~1/102021~1.10/bin/../lib/gcc/arm-none-eabi/10.3.1/../../../../arm-none-eabi/lib/thumb/v7e-m+fp/hard\libg.a(lib_a-impure.o)
                              c:/progra~2/gnuarm~1/102021~1.10/bin/../lib/gcc/arm-none-eabi/10.3.1/../../../../arm-none-eabi/lib/thumb/v7e-m+fp/hard\libg.a(lib_a-exit.o) (_global_impure_ptr)
c:/progra~2/gnuarm~1/102021~1.10/bin/../lib/gcc/arm-none-eabi/10.3.1/../../../../arm-none-eabi/lib/thumb/v7e-m+fp/hard\libg.a(lib_a-init.o)
                              c:/progra~2/gnuarm~1/102021~1.10/bin/../lib/gcc/arm-none-eabi/10.3.1/../../../../arm-none-eabi/lib/thumb/v7e-m+fp/hard/crt0.o (__libc_init_array)
c:/progra~2/gnuarm~1/102021~1.10/bin/../lib/gcc/arm-none-eabi/10.3.1/../../../../arm-none-eabi/lib/thumb/v7e-m+fp/hard\libg.a(lib_a-memcpy.o)
                              CMakeFiles/RC_All_Round.elf.dir/Middlewares/Third_Party/FreeRTOS/Source/CMSIS_RTOS_V2/cmsis_os2.c.obj (memcpy)
c:/progra~2/gnuarm~1/102021~1.10/bin/../lib/gcc/arm-none-eabi/10.3.1/../../../../arm-none-eabi/lib/thumb/v7e-m+fp/hard\libg.a(lib_a-memset.o)
                              c:/progra~2/gnuarm~1/102021~1.10/bin/../lib/gcc/arm-none-eabi/10.3.1/../../../../arm-none-eabi/lib/thumb/v7e-m+fp/hard/crt0.o (memset)
c:/progra~2/gnuarm~1/102021~1.10/bin/../lib/gcc/arm-none-eabi/10.3.1/../../../../arm-none-eabi/lib/thumb/v7e-m+fp/hard\libg.a(lib_a-printf.o)
                              CMakeFiles/RC_All_Round.elf.dir/Core/Src/app_freertos.c.obj (printf)
c:/progra~2/gnuarm~1/102021~1.10/bin/../lib/gcc/arm-none-eabi/10.3.1/../../../../arm-none-eabi/lib/thumb/v7e-m+fp/hard\libg.a(lib_a-puts.o)
                              CMakeFiles/RC_All_Round.elf.dir/Core/Src/main.c.obj (puts)
c:/progra~2/gnuarm~1/102021~1.10/bin/../lib/gcc/arm-none-eabi/10.3.1/../../../../arm-none-eabi/lib/thumb/v7e-m+fp/hard\libg.a(lib_a-reent.o)
                              CMakeFiles/RC_All_Round.elf.dir/Middlewares/Third_Party/FreeRTOS/Source/tasks.c.obj (_reclaim_reent)
c:/progra~2/gnuarm~1/102021~1.10/bin/../lib/gcc/arm-none-eabi/10.3.1/../../../../arm-none-eabi/lib/thumb/v7e-m+fp/hard\libg.a(lib_a-setvbuf.o)
                              CMakeFiles/RC_All_Round.elf.dir/User/retarget.c.obj (setvbuf)
c:/progra~2/gnuarm~1/102021~1.10/bin/../lib/gcc/arm-none-eabi/10.3.1/../../../../arm-none-eabi/lib/thumb/v7e-m+fp/hard\libg.a(lib_a-strlen.o)
                              c:/progra~2/gnuarm~1/102021~1.10/bin/../lib/gcc/arm-none-eabi/10.3.1/../../../../arm-none-eabi/lib/thumb/v7e-m+fp/hard\libg.a(lib_a-puts.o) (strlen)
c:/progra~2/gnuarm~1/102021~1.10/bin/../lib/gcc/arm-none-eabi/10.3.1/../../../../arm-none-eabi/lib/thumb/v7e-m+fp/hard\libg.a(lib_a-strtod.o)
[...]
Memory Configuration

Name             Origin             Length             Attributes
RAM              0x20000000         0x00020000         xrw
FLASH            0x08000000         0x00080000         xr
*default*        0x00000000         0xffffffff

Linker script and memory map

LOAD c:/progra~2/gnuarm~1/102021~1.10/bin/../lib/gcc/arm-none-eabi/10.3.1/thumb/v7e-m+fp/hard/crti.o
LOAD c:/progra~2/gnuarm~1/102021~1.10/bin/../lib/gcc/arm-none-eabi/10.3.1/thumb/v7e-m+fp/hard/crtbegin.o
LOAD c:/progra~2/gnuarm~1/102021~1.10/bin/../lib/gcc/arm-none-eabi/10.3.1/../../../../arm-none-eabi/lib/thumb/v7e-m+fp/hard/crt0.o
LOAD CMakeFiles/RC_All_Round.elf.dir/Application/data_fusion_task.c.obj
LOAD CMakeFiles/RC_All_Round.elf.dir/Application/pid_task.c.obj
LOAD CMakeFiles/RC_All_Round.elf.dir/Application/set_target.c.obj
LOAD CMakeFiles/RC_All_Round.elf.dir/Application/uart_task.c.obj
LOAD CMakeFiles/RC_All_Round.elf.dir/BSP/DJI_driver.c.obj
LOAD CMakeFiles/RC_All_Round.elf.dir/BSP/NRF24L01.c.obj
LOAD CMakeFiles/RC_All_Round.elf.dir/BSP/my_fdcan.c.obj
LOAD CMakeFiles/RC_All_Round.elf.dir/Controller/PID.c.obj
LOAD CMakeFiles/RC_All_Round.elf.dir/Controller/PID_Adjust.c.obj
LOAD CMakeFiles/RC_All_Round.elf.dir/Core/Src/app_freertos.c.obj
LOAD CMakeFiles/RC_All_Round.elf.dir/Core/Src/dma.c.obj
LOAD CMakeFiles/RC_All_Round.elf.dir/Core/Src/fdcan.c.obj
LOAD CMakeFiles/RC_All_Round.elf.dir/Core/Src/gpio.c.obj
LOAD CMakeFiles/RC_All_Round.elf.dir/Core/Src/main.c.obj
LOAD CMakeFiles/RC_All_Round.elf.dir/Core/Src/spi.c.obj
LOAD CMakeFiles/RC_All_Round.elf.dir/Core/Src/stm32g4xx_hal_msp.c.obj
LOAD CMakeFiles/RC_All_Round.elf.dir/Core/Src/stm32g4xx_hal_timebase_tim.c.obj
LOAD CMakeFiles/RC_All_Round.elf.dir/Core/Src/stm32g4xx_it.c.obj
LOAD CMakeFiles/RC_All_Round.elf.dir/Core/Src/syscalls.c.obj
LOAD CMakeFiles/RC_All_Round.elf.dir/Core/Src/sysmem.c.obj
LOAD CMakeFiles/RC_All_Round.elf.dir/Core/Src/system_stm32g4xx.c.obj
LOAD CMakeFiles/RC_All_Round.elf.dir/Core/Src/tim.c.obj
LOAD CMakeFiles/RC_All_Round.elf.dir/Core/Src/usart.c.obj
LOAD CMakeFiles/RC_All_Round.elf.dir/Core/Startup/startup_stm32g474vetx.s.obj
LOAD CMakeFiles/RC_All_Round.elf.dir/Drivers/STM32G4xx_HAL_Driver/Src/stm32g4xx_hal.c.obj
LOAD CMakeFiles/RC_All_Round.elf.dir/Drivers/STM32G4xx_HAL_Driver/Src/stm32g4xx_hal_cortex.c.obj
LOAD CMakeFiles/RC_All_Round.elf.dir/Drivers/STM32G4xx_HAL_Driver/Src/stm32g4xx_hal_dma.c.obj
LOAD CMakeFiles/RC_All_Round.elf.dir/Drivers/STM32G4xx_HAL_Driver/Src/stm32g4xx_hal_dma_ex.c.obj
LOAD CMakeFiles/RC_All_Round.elf.dir/Drivers/STM32G4xx_HAL_Driver/Src/stm32g4xx_hal_exti.c.obj
LOAD CMakeFiles/RC_All_Round.elf.dir/Drivers/STM32G4xx_HAL_Driver/Src/stm32g4xx_hal_fdcan.c.obj
LOAD CMakeFiles/RC_All_Round.elf.dir/Drivers/STM32G4xx_HAL_Driver/Src/stm32g4xx_hal_flash.c.obj
LOAD CMakeFiles/RC_All_Round.elf.dir/Drivers/STM32G4xx_HAL_Driver/Src/stm32g4xx_hal_flash_ex.c.obj
LOAD CMakeFiles/RC_All_Round.elf.dir/Drivers/STM32G4xx_HAL_Driver/Src/stm32g4xx_hal_flash_ramfunc.c.obj
LOAD CMakeFiles/RC_All_Round.elf.dir/Drivers/STM32G4xx_HAL_Driver/Src/stm32g4xx_hal_gpio.c.obj
LOAD CMakeFiles/RC_All_Round.elf.dir/Drivers/STM32G4xx_HAL_Driver/Src/stm32g4xx_hal_pwr.c.obj
LOAD CMakeFiles/RC_All_Round.elf.dir/Drivers/STM32G4xx_HAL_Driver/Src/stm32g4xx_hal_pwr_ex.c.obj
LOAD CMakeFiles/RC_All_Round.elf.dir/Drivers/STM32G4xx_HAL_Driver/Src/stm32g4xx_hal_rcc.c.obj
LOAD CMakeFiles/RC_All_Round.elf.dir/Drivers/STM32G4xx_HAL_Driver/Src/stm32g4xx_hal_rcc_ex.c.obj
LOAD CMakeFiles/RC_All_Round.elf.dir/Drivers/STM32G4xx_HAL_Driver/Src/stm32g4xx_hal_spi.c.obj
LOAD CMakeFiles/RC_All_Round.elf.dir/Drivers/STM32G4xx_HAL_Driver/Src/stm32g4xx_hal_spi_ex.c.obj
LOAD CMakeFiles/RC_All_Round.elf.dir/Drivers/STM32G4xx_HAL_Driver/Src/stm32g4xx_hal_tim.c.obj
LOAD CMakeFiles/RC_All_Round.elf.dir/Drivers/STM32G4xx_HAL_Driver/Src/stm32g4xx_hal_tim_ex.c.obj
LOAD CMakeFiles/RC_All_Round.elf.dir/Drivers/STM32G4xx_HAL_Driver/Src/stm32g4xx_hal_uart.c.obj
LOAD CMakeFiles/RC_All_Round.elf.dir/Drivers/STM32G4xx_HAL_Driver/Src/stm32g4xx_hal_uart_ex.c.obj
LOAD CMakeFiles/RC_All_Round.elf.dir/Middlewares/Third_Party/FreeRTOS/Source/CMSIS_RTOS_V2/cmsis_os2.c.obj
LOAD CMakeFiles/RC_All_Round.elf.dir/Middlewares/Third_Party/FreeRTOS/Source/croutine.c.obj
LOAD CMakeFiles/RC_All_Round.elf.dir/Middlewares/Third_Party/FreeRTOS/Source/event_groups.c.obj
LOAD CMakeFiles/RC_All_Round.elf.dir/Middlewares/Third_Party/FreeRTOS/Source/list.c.obj
LOAD CMakeFiles/RC_All_Round.elf.dir/Middlewares/Third_Party/FreeRTOS/Source/portable/GCC/ARM_CM4F/port.c.obj
LOAD CMakeFiles/RC_All_Round.elf.dir/Middlewares/Third_Party/FreeRTOS/Source/portable/MemMang/heap_4.c.obj
LOAD CMakeFiles/RC_All_Round.elf.dir/Middlewares/Third_Party/FreeRTOS/Source/queue.c.obj
LOAD CMakeFiles/RC_All_Round.elf.dir/Middlewares/Third_Party/FreeRTOS/Source/stream_buffer.c.obj
LOAD CMakeFiles/RC_All_Round.elf.dir/Middlewares/Third_Party/FreeRTOS/Source/tasks.c.obj
LOAD CMakeFiles/RC_All_Round.elf.dir/Middlewares/Third_Party/FreeRTOS/Source/timers.c.obj
LOAD CMakeFiles/RC_All_Round.elf.dir/User/IRQ.c.obj
LOAD CMakeFiles/RC_All_Round.elf.dir/User/Init.c.obj
LOAD CMakeFiles/RC_All_Round.elf.dir/User/debug.c.obj
LOAD CMakeFiles/RC_All_Round.elf.dir/User/filter.c.obj
LOAD CMakeFiles/RC_All_Round.elf.dir/User/locater.c.obj
LOAD CMakeFiles/RC_All_Round.elf.dir/User/radar.c.obj
LOAD CMakeFiles/RC_All_Round.elf.dir/User/retarget.c.obj
LOAD CMakeFiles/RC_All_Round.elf.dir/User/robo.c.obj
START GROUP
LOAD c:/progra~2/gnuarm~1/102021~1.10/bin/../lib/gcc/arm-none-eabi/10.3.1/thumb/v7e-m+fp/hard\libgcc.a
LOAD c:/progra~2/gnuarm~1/102021~1.10/bin/../lib/gcc/arm-none-eabi/10.3.1/../../../../arm-none-eabi/lib/thumb/v7e-m+fp/hard\libg.a
LOAD c:/progra~2/gnuarm~1/102021~1.10/bin/../lib/gcc/arm-none-eabi/10.3.1/../../../../arm-none-eabi/lib/thumb/v7e-m+fp/hard\libc.a
END GROUP
LOAD c:/progra~2/gnuarm~1/102021~1.10/bin/../lib/gcc/arm-none-eabi/10.3.1/thumb/v7e-m+fp/hard/crtend.o
LOAD c:/progra~2/gnuarm~1/102021~1.10/bin/../lib/gcc/arm-none-eabi/10.3.1/thumb/v7e-m+fp/hard/crtn.o
                0x20020000                _estack = (ORIGIN (RAM) + LENGTH (RAM))
                0x00000200                _Min_Heap_Size = 0x200
                0x00000400                _Min_Stack_Size = 0x400

.isr_vector     0x08000000      0x1d8
                0x08000000                . = ALIGN (0x4)
 *(.isr_vector)
 .isr_vector    0x08000000      0x1d8 CMakeFiles/RC_All_Round.elf.dir/Core/Startup/startup_stm32g474vetx.s.obj
                0x08000000                g_pfnVectors
                0x080001d8                . = ALIGN (0x4)

.text           0x08000200    0x141e8
                0x08000200                . = ALIGN (0x4)
 *(.text)
 .text          0x08000200      0x378 c:/progra~2/gnuarm~1/102021~1.10/bin/../lib/gcc/arm-none-eabi/10.3.1/thumb/v7e-m+fp/hard\libgcc.a(_arm_addsubdf3.o)
                0x08000200                __aeabi_drsub
                0x08000208                __aeabi_dsub
                0x08000208                __subdf3
                0x0800020c                __aeabi_dadd
                0x0800020c                __adddf3
                0x08000484                __floatunsidf
                0x08000484                __aeabi_ui2d
                0x080004a4                __floatsidf
                0x080004a4                __aeabi_i2d
                0x080004c8                __aeabi_f2d
                0x080004c8                __extendsfdf2
                0x0800050c                __floatundidf
                0x0800050c                __aeabi_ul2d
                0x0800051c                __floatdidf
                0x0800051c                __aeabi_l2d
 .text          0x08000578      0x424 c:/progra~2/gnuarm~1/102021~1.10/bin/../lib/gcc/arm-none-eabi/10.3.1/thumb/v7e-m+fp/hard\libgcc.a(_arm_muldivdf3.o)
                0x08000578                __aeabi_dmul
                0x08000578                __muldf3
                0x080007cc                __divdf3
                0x080007cc                __aeabi_ddiv
 .text          0x0800099c       0xa0 c:/progra~2/gnuarm~1/102021~1.10/bin/../lib/gcc/arm-none-eabi/10.3.1/thumb/v7e-m+fp/hard\libgcc.a(_arm_truncdfsf2.o)
                0x0800099c                __truncdfsf2
                0x0800099c                __aeabi_d2f
 .text          0x08000a3c       0x30 c:/progra~2/gnuarm~1/102021~1.10/bin/../lib/gcc/arm-none-eabi/10.3.1/thumb/v7e-m+fp/hard\libgcc.a(_aeabi_uldivmod.o)
                0x08000a3c                __aeabi_uldivmod
 .text          0x08000a6c      0x2d0 c:/progra~2/gnuarm~1/102021~1.10/bin/../lib/gcc/arm-none-eabi/10.3.1/thumb/v7e-m+fp/hard\libgcc.a(_udivmoddi4.o)
                0x08000a6c                __udivmoddi4
 .text          0x08000d3c        0x4 c:/progra~2/gnuarm~1/102021~1.10/bin/../lib/gcc/arm-none-eabi/10.3.1/thumb/v7e-m+fp/hard\libgcc.a(_dvmd_tls.o)
                0x08000d3c                __aeabi_idiv0
                0x08000d3c                __aeabi_ldiv0
 .text          0x08000d40      0x134 c:/progra~2/gnuarm~1/102021~1.10/bin/../lib/gcc/arm-none-eabi/10.3.1/../../../../arm-none-eabi/lib/thumb/v7e-m+fp/hard\libg.a(lib_a-memcpy.o)
                0x08000d40                memcpy
 *fill*         0x08000e74        0xc 
 .text          0x08000e80       0xdc c:/progra~2/gnuarm~1/102021~1.10/bin/../lib/gcc/arm-none-eabi/10.3.1/../../../../arm-none-eabi/lib/thumb/v7e-m+fp/hard\libg.a(lib_a-strlen.o)
                0x08000e80                strlen
 *fill*         0x08000f5c        0x4 
 .text          0x08000f60       0xa0 c:/progra~2/gnuarm~1/102021~1.10/bin/../lib/gcc/arm-none-eabi/10.3.1/../../../../arm-none-eabi/lib/thumb/v7e-m+fp/hard\libg.a(lib_a-memchr.o)
                0x08000f60                memchr
 .text          0x08001000      0x110 c:/progra~2/gnuarm~1/102021~1.10/bin/../lib/gcc/arm-none-eabi/10.3.1/thumb/v7e-m+fp/hard\libgcc.a(_arm_cmpdf2.o)
                0x08001000                __gtdf2
                0x08001000                __gedf2
                0x08001008                __ltdf2
                0x08001008                __ledf2
                0x08001010                __nedf2
                0x08001010                __eqdf2
                0x08001010                __cmpdf2
                0x0800108c                __aeabi_cdrcmple
                0x0800109c                __aeabi_cdcmpeq
                0x0800109c                __aeabi_cdcmple
                0x080010ac                __aeabi_dcmpeq
                0x080010c0                __aeabi_dcmplt
                0x080010d4                __aeabi_dcmple
                0x080010e8                __aeabi_dcmpge
                0x080010fc                __aeabi_dcmpgt
 .text          0x08001110       0x2c c:/progra~2/gnuarm~1/102021~1.10/bin/../lib/gcc/arm-none-eabi/10.3.1/thumb/v7e-m+fp/hard\libgcc.a(_arm_unorddf2.o)
                0x08001110                __unorddf2
                0x08001110                __aeabi_dcmpun
 .text          0x0800113c       0x50 c:/progra~2/gnuarm~1/102021~1.10/bin/../lib/gcc/arm-none-eabi/10.3.1/thumb/v7e-m+fp/hard\libgcc.a(_arm_fixdfsi.o)
                0x0800113c                __aeabi_d2iz
                0x0800113c                __fixdfsi
 .text          0x0800118c       0x40 c:/progra~2/gnuarm~1/102021~1.10/bin/../lib/gcc/arm-none-eabi/10.3.1/thumb/v7e-m+fp/hard\libgcc.a(_arm_fixunsdfsi.o)
                0x0800118c                __aeabi_d2uiz
                0x0800118c                __fixunsdfsi
 .text          0x080011cc       0x30 c:/progra~2/gnuarm~1/102021~1.10/bin/../lib/gcc/arm-none-eabi/10.3.1/thumb/v7e-m+fp/hard\libgcc.a(_fixdfdi.o)
                0x080011cc                __fixdfdi
                0x080011cc                __aeabi_d2lz
 .text          0x080011fc       0x3c c:/progra~2/gnuarm~1/102021~1.10/bin/../lib/gcc/arm-none-eabi/10.3.1/thumb/v7e-m+fp/hard\libgcc.a(_fixunsdfdi.o)
                0x080011fc                __fixunsdfdi
                0x080011fc                __aeabi_d2ulz
 *(.text*)
 .text.data_fusion_radar
                0x08001238       0xa0 CMakeFiles/RC_All_Round.elf.dir/Application/data_fusion_task.c.obj
                0x08001238                data_fusion_radar
 .text.Kinematic_solution
                0x080012d8      0x254 CMakeFiles/RC_All_Round.elf.dir/Application/pid_task.c.obj
                0x080012d8                Kinematic_solution
 .text.set_runpoint_target
                0x0800152c       0x14 CMakeFiles/RC_All_Round.elf.dir/Application/set_target.c.obj
                0x0800152c                set_runpoint_target
 .text.GM2006_Current_Set
                0x08001540       0x68 CMakeFiles/RC_All_Round.elf.dir/BSP/DJI_driver.c.obj
                0x08001540                GM2006_Current_Set
 .text.FDCAN_Init
                0x080015a8       0x32 CMakeFiles/RC_All_Round.elf.dir/BSP/my_fdcan.c.obj
                0x080015a8                FDCAN_Init
 .text.FDCAN_Filter_Config_Simple
                0x080015da       0x4a CMakeFiles/RC_All_Round.elf.dir/BSP/my_fdcan.c.obj
                0x080015da                FDCAN_Filter_Config_Simple
 .text.FDCAN_Transmit_Data_NotBRS
                0x08001624       0x38 CMakeFiles/RC_All_Round.elf.dir/BSP/my_fdcan.c.obj
                0x08001624                FDCAN_Transmit_Data_NotBRS
 .text.PID_Init
                0x0800165c      0x168 CMakeFiles/RC_All_Round.elf.dir/Controller/PID.c.obj
                0x0800165c                PID_Init
 .text.FW_PID_Realize
                0x080017c4       0xda CMakeFiles/RC_All_Round.elf.dir/Controller/PID.c.obj
                0x080017c4                FW_PID_Realize
 .text.FW_PID_Realize_without_brake
                0x0800189e       0xcc CMakeFiles/RC_All_Round.elf.dir/Controller/PID.c.obj
                0x0800189e                FW_PID_Realize_without_brake
 .text.transfer
                0x0800196a       0x6e CMakeFiles/RC_All_Round.elf.dir/Controller/PID.c.obj
                0x0800196a                transfer
 .text.Get_Data
                0x080019d8       0x88 CMakeFiles/RC_All_Round.elf.dir/Controller/PID_Adjust.c.obj
                0x080019d8                Get_Data
 .text.USART_PID_Adjust
                0x08001a60       0xd4 CMakeFiles/RC_All_Round.elf.dir/Controller/PID_Adjust.c.obj
                0x08001a60                USART_PID_Adjust
 .text.StartDefaultTask
                0x08001b34        0xa CMakeFiles/RC_All_Round.elf.dir/Core/Src/app_freertos.c.obj
                0x08001b34                StartDefaultTask
 .text.data_fusion
                0x08001b3e       0x18 CMakeFiles/RC_All_Round.elf.dir/Core/Src/app_freertos.c.obj
                0x08001b3e                data_fusion
 *fill*         0x08001b56        0x2 
 .text.robo_mov
                0x08001b58       0x2c CMakeFiles/RC_All_Round.elf.dir/Core/Src/app_freertos.c.obj
                0x08001b58                robo_mov
 .text.set_target
                0x08001b84        0xa CMakeFiles/RC_All_Round.elf.dir/Core/Src/app_freertos.c.obj
                0x08001b84                set_target
 *fill*         0x08001b8e        0x2 
 .text.pid_task
                0x08001b90      0x148 CMakeFiles/RC_All_Round.elf.dir/Core/Src/app_freertos.c.obj
                0x08001b90                pid_task
 .text.uart_tx_task
                0x08001cd8       0x6c CMakeFiles/RC_All_Round.elf.dir/Core/Src/app_freertos.c.obj
                0x08001cd8                uart_tx_task
 .text.MX_FREERTOS_Init
                0x08001d44       0xb4 CMakeFiles/RC_All_Round.elf.dir/Core/Src/app_freertos.c.obj
                0x08001d44                MX_FREERTOS_Init
 .text.MX_DMA_Init
                0x08001df8       0xa4 CMakeFiles/RC_All_Round.elf.dir/Core/Src/dma.c.obj
                0x08001df8                MX_DMA_Init
 .text.MX_FDCAN1_Init
                0x08001e9c       0x4c CMakeFiles/RC_All_Round.elf.dir/Core/Src/fdcan.c.obj
                0x08001e9c                MX_FDCAN1_Init
 .text.HAL_FDCAN_MspInit
                0x08001ee8       0xb0 CMakeFiles/RC_All_Round.elf.dir/Core/Src/fdcan.c.obj
                0x08001ee8                HAL_FDCAN_MspInit
 .text.MX_GPIO_Init
                0x08001f98       0xc4 CMakeFiles/RC_All_Round.elf.dir/Core/Src/gpio.c.obj
                0x08001f98                MX_GPIO_Init
 .text.Error_Handler
                0x0800205c        0x4 CMakeFiles/RC_All_Round.elf.dir/Core/Src/main.c.obj
                0x0800205c                Error_Handler
 .text.SystemClock_Config
                0x08002060       0x70 CMakeFiles/RC_All_Round.elf.dir/Core/Src/main.c.obj
                0x08002060                SystemClock_Config
 .text.main     0x080020d0       0x7c CMakeFiles/RC_All_Round.elf.dir/Core/Src/main.c.obj
                0x080020d0                main
 .text.MX_SPI4_Init
                0x0800214c       0x4c CMakeFiles/RC_All_Round.elf.dir/Core/Src/spi.c.obj
                0x0800214c                MX_SPI4_Init
 .text.HAL_SPI_MspInit
                0x08002198       0x64 CMakeFiles/RC_All_Round.elf.dir/Core/Src/spi.c.obj
                0x08002198                HAL_SPI_MspInit
 .text.HAL_MspInit
                0x080021fc       0x44 CMakeFiles/RC_All_Round.elf.dir/Core/Src/stm32g4xx_hal_msp.c.obj
                0x080021fc                HAL_MspInit
 .text.HAL_InitTick
                0x08002240       0x94 CMakeFiles/RC_All_Round.elf.dir/Core/Src/stm32g4xx_hal_timebase_tim.c.obj
                0x08002240                HAL_InitTick
 .text.NMI_Handler
                0x080022d4        0x2 CMakeFiles/RC_All_Round.elf.dir/Core/Src/stm32g4xx_it.c.obj
                0x080022d4                NMI_Handler
 .text.HardFault_Handler
                0x080022d6        0x2 CMakeFiles/RC_All_Round.elf.dir/Core/Src/stm32g4xx_it.c.obj
                0x080022d6                HardFault_Handler
 .text.MemManage_Handler
                0x080022d8        0x2 CMakeFiles/RC_All_Round.elf.dir/Core/Src/stm32g4xx_it.c.obj
                0x080022d8                MemManage_Handler
 .text.BusFault_Handler
                0x080022da        0x2 CMakeFiles/RC_All_Round.elf.dir/Core/Src/stm32g4xx_it.c.obj
                0x080022da                BusFault_Handler
 .text.UsageFault_Handler
                0x080022dc        0x2 CMakeFiles/RC_All_Round.elf.dir/Core/Src/stm32g4xx_it.c.obj
                0x080022dc                UsageFault_Handler
 .text.DebugMon_Handler
                0x080022de        0x2 CMakeFiles/RC_All_Round.elf.dir/Core/Src/stm32g4xx_it.c.obj
                0x080022de                DebugMon_Handler
 .text.DMA1_Channel1_IRQHandler
                0x080022e0       0x10 CMakeFiles/RC_All_Round.elf.dir/Core/Src/stm32g4xx_it.c.obj
                0x080022e0                DMA1_Channel1_IRQHandler
 .text.DMA1_Channel2_IRQHandler
                0x080022f0       0x10 CMakeFiles/RC_All_Round.elf.dir/Core/Src/stm32g4xx_it.c.obj
                0x080022f0                DMA1_Channel2_IRQHandler
 .text.DMA1_Channel3_IRQHandler
                0x08002300       0x10 CMakeFiles/RC_All_Round.elf.dir/Core/Src/stm32g4xx_it.c.obj
                0x08002300                DMA1_Channel3_IRQHandler
 .text.DMA1_Channel4_IRQHandler
                0x08002310       0x10 CMakeFiles/RC_All_Round.elf.dir/Core/Src/stm32g4xx_it.c.obj
                0x08002310                DMA1_Channel4_IRQHandler
 .text.DMA1_Channel5_IRQHandler
                0x08002320       0x10 CMakeFiles/RC_All_Round.elf.dir/Core/Src/stm32g4xx_it.c.obj
                0x08002320                DMA1_Channel5_IRQHandler
 .text.DMA1_Channel6_IRQHandler
                0x08002330       0x10 CMakeFiles/RC_All_Round.elf.dir/Core/Src/stm32g4xx_it.c.obj
                0x08002330                DMA1_Channel6_IRQHandler
 .text.DMA1_Channel7_IRQHandler
                0x08002340       0x10 CMakeFiles/RC_All_Round.elf.dir/Core/Src/stm32g4xx_it.c.obj
                0x08002340                DMA1_Channel7_IRQHandler
 .text.FDCAN1_IT0_IRQHandler
                0x08002350       0x10 CMakeFiles/RC_All_Round.elf.dir/Core/Src/stm32g4xx_it.c.obj
                0x08002350                FDCAN1_IT0_IRQHandler
 .text.FDCAN1_IT1_IRQHandler
                0x08002360       0x10 CMakeFiles/RC_All_Round.elf.dir/Core/Src/stm32g4xx_it.c.obj
                0x08002360                FDCAN1_IT1_IRQHandler
 .text.TIM3_IRQHandler
                0x08002370       0x10 CMakeFiles/RC_All_Round.elf.dir/Core/Src/stm32g4xx_it.c.obj
                0x08002370                TIM3_IRQHandler
 .text.TIM4_IRQHandler
                0x08002380       0x10 CMakeFiles/RC_All_Round.elf.dir/Core/Src/stm32g4xx_it.c.obj
                0x08002380                TIM4_IRQHandler
 .text.USART1_IRQHandler
                0x08002390       0x10 CMakeFiles/RC_All_Round.elf.dir/Core/Src/stm32g4xx_it.c.obj
                0x08002390                USART1_IRQHandler
 .text.USART2_IRQHandler
                0x080023a0       0x18 CMakeFiles/RC_All_Round.elf.dir/Core/Src/stm32g4xx_it.c.obj
                0x080023a0                USART2_IRQHandler
 .text.USART3_IRQHandler
                0x080023b8       0x10 CMakeFiles/RC_All_Round.elf.dir/Core/Src/stm32g4xx_it.c.obj
                0x080023b8                USART3_IRQHandler
 .text.UART4_IRQHandler
                0x080023c8       0x10 CMakeFiles/RC_All_Round.elf.dir/Core/Src/stm32g4xx_it.c.obj
                0x080023c8                UART4_IRQHandler
 .text.UART5_IRQHandler
                0x080023d8       0x18 CMakeFiles/RC_All_Round.elf.dir/Core/Src/stm32g4xx_it.c.obj
                0x080023d8                UART5_IRQHandler
 .text._getpid  0x080023f0        0x4 CMakeFiles/RC_All_Round.elf.dir/Core/Src/syscalls.c.obj
                0x080023f0                _getpid
 .text._kill    0x080023f4       0x10 CMakeFiles/RC_All_Round.elf.dir/Core/Src/syscalls.c.obj
                0x080023f4                _kill
 .text._exit    0x08002404        0xc CMakeFiles/RC_All_Round.elf.dir/Core/Src/syscalls.c.obj
                0x08002404                _exit
 .text._sbrk    0x08002410       0x48 CMakeFiles/RC_All_Round.elf.dir/Core/Src/sysmem.c.obj
                0x08002410                _sbrk
 .text.SystemInit
                0x08002458       0x14 CMakeFiles/RC_All_Round.elf.dir/Core/Src/system_stm32g4xx.c.obj
                0x08002458                SystemInit
 .text.MX_TIM3_Init
                0x0800246c       0x74 CMakeFiles/RC_All_Round.elf.dir/Core/Src/tim.c.obj
                0x0800246c                MX_TIM3_Init
 .text.HAL_TIM_Base_MspInit
                0x080024e0       0x40 CMakeFiles/RC_All_Round.elf.dir/Core/Src/tim.c.obj
                0x080024e0                HAL_TIM_Base_MspInit
 .text.MX_UART4_Init
                0x08002520       0x68 CMakeFiles/RC_All_Round.elf.dir/Core/Src/usart.c.obj
                0x08002520                MX_UART4_Init
 .text.MX_UART5_Init
                0x08002588       0x68 CMakeFiles/RC_All_Round.elf.dir/Core/Src/usart.c.obj
                0x08002588                MX_UART5_Init
 .text.MX_USART1_UART_Init
                0x080025f0       0x68 CMakeFiles/RC_All_Round.elf.dir/Core/Src/usart.c.obj
                0x080025f0                MX_USART1_UART_Init
 .text.MX_USART2_UART_Init
                0x08002658       0x68 CMakeFiles/RC_All_Round.elf.dir/Core/Src/usart.c.obj
                0x08002658                MX_USART2_UART_Init
 .text.MX_USART3_UART_Init
                0x080026c0       0x68 CMakeFiles/RC_All_Round.elf.dir/Core/Src/usart.c.obj
                0x080026c0                MX_USART3_UART_Init
 .text.HAL_UART_MspInit
                0x08002728      0x44c CMakeFiles/RC_All_Round.elf.dir/Core/Src/usart.c.obj
                0x08002728                HAL_UART_MspInit
 .text.Reset_Handler
                0x08002b74       0x50 CMakeFiles/RC_All_Round.elf.dir/Core/Startup/startup_stm32g474vetx.s.obj
                0x08002b74                Reset_Handler
 .text.Default_Handler
                0x08002bc4        0x2 CMakeFiles/RC_All_Round.elf.dir/Core/Startup/startup_stm32g474vetx.s.obj
                0x08002bc4                RTC_Alarm_IRQHandler
                0x08002bc4                EXTI2_IRQHandler
                0x08002bc4                TIM8_TRG_COM_IRQHandler
                0x08002bc4                TIM8_CC_IRQHandler
                0x08002bc4                HRTIM1_Master_IRQHandler
                0x08002bc4                SPI4_IRQHandler
                0x08002bc4                FDCAN3_IT0_IRQHandler
                0x08002bc4                TIM1_CC_IRQHandler
                0x08002bc4                HRTIM1_FLT_IRQHandler
                0x08002bc4                HRTIM1_TIMF_IRQHandler
                0x08002bc4                USB_HP_IRQHandler
                0x08002bc4                CORDIC_IRQHandler
                0x08002bc4                HRTIM1_TIMD_IRQHandler
                0x08002bc4                DMA2_Channel8_IRQHandler
                0x08002bc4                EXTI3_IRQHandler
                0x08002bc4                I2C3_ER_IRQHandler
                0x08002bc4                EXTI0_IRQHandler
                0x08002bc4                I2C2_EV_IRQHandler
                0x08002bc4                FPU_IRQHandler
                0x08002bc4                TIM1_UP_TIM16_IRQHandler
                0x08002bc4                ADC1_2_IRQHandler
                0x08002bc4                HRTIM1_TIME_IRQHandler
                0x08002bc4                SPI1_IRQHandler
                0x08002bc4                TIM6_DAC_IRQHandler
                0x08002bc4                HRTIM1_TIMC_IRQHandler
                0x08002bc4                TIM8_UP_IRQHandler
                0x08002bc4                DMA2_Channel2_IRQHandler
                0x08002bc4                TIM20_TRG_COM_IRQHandler
                0x08002bc4                ADC3_IRQHandler
                0x08002bc4                DMA2_Channel1_IRQHandler
                0x08002bc4                QUADSPI_IRQHandler
                0x08002bc4                I2C1_EV_IRQHandler
                0x08002bc4                DMA2_Channel4_IRQHandler
                0x08002bc4                RCC_IRQHandler
                0x08002bc4                TIM20_UP_IRQHandler
                0x08002bc4                Default_Handler
                0x08002bc4                DMA2_Channel7_IRQHandler
                0x08002bc4                RTC_TAMP_LSECSS_IRQHandler
                0x08002bc4                FMAC_IRQHandler
                0x08002bc4                EXTI15_10_IRQHandler
                0x08002bc4                DMA1_Channel8_IRQHandler
                0x08002bc4                HRTIM1_TIMA_IRQHandler
                0x08002bc4                TIM7_DAC_IRQHandler
                0x08002bc4                FDCAN3_IT1_IRQHandler
                0x08002bc4                TIM5_IRQHandler
                0x08002bc4                UCPD1_IRQHandler
                0x08002bc4                I2C3_EV_IRQHandler
                0x08002bc4                EXTI9_5_IRQHandler
                0x08002bc4                RTC_WKUP_IRQHandler
                0x08002bc4                PVD_PVM_IRQHandler
                0x08002bc4                SPI2_IRQHandler
                0x08002bc4                ADC5_IRQHandler
                0x08002bc4                DMA2_Channel5_IRQHandler
                0x08002bc4                CRS_IRQHandler
                0x08002bc4                USB_LP_IRQHandler
                0x08002bc4                EXTI4_IRQHandler
                0x08002bc4                RNG_IRQHandler
                0x08002bc4                HRTIM1_TIMB_IRQHandler
                0x08002bc4                TIM1_TRG_COM_TIM17_IRQHandler
                0x08002bc4                FDCAN2_IT1_IRQHandler
                0x08002bc4                ADC4_IRQHandler
                0x08002bc4                WWDG_IRQHandler
                0x08002bc4                I2C4_EV_IRQHandler
                0x08002bc4                FDCAN2_IT0_IRQHandler
                0x08002bc4                LPUART1_IRQHandler
                0x08002bc4                DMA2_Channel6_IRQHandler
                0x08002bc4                TIM2_IRQHandler
                0x08002bc4                COMP7_IRQHandler
                0x08002bc4                COMP1_2_3_IRQHandler
                0x08002bc4                EXTI1_IRQHandler
                0x08002bc4                COMP4_5_6_IRQHandler
                0x08002bc4                TIM20_BRK_IRQHandler
                0x08002bc4                I2C2_ER_IRQHandler
                0x08002bc4                TIM8_BRK_IRQHandler
                0x08002bc4                FLASH_IRQHandler
                0x08002bc4                TIM20_CC_IRQHandler
                0x08002bc4                SPI3_IRQHandler
                0x08002bc4                I2C1_ER_IRQHandler
                0x08002bc4                FMC_IRQHandler
                0x08002bc4                LPTIM1_IRQHandler
                0x08002bc4                DMAMUX_OVR_IRQHandler
                0x08002bc4                I2C4_ER_IRQHandler
                0x08002bc4                USBWakeUp_IRQHandler
                0x08002bc4                SAI1_IRQHandler
                0x08002bc4                DMA2_Channel3_IRQHandler
                0x08002bc4                TIM1_BRK_TIM15_IRQHandler
 .text.HAL_Init
                0x08002bc6       0x1e CMakeFiles/RC_All_Round.elf.dir/Drivers/STM32G4xx_HAL_Driver/Src/stm32g4xx_hal.c.obj
                0x08002bc6                HAL_Init
 .text.HAL_IncTick
                0x08002be4       0x18 CMakeFiles/RC_All_Round.elf.dir/Drivers/STM32G4xx_HAL_Driver/Src/stm32g4xx_hal.c.obj
                0x08002be4                HAL_IncTick
 .text.HAL_GetTick
                0x08002bfc        0xc CMakeFiles/RC_All_Round.elf.dir/Drivers/STM32G4xx_HAL_Driver/Src/stm32g4xx_hal.c.obj
                0x08002bfc                HAL_GetTick
 .text.HAL_Delay
                0x08002c08       0x28 CMakeFiles/RC_All_Round.elf.dir/Drivers/STM32G4xx_HAL_Driver/Src/stm32g4xx_hal.c.obj
                0x08002c08                HAL_Delay
 .text.HAL_NVIC_SetPriorityGrouping
                0x08002c30       0x24 CMakeFiles/RC_All_Round.elf.dir/Drivers/STM32G4xx_HAL_Driver/Src/stm32g4xx_hal_cortex.c.obj
                0x08002c30                HAL_NVIC_SetPriorityGrouping
 .text.HAL_NVIC_SetPriority
                0x08002c54       0x70 CMakeFiles/RC_All_Round.elf.dir/Drivers/STM32G4xx_HAL_Driver/Src/stm32g4xx_hal_cortex.c.obj
                0x08002c54                HAL_NVIC_SetPriority
 .text.HAL_NVIC_EnableIRQ
                0x08002cc4       0x1c CMakeFiles/RC_All_Round.elf.dir/Drivers/STM32G4xx_HAL_Driver/Src/stm32g4xx_hal_cortex.c.obj
                0x08002cc4                HAL_NVIC_EnableIRQ
 .text.DMA_SetConfig
                0x08002ce0       0x42 CMakeFiles/RC_All_Round.elf.dir/Drivers/STM32G4xx_HAL_Driver/Src/stm32g4xx_hal_dma.c.obj
 *fill*         0x08002d22        0x2 
 .text.DMA_CalcDMAMUXChannelBaseAndMask
                0x08002d24       0x48 CMakeFiles/RC_All_Round.elf.dir/Drivers/STM32G4xx_HAL_Driver/Src/stm32g4xx_hal_dma.c.obj
 .text.DMA_CalcDMAMUXRequestGenBaseAndMask
                0x08002d6c       0x28 CMakeFiles/RC_All_Round.elf.dir/Drivers/STM32G4xx_HAL_Driver/Src/stm32g4xx_hal_dma.c.obj
 .text.HAL_DMA_Init
                0x08002d94       0xd8 CMakeFiles/RC_All_Round.elf.dir/Drivers/STM32G4xx_HAL_Driver/Src/stm32g4xx_hal_dma.c.obj
                0x08002d94                HAL_DMA_Init
 .text.HAL_DMA_Start_IT
                0x08002e6c       0x94 CMakeFiles/RC_All_Round.elf.dir/Drivers/STM32G4xx_HAL_Driver/Src/stm32g4xx_hal_dma.c.obj
                0x08002e6c                HAL_DMA_Start_IT
 .text.HAL_DMA_Abort
                0x08002f00       0x6c CMakeFiles/RC_All_Round.elf.dir/Drivers/STM32G4xx_HAL_Driver/Src/stm32g4xx_hal_dma.c.obj
                0x08002f00                HAL_DMA_Abort
 .text.HAL_DMA_Abort_IT
                0x08002f6c       0x7e CMakeFiles/RC_All_Round.elf.dir/Drivers/STM32G4xx_HAL_Driver/Src/stm32g4xx_hal_dma.c.obj
                0x08002f6c                HAL_DMA_Abort_IT
 .text.HAL_DMA_IRQHandler
                0x08002fea       0xc4 CMakeFiles/RC_All_Round.elf.dir/Drivers/STM32G4xx_HAL_Driver/Src/stm32g4xx_hal_dma.c.obj
                0x08002fea                HAL_DMA_IRQHandler
 .text.HAL_DMA_GetError
                0x080030ae        0x4 CMakeFiles/RC_All_Round.elf.dir/Drivers/STM32G4xx_HAL_Driver/Src/stm32g4xx_hal_dma.c.obj
                0x080030ae                HAL_DMA_GetError
 *fill*         0x080030b2        0x2 
 .text.FDCAN_CalcultateRamBlockAddresses
                0x080030b4       0x8c CMakeFiles/RC_All_Round.elf.dir/Drivers/STM32G4xx_HAL_Driver/Src/stm32g4xx_hal_fdcan.c.obj
 .text.FDCAN_CopyMessageToRAM
                0x08003140       0x88 CMakeFiles/RC_All_Round.elf.dir/Drivers/STM32G4xx_HAL_Driver/Src/stm32g4xx_hal_fdcan.c.obj
 .text.HAL_FDCAN_Init
                0x080031c8      0x1d4 CMakeFiles/RC_All_Round.elf.dir/Drivers/STM32G4xx_HAL_Driver/Src/stm32g4xx_hal_fdcan.c.obj
                0x080031c8                HAL_FDCAN_Init
 .text.HAL_FDCAN_ConfigFilter
                0x0800339c       0x66 CMakeFiles/RC_All_Round.elf.dir/Drivers/STM32G4xx_HAL_Driver/Src/stm32g4xx_hal_fdcan.c.obj
                0x0800339c                HAL_FDCAN_ConfigFilter
 .text.HAL_FDCAN_Start
                0x08003402       0x2e CMakeFiles/RC_All_Round.elf.dir/Drivers/STM32G4xx_HAL_Driver/Src/stm32g4xx_hal_fdcan.c.obj
                0x08003402                HAL_FDCAN_Start
 .text.HAL_FDCAN_AddMessageToTxFifoQ
                0x08003430       0x52 CMakeFiles/RC_All_Round.elf.dir/Drivers/STM32G4xx_HAL_Driver/Src/stm32g4xx_hal_fdcan.c.obj
                0x08003430                HAL_FDCAN_AddMessageToTxFifoQ
 *fill*         0x08003482        0x2 
 .text.HAL_FDCAN_GetRxMessage
                0x08003484      0x164 CMakeFiles/RC_All_Round.elf.dir/Drivers/STM32G4xx_HAL_Driver/Src/stm32g4xx_hal_fdcan.c.obj
                0x08003484                HAL_FDCAN_GetRxMessage
 .text.HAL_FDCAN_ActivateNotification
                0x080035e8      0x106 CMakeFiles/RC_All_Round.elf.dir/Drivers/STM32G4xx_HAL_Driver/Src/stm32g4xx_hal_fdcan.c.obj
                0x080035e8                HAL_FDCAN_ActivateNotification
 .text.HAL_FDCAN_TxEventFifoCallback
                0x080036ee        0x2 CMakeFiles/RC_All_Round.elf.dir/Drivers/STM32G4xx_HAL_Driver/Src/stm32g4xx_hal_fdcan.c.obj
                0x080036ee                HAL_FDCAN_TxEventFifoCallback
 .text.HAL_FDCAN_TxFifoEmptyCallback
                0x080036f0        0x2 CMakeFiles/RC_All_Round.elf.dir/Drivers/STM32G4xx_HAL_Driver/Src/stm32g4xx_hal_fdcan.c.obj
                0x080036f0                HAL_FDCAN_TxFifoEmptyCallback
 .text.HAL_FDCAN_TxBufferCompleteCallback
                0x080036f2        0x2 CMakeFiles/RC_All_Round.elf.dir/Drivers/STM32G4xx_HAL_Driver/Src/stm32g4xx_hal_fdcan.c.obj
                0x080036f2                HAL_FDCAN_TxBufferCompleteCallback
 .text.HAL_FDCAN_TxBufferAbortCallback
                0x080036f4        0x2 CMakeFiles/RC_All_Round.elf.dir/Drivers/STM32G4xx_HAL_Driver/Src/stm32g4xx_hal_fdcan.c.obj
                0x080036f4                HAL_FDCAN_TxBufferAbortCallback
 .text.HAL_FDCAN_TimestampWraparoundCallback
                0x080036f6        0x2 CMakeFiles/RC_All_Round.elf.dir/Drivers/STM32G4xx_HAL_Driver/Src/stm32g4xx_hal_fdcan.c.obj
                0x080036f6                HAL_FDCAN_TimestampWraparoundCallback
 .text.HAL_FDCAN_TimeoutOccurredCallback
                0x080036f8        0x2 CMakeFiles/RC_All_Round.elf.dir/Drivers/STM32G4xx_HAL_Driver/Src/stm32g4xx_hal_fdcan.c.obj
                0x080036f8                HAL_FDCAN_TimeoutOccurredCallback
 .text.HAL_FDCAN_HighPriorityMessageCallback
                0x080036fa        0x2 CMakeFiles/RC_All_Round.elf.dir/Drivers/STM32G4xx_HAL_Driver/Src/stm32g4xx_hal_fdcan.c.obj
                0x080036fa                HAL_FDCAN_HighPriorityMessageCallback
 .text.HAL_FDCAN_ErrorCallback
                0x080036fc        0x2 CMakeFiles/RC_All_Round.elf.dir/Drivers/STM32G4xx_HAL_Driver/Src/stm32g4xx_hal_fdcan.c.obj
                0x080036fc                HAL_FDCAN_ErrorCallback
 .text.HAL_FDCAN_ErrorStatusCallback
                0x080036fe        0x2 CMakeFiles/RC_All_Round.elf.dir/Drivers/STM32G4xx_HAL_Driver/Src/stm32g4xx_hal_fdcan.c.obj
                0x080036fe                HAL_FDCAN_ErrorStatusCallback
 .text.HAL_FDCAN_IRQHandler
                0x08003700      0x188 CMakeFiles/RC_All_Round.elf.dir/Drivers/STM32G4xx_HAL_Driver/Src/stm32g4xx_hal_fdcan.c.obj
                0x08003700                HAL_FDCAN_IRQHandler
 .text.HAL_GPIO_Init
                0x08003888      0x1d4 CMakeFiles/RC_All_Round.elf.dir/Drivers/STM32G4xx_HAL_Driver/Src/stm32g4xx_hal_gpio.c.obj
                0x08003888                HAL_GPIO_Init
 .text.HAL_GPIO_WritePin
                0x08003a5c        0xa CMakeFiles/RC_All_Round.elf.dir/Drivers/STM32G4xx_HAL_Driver/Src/stm32g4xx_hal_gpio.c.obj
                0x08003a5c                HAL_GPIO_WritePin
 *fill*         0x08003a66        0x2 
 .text.HAL_PWREx_ControlVoltageScaling
                0x08003a68      0x10c CMakeFiles/RC_All_Round.elf.dir/Drivers/STM32G4xx_HAL_Driver/Src/stm32g4xx_hal_pwr_ex.c.obj
                0x08003a68                HAL_PWREx_ControlVoltageScaling
 .text.HAL_PWREx_DisableUCPDDeadBattery
                0x08003b74       0x10 CMakeFiles/RC_All_Round.elf.dir/Drivers/STM32G4xx_HAL_Driver/Src/stm32g4xx_hal_pwr_ex.c.obj
                0x08003b74                HAL_PWREx_DisableUCPDDeadBattery
 .text.RCC_GetSysClockFreqFromPLLSource
                0x08003b84       0x58 CMakeFiles/RC_All_Round.elf.dir/Drivers/STM32G4xx_HAL_Driver/Src/stm32g4xx_hal_rcc.c.obj
 .text.HAL_RCC_OscConfig
                0x08003bdc      0x4e4 CMakeFiles/RC_All_Round.elf.dir/Drivers/STM32G4xx_HAL_Driver/Src/stm32g4xx_hal_rcc.c.obj
                0x08003bdc                HAL_RCC_OscConfig
 .text.HAL_RCC_GetSysClockFreq
                0x080040c0       0x88 CMakeFiles/RC_All_Round.elf.dir/Drivers/STM32G4xx_HAL_Driver/Src/stm32g4xx_hal_rcc.c.obj
                0x080040c0                HAL_RCC_GetSysClockFreq
 .text.HAL_RCC_ClockConfig
                0x08004148      0x1f8 CMakeFiles/RC_All_Round.elf.dir/Drivers/STM32G4xx_HAL_Driver/Src/stm32g4xx_hal_rcc.c.obj
                0x08004148                HAL_RCC_ClockConfig
 .text.HAL_RCC_GetHCLKFreq
                0x08004340        0xc CMakeFiles/RC_All_Round.elf.dir/Drivers/STM32G4xx_HAL_Driver/Src/stm32g4xx_hal_rcc.c.obj
                0x08004340                HAL_RCC_GetHCLKFreq
 .text.HAL_RCC_GetPCLK1Freq
                0x0800434c       0x24 CMakeFiles/RC_All_Round.elf.dir/Drivers/STM32G4xx_HAL_Driver/Src/stm32g4xx_hal_rcc.c.obj
                0x0800434c                HAL_RCC_GetPCLK1Freq
 .text.HAL_RCC_GetPCLK2Freq
                0x08004370       0x24 CMakeFiles/RC_All_Round.elf.dir/Drivers/STM32G4xx_HAL_Driver/Src/stm32g4xx_hal_rcc.c.obj
                0x08004370                HAL_RCC_GetPCLK2Freq
 .text.HAL_RCC_GetClockConfig
                0x08004394       0x3c CMakeFiles/RC_All_Round.elf.dir/Drivers/STM32G4xx_HAL_Driver/Src/stm32g4xx_hal_rcc.c.obj
                0x08004394                HAL_RCC_GetClockConfig
 .text.HAL_RCCEx_PeriphCLKConfig
                0x080043d0      0x378 CMakeFiles/RC_All_Round.elf.dir/Drivers/STM32G4xx_HAL_Driver/Src/stm32g4xx_hal_rcc_ex.c.obj
                0x080043d0                HAL_RCCEx_PeriphCLKConfig
 .text.HAL_SPI_Init
                0x08004748       0xe8 CMakeFiles/RC_All_Round.elf.dir/Drivers/STM32G4xx_HAL_Driver/Src/stm32g4xx_hal_spi.c.obj
                0x08004748                HAL_SPI_Init
 .text.TIM_TI1_ConfigInputStage
                0x08004830       0x26 CMakeFiles/RC_All_Round.elf.dir/Drivers/STM32G4xx_HAL_Driver/Src/stm32g4xx_hal_tim.c.obj
 .text.TIM_TI2_ConfigInputStage
                0x08004856       0x28 CMakeFiles/RC_All_Round.elf.dir/Drivers/STM32G4xx_HAL_Driver/Src/stm32g4xx_hal_tim.c.obj
 .text.TIM_ITRx_SetConfig
                0x0800487e       0x14 CMakeFiles/RC_All_Round.elf.dir/Drivers/STM32G4xx_HAL_Driver/Src/stm32g4xx_hal_tim.c.obj
 *fill*         0x08004892        0x2 
 .text.HAL_TIM_Base_Start_IT
                0x08004894       0x94 CMakeFiles/RC_All_Round.elf.dir/Drivers/STM32G4xx_HAL_Driver/Src/stm32g4xx_hal_tim.c.obj
                0x08004894                HAL_TIM_Base_Start_IT
 .text.HAL_TIM_OC_DelayElapsedCallback
                0x08004928        0x2 CMakeFiles/RC_All_Round.elf.dir/Drivers/STM32G4xx_HAL_Driver/Src/stm32g4xx_hal_tim.c.obj
                0x08004928                HAL_TIM_OC_DelayElapsedCallback
 .text.HAL_TIM_IC_CaptureCallback
                0x0800492a        0x2 CMakeFiles/RC_All_Round.elf.dir/Drivers/STM32G4xx_HAL_Driver/Src/stm32g4xx_hal_tim.c.obj
                0x0800492a                HAL_TIM_IC_CaptureCallback
 .text.HAL_TIM_PWM_PulseFinishedCallback
                0x0800492c        0x2 CMakeFiles/RC_All_Round.elf.dir/Drivers/STM32G4xx_HAL_Driver/Src/stm32g4xx_hal_tim.c.obj
                0x0800492c                HAL_TIM_PWM_PulseFinishedCallback
 .text.HAL_TIM_TriggerCallback
                0x0800492e        0x2 CMakeFiles/RC_All_Round.elf.dir/Drivers/STM32G4xx_HAL_Driver/Src/stm32g4xx_hal_tim.c.obj
                0x0800492e                HAL_TIM_TriggerCallback
 .text.HAL_TIM_IRQHandler
                0x08004930      0x1ea CMakeFiles/RC_All_Round.elf.dir/Drivers/STM32G4xx_HAL_Driver/Src/stm32g4xx_hal_tim.c.obj
                0x08004930                HAL_TIM_IRQHandler
 *fill*         0x08004b1a        0x2 
 .text.TIM_Base_SetConfig
                0x08004b1c       0xf0 CMakeFiles/RC_All_Round.elf.dir/Drivers/STM32G4xx_HAL_Driver/Src/stm32g4xx_hal_tim.c.obj
                0x08004b1c                TIM_Base_SetConfig
 .text.HAL_TIM_Base_Init
                0x08004c0c       0x60 CMakeFiles/RC_All_Round.elf.dir/Drivers/STM32G4xx_HAL_Driver/Src/stm32g4xx_hal_tim.c.obj
                0x08004c0c                HAL_TIM_Base_Init
 .text.TIM_ETR_SetConfig
                0x08004c6c       0x1a CMakeFiles/RC_All_Round.elf.dir/Drivers/STM32G4xx_HAL_Driver/Src/stm32g4xx_hal_tim.c.obj
                0x08004c6c                TIM_ETR_SetConfig
 *fill*         0x08004c86        0x2 
 .text.HAL_TIM_ConfigClockSource
                0x08004c88      0x154 CMakeFiles/RC_All_Round.elf.dir/Drivers/STM32G4xx_HAL_Driver/Src/stm32g4xx_hal_tim.c.obj
                0x08004c88                HAL_TIM_ConfigClockSource
 .text.HAL_TIMEx_MasterConfigSynchronization
                0x08004ddc       0xac CMakeFiles/RC_All_Round.elf.dir/Drivers/STM32G4xx_HAL_Driver/Src/stm32g4xx_hal_tim_ex.c.obj
                0x08004ddc                HAL_TIMEx_MasterConfigSynchronization
 .text.HAL_TIMEx_CommutCallback
                0x08004e88        0x2 CMakeFiles/RC_All_Round.elf.dir/Drivers/STM32G4xx_HAL_Driver/Src/stm32g4xx_hal_tim_ex.c.obj
                0x08004e88                HAL_TIMEx_CommutCallback
 .text.HAL_TIMEx_BreakCallback
                0x08004e8a        0x2 CMakeFiles/RC_All_Round.elf.dir/Drivers/STM32G4xx_HAL_Driver/Src/stm32g4xx_hal_tim_ex.c.obj
                0x08004e8a                HAL_TIMEx_BreakCallback
 .text.HAL_TIMEx_Break2Callback
                0x08004e8c        0x2 CMakeFiles/RC_All_Round.elf.dir/Drivers/STM32G4xx_HAL_Driver/Src/stm32g4xx_hal_tim_ex.c.obj
                0x08004e8c                HAL_TIMEx_Break2Callback
 .text.HAL_TIMEx_EncoderIndexCallback
                0x08004e8e        0x2 CMakeFiles/RC_All_Round.elf.dir/Drivers/STM32G4xx_HAL_Driver/Src/stm32g4xx_hal_tim_ex.c.obj
                0x08004e8e                HAL_TIMEx_EncoderIndexCallback
 .text.HAL_TIMEx_DirectionChangeCallback
                0x08004e90        0x2 CMakeFiles/RC_All_Round.elf.dir/Drivers/STM32G4xx_HAL_Driver/Src/stm32g4xx_hal_tim_ex.c.obj
                0x08004e90                HAL_TIMEx_DirectionChangeCallback
 .text.HAL_TIMEx_IndexErrorCallback
                0x08004e92        0x2 CMakeFiles/RC_All_Round.elf.dir/Drivers/STM32G4xx_HAL_Driver/Src/stm32g4xx_hal_tim_ex.c.obj
                0x08004e92                HAL_TIMEx_IndexErrorCallback
 .text.HAL_TIMEx_TransitionErrorCallback
                0x08004e94        0x2 CMakeFiles/RC_All_Round.elf.dir/Drivers/STM32G4xx_HAL_Driver/Src/stm32g4xx_hal_tim_ex.c.obj
                0x08004e94                HAL_TIMEx_TransitionErrorCallback
 .text.UART_EndTxTransfer
                0x08004e96       0x32 CMakeFiles/RC_All_Round.elf.dir/Drivers/STM32G4xx_HAL_Driver/Src/stm32g4xx_hal_uart.c.obj
 .text.UART_EndRxTransfer
                0x08004ec8       0x56 CMakeFiles/RC_All_Round.elf.dir/Drivers/STM32G4xx_HAL_Driver/Src/stm32g4xx_hal_uart.c.obj
 *fill*         0x08004f1e        0x2 
 .text.HAL_UART_Transmit_DMA
                0x08004f20       0xa0 CMakeFiles/RC_All_Round.elf.dir/Drivers/STM32G4xx_HAL_Driver/Src/stm32g4xx_hal_uart.c.obj
                0x08004f20                HAL_UART_Transmit_DMA
 .text.HAL_UART_DMAStop
                0x08004fc0       0xb2 CMakeFiles/RC_All_Round.elf.dir/Drivers/STM32G4xx_HAL_Driver/Src/stm32g4xx_hal_uart.c.obj
                0x08004fc0                HAL_UART_DMAStop
 .text.HAL_UART_TxCpltCallback
                0x08005072        0x2 CMakeFiles/RC_All_Round.elf.dir/Drivers/STM32G4xx_HAL_Driver/Src/stm32g4xx_hal_uart.c.obj
                0x08005072                HAL_UART_TxCpltCallback
 .text.UART_DMATransmitCplt
                0x08005074       0x48 CMakeFiles/RC_All_Round.elf.dir/Drivers/STM32G4xx_HAL_Driver/Src/stm32g4xx_hal_uart.c.obj
 .text.UART_EndTransmit_IT
                0x080050bc       0x24 CMakeFiles/RC_All_Round.elf.dir/Drivers/STM32G4xx_HAL_Driver/Src/stm32g4xx_hal_uart.c.obj
 .text.HAL_UART_TxHalfCpltCallback
                0x080050e0        0x2 CMakeFiles/RC_All_Round.elf.dir/Drivers/STM32G4xx_HAL_Driver/Src/stm32g4xx_hal_uart.c.obj
                0x080050e0                HAL_UART_TxHalfCpltCallback
 .text.UART_DMATxHalfCplt
                0x080050e2        0xa CMakeFiles/RC_All_Round.elf.dir/Drivers/STM32G4xx_HAL_Driver/Src/stm32g4xx_hal_uart.c.obj
 .text.HAL_UART_RxHalfCpltCallback
                0x080050ec        0x2 CMakeFiles/RC_All_Round.elf.dir/Drivers/STM32G4xx_HAL_Driver/Src/stm32g4xx_hal_uart.c.obj
                0x080050ec                HAL_UART_RxHalfCpltCallback
 .text.HAL_UART_ErrorCallback
                0x080050ee        0x2 CMakeFiles/RC_All_Round.elf.dir/Drivers/STM32G4xx_HAL_Driver/Src/stm32g4xx_hal_uart.c.obj
                0x080050ee                HAL_UART_ErrorCallback
 .text.UART_DMAError
                0x080050f0       0x58 CMakeFiles/RC_All_Round.elf.dir/Drivers/STM32G4xx_HAL_Driver/Src/stm32g4xx_hal_uart.c.obj
 .text.UART_DMAAbortOnError
                0x08005148       0x10 CMakeFiles/RC_All_Round.elf.dir/Drivers/STM32G4xx_HAL_Driver/Src/stm32g4xx_hal_uart.c.obj
 .text.HAL_UARTEx_RxEventCallback
                0x08005158        0x2 CMakeFiles/RC_All_Round.elf.dir/Drivers/STM32G4xx_HAL_Driver/Src/stm32g4xx_hal_uart.c.obj
                0x08005158                HAL_UARTEx_RxEventCallback
 *fill*         0x0800515a        0x2 
 .text.HAL_UART_IRQHandler
                0x0800515c      0x364 CMakeFiles/RC_All_Round.elf.dir/Drivers/STM32G4xx_HAL_Driver/Src/stm32g4xx_hal_uart.c.obj
                0x0800515c                HAL_UART_IRQHandler
 .text.UART_RxISR_8BIT
                0x080054c0       0xdc CMakeFiles/RC_All_Round.elf.dir/Drivers/STM32G4xx_HAL_Driver/Src/stm32g4xx_hal_uart.c.obj
 .text.UART_RxISR_16BIT
                0x0800559c       0xd8 CMakeFiles/RC_All_Round.elf.dir/Drivers/STM32G4xx_HAL_Driver/Src/stm32g4xx_hal_uart.c.obj
 .text.UART_RxISR_8BIT_FIFOEN
                0x08005674      0x1c8 CMakeFiles/RC_All_Round.elf.dir/Drivers/STM32G4xx_HAL_Driver/Src/stm32g4xx_hal_uart.c.obj
 .text.UART_RxISR_16BIT_FIFOEN
                0x0800583c      0x1c8 CMakeFiles/RC_All_Round.elf.dir/Drivers/STM32G4xx_HAL_Driver/Src/stm32g4xx_hal_uart.c.obj
 .text.UART_DMARxHalfCplt
                0x08005a04       0x20 CMakeFiles/RC_All_Round.elf.dir/Drivers/STM32G4xx_HAL_Driver/Src/stm32g4xx_hal_uart.c.obj
 .text.UART_DMAReceiveCplt
                0x08005a24       0x92 CMakeFiles/RC_All_Round.elf.dir/Drivers/STM32G4xx_HAL_Driver/Src/stm32g4xx_hal_uart.c.obj
 *fill*         0x08005ab6        0x2 
 .text.UART_SetConfig
                0x08005ab8      0x388 CMakeFiles/RC_All_Round.elf.dir/Drivers/STM32G4xx_HAL_Driver/Src/stm32g4xx_hal_uart.c.obj
                0x08005ab8                UART_SetConfig
 .text.UART_AdvFeatureConfig
                0x08005e40       0xca CMakeFiles/RC_All_Round.elf.dir/Drivers/STM32G4xx_HAL_Driver/Src/stm32g4xx_hal_uart.c.obj
                0x08005e40                UART_AdvFeatureConfig
 .text.UART_WaitOnFlagUntilTimeout
                0x08005f0a       0xa2 CMakeFiles/RC_All_Round.elf.dir/Drivers/STM32G4xx_HAL_Driver/Src/stm32g4xx_hal_uart.c.obj
                0x08005f0a                UART_WaitOnFlagUntilTimeout
 .text.HAL_UART_Transmit
                0x08005fac       0xd2 CMakeFiles/RC_All_Round.elf.dir/Drivers/STM32G4xx_HAL_Driver/Src/stm32g4xx_hal_uart.c.obj
                0x08005fac                HAL_UART_Transmit
 .text.HAL_UART_Receive
                0x0800607e      0x118 CMakeFiles/RC_All_Round.elf.dir/Drivers/STM32G4xx_HAL_Driver/Src/stm32g4xx_hal_uart.c.obj
                0x0800607e                HAL_UART_Receive
 .text.UART_CheckIdleState
                0x08006196       0xca CMakeFiles/RC_All_Round.elf.dir/Drivers/STM32G4xx_HAL_Driver/Src/stm32g4xx_hal_uart.c.obj
                0x08006196                UART_CheckIdleState
 .text.HAL_UART_Init
                0x08006260       0x66 CMakeFiles/RC_All_Round.elf.dir/Drivers/STM32G4xx_HAL_Driver/Src/stm32g4xx_hal_uart.c.obj
                0x08006260                HAL_UART_Init
 *fill*         0x080062c6        0x2 
 .text.UART_Start_Receive_IT
                0x080062c8      0x13c CMakeFiles/RC_All_Round.elf.dir/Drivers/STM32G4xx_HAL_Driver/Src/stm32g4xx_hal_uart.c.obj
                0x080062c8                UART_Start_Receive_IT
 .text.HAL_UART_Receive_IT
                0x08006404       0x4c CMakeFiles/RC_All_Round.elf.dir/Drivers/STM32G4xx_HAL_Driver/Src/stm32g4xx_hal_uart.c.obj
                0x08006404                HAL_UART_Receive_IT
 .text.UART_Start_Receive_DMA
                0x08006450       0xb0 CMakeFiles/RC_All_Round.elf.dir/Drivers/STM32G4xx_HAL_Driver/Src/stm32g4xx_hal_uart.c.obj
                0x08006450                UART_Start_Receive_DMA
 .text.HAL_UART_Receive_DMA
                0x08006500       0x4c CMakeFiles/RC_All_Round.elf.dir/Drivers/STM32G4xx_HAL_Driver/Src/stm32g4xx_hal_uart.c.obj
                0x08006500                HAL_UART_Receive_DMA
 .text.UARTEx_SetNbDataToProcess
                0x0800654c       0x4c CMakeFiles/RC_All_Round.elf.dir/Drivers/STM32G4xx_HAL_Driver/Src/stm32g4xx_hal_uart_ex.c.obj
 .text.HAL_UARTEx_WakeupCallback
                0x08006598        0x2 CMakeFiles/RC_All_Round.elf.dir/Drivers/STM32G4xx_HAL_Driver/Src/stm32g4xx_hal_uart_ex.c.obj
                0x08006598                HAL_UARTEx_WakeupCallback
 .text.HAL_UARTEx_RxFifoFullCallback
                0x0800659a        0x2 CMakeFiles/RC_All_Round.elf.dir/Drivers/STM32G4xx_HAL_Driver/Src/stm32g4xx_hal_uart_ex.c.obj
                0x0800659a                HAL_UARTEx_RxFifoFullCallback
 .text.HAL_UARTEx_TxFifoEmptyCallback
                0x0800659c        0x2 CMakeFiles/RC_All_Round.elf.dir/Drivers/STM32G4xx_HAL_Driver/Src/stm32g4xx_hal_uart_ex.c.obj
                0x0800659c                HAL_UARTEx_TxFifoEmptyCallback
 .text.HAL_UARTEx_DisableFifoMode
                0x0800659e       0x3e CMakeFiles/RC_All_Round.elf.dir/Drivers/STM32G4xx_HAL_Driver/Src/stm32g4xx_hal_uart_ex.c.obj
                0x0800659e                HAL_UARTEx_DisableFifoMode
 .text.HAL_UARTEx_SetTxFifoThreshold
                0x080065dc       0x4a CMakeFiles/RC_All_Round.elf.dir/Drivers/STM32G4xx_HAL_Driver/Src/stm32g4xx_hal_uart_ex.c.obj
                0x080065dc                HAL_UARTEx_SetTxFifoThreshold
 .text.HAL_UARTEx_SetRxFifoThreshold
                0x08006626       0x4a CMakeFiles/RC_All_Round.elf.dir/Drivers/STM32G4xx_HAL_Driver/Src/stm32g4xx_hal_uart_ex.c.obj
                0x08006626                HAL_UARTEx_SetRxFifoThreshold
 .text.SysTick_Handler
                0x08006670       0x18 CMakeFiles/RC_All_Round.elf.dir/Middlewares/Third_Party/FreeRTOS/Source/CMSIS_RTOS_V2/cmsis_os2.c.obj
                0x08006670                SysTick_Handler
 .text.osKernelInitialize
                0x08006688       0x24 CMakeFiles/RC_All_Round.elf.dir/Middlewares/Third_Party/FreeRTOS/Source/CMSIS_RTOS_V2/cmsis_os2.c.obj
                0x08006688                osKernelInitialize
 .text.osKernelStart
                0x080066ac       0x38 CMakeFiles/RC_All_Round.elf.dir/Middlewares/Third_Party/FreeRTOS/Source/CMSIS_RTOS_V2/cmsis_os2.c.obj
                0x080066ac                osKernelStart
 .text.osThreadNew
                0x080066e4       0xbe CMakeFiles/RC_All_Round.elf.dir/Middlewares/Third_Party/FreeRTOS/Source/CMSIS_RTOS_V2/cmsis_os2.c.obj
                0x080066e4                osThreadNew
 .text.osDelay  0x080067a2       0x1c CMakeFiles/RC_All_Round.elf.dir/Middlewares/Third_Party/FreeRTOS/Source/CMSIS_RTOS_V2/cmsis_os2.c.obj
                0x080067a2                osDelay
 *fill*         0x080067be        0x2 
 .text.vApplicationGetIdleTaskMemory
                0x080067c0       0x18 CMakeFiles/RC_All_Round.elf.dir/Middlewares/Third_Party/FreeRTOS/Source/CMSIS_RTOS_V2/cmsis_os2.c.obj
                0x080067c0                vApplicationGetIdleTaskMemory
 .text.vApplicationGetTimerTaskMemory
                0x080067d8       0x18 CMakeFiles/RC_All_Round.elf.dir/Middlewares/Third_Party/FreeRTOS/Source/CMSIS_RTOS_V2/cmsis_os2.c.obj
                0x080067d8                vApplicationGetTimerTaskMemory
 .text.vListInitialise
                0x080067f0       0x16 CMakeFiles/RC_All_Round.elf.dir/Middlewares/Third_Party/FreeRTOS/Source/list.c.obj
                0x080067f0                vListInitialise
 .text.vListInitialiseItem
                0x08006806        0x6 CMakeFiles/RC_All_Round.elf.dir/Middlewares/Third_Party/FreeRTOS/Source/list.c.obj
                0x08006806                vListInitialiseItem
 .text.vListInsertEnd
                0x0800680c       0x16 CMakeFiles/RC_All_Round.elf.dir/Middlewares/Third_Party/FreeRTOS/Source/list.c.obj
                0x0800680c                vListInsertEnd
 .text.vListInsert
                0x08006822       0x32 CMakeFiles/RC_All_Round.elf.dir/Middlewares/Third_Party/FreeRTOS/Source/list.c.obj
                0x08006822                vListInsert
 .text.uxListRemove
                0x08006854       0x26 CMakeFiles/RC_All_Round.elf.dir/Middlewares/Third_Party/FreeRTOS/Source/list.c.obj
                0x08006854                uxListRemove
 *fill*         0x0800687a        0x2 
 .text.prvTaskExitError
                0x0800687c       0x40 CMakeFiles/RC_All_Round.elf.dir/Middlewares/Third_Party/FreeRTOS/Source/portable/GCC/ARM_CM4F/port.c.obj
 .text.prvPortStartFirstTask
                0x080068bc       0x28 CMakeFiles/RC_All_Round.elf.dir/Middlewares/Third_Party/FreeRTOS/Source/portable/GCC/ARM_CM4F/port.c.obj
 .text.vPortEnableVFP
                0x080068e4       0x14 CMakeFiles/RC_All_Round.elf.dir/Middlewares/Third_Party/FreeRTOS/Source/portable/GCC/ARM_CM4F/port.c.obj
 .text.pxPortInitialiseStack
                0x080068f8       0x2c CMakeFiles/RC_All_Round.elf.dir/Middlewares/Third_Party/FreeRTOS/Source/portable/GCC/ARM_CM4F/port.c.obj
                0x080068f8                pxPortInitialiseStack
 *fill*         0x08006924        0xc 
 .text.SVC_Handler
                0x08006930       0x24 CMakeFiles/RC_All_Round.elf.dir/Middlewares/Third_Party/FreeRTOS/Source/portable/GCC/ARM_CM4F/port.c.obj
                0x08006930                SVC_Handler
 .text.vPortEnterCritical
                0x08006954       0x44 CMakeFiles/RC_All_Round.elf.dir/Middlewares/Third_Party/FreeRTOS/Source/portable/GCC/ARM_CM4F/port.c.obj
                0x08006954                vPortEnterCritical
 .text.vPortExitCritical
                0x08006998       0x2c CMakeFiles/RC_All_Round.elf.dir/Middlewares/Third_Party/FreeRTOS/Source/portable/GCC/ARM_CM4F/port.c.obj
                0x08006998                vPortExitCritical
 *fill*         0x080069c4        0xc 
 .text.PendSV_Handler
                0x080069d0       0x64 CMakeFiles/RC_All_Round.elf.dir/Middlewares/Third_Party/FreeRTOS/Source/portable/GCC/ARM_CM4F/port.c.obj
                0x080069d0                PendSV_Handler
 .text.xPortSysTickHandler
                0x08006a34       0x2c CMakeFiles/RC_All_Round.elf.dir/Middlewares/Third_Party/FreeRTOS/Source/portable/GCC/ARM_CM4F/port.c.obj
                0x08006a34                xPortSysTickHandler
 .text.vPortSetupTimerInterrupt
                0x08006a60       0x28 CMakeFiles/RC_All_Round.elf.dir/Middlewares/Third_Party/FreeRTOS/Source/portable/GCC/ARM_CM4F/port.c.obj
                0x08006a60                vPortSetupTimerInterrupt
 .text.xPortStartScheduler
                0x08006a88      0x118 CMakeFiles/RC_All_Round.elf.dir/Middlewares/Third_Party/FreeRTOS/Source/portable/GCC/ARM_CM4F/port.c.obj
                0x08006a88                xPortStartScheduler
 .text.vPortValidateInterruptPriority
                0x08006ba0       0x5c CMakeFiles/RC_All_Round.elf.dir/Middlewares/Third_Party/FreeRTOS/Source/portable/GCC/ARM_CM4F/port.c.obj
                0x08006ba0                vPortValidateInterruptPriority
 .text.prvHeapInit
                0x08006bfc       0x68 CMakeFiles/RC_All_Round.elf.dir/Middlewares/Third_Party/FreeRTOS/Source/portable/MemMang/heap_4.c.obj
 .text.prvInsertBlockIntoFreeList
                0x08006c64       0x64 CMakeFiles/RC_All_Round.elf.dir/Middlewares/Third_Party/FreeRTOS/Source/portable/MemMang/heap_4.c.obj
 .text.pvPortMalloc
                0x08006cc8       0xfc CMakeFiles/RC_All_Round.elf.dir/Middlewares/Third_Party/FreeRTOS/Source/portable/MemMang/heap_4.c.obj
                0x08006cc8                pvPortMalloc
 .text.vPortFree
                0x08006dc4       0x7c CMakeFiles/RC_All_Round.elf.dir/Middlewares/Third_Party/FreeRTOS/Source/portable/MemMang/heap_4.c.obj
                0x08006dc4                vPortFree
 .text.prvIsQueueFull
                0x08006e40       0x1e CMakeFiles/RC_All_Round.elf.dir/Middlewares/Third_Party/FreeRTOS/Source/queue.c.obj
 .text.prvIsQueueEmpty
                0x08006e5e       0x1a CMakeFiles/RC_All_Round.elf.dir/Middlewares/Third_Party/FreeRTOS/Source/queue.c.obj
 .text.prvCopyDataToQueue
                0x08006e78       0x76 CMakeFiles/RC_All_Round.elf.dir/Middlewares/Third_Party/FreeRTOS/Source/queue.c.obj
 .text.prvCopyDataFromQueue
                0x08006eee       0x24 CMakeFiles/RC_All_Round.elf.dir/Middlewares/Third_Party/FreeRTOS/Source/queue.c.obj
 .text.prvUnlockQueue
                0x08006f12       0x6e CMakeFiles/RC_All_Round.elf.dir/Middlewares/Third_Party/FreeRTOS/Source/queue.c.obj
 .text.xQueueGenericReset
                0x08006f80       0x84 CMakeFiles/RC_All_Round.elf.dir/Middlewares/Third_Party/FreeRTOS/Source/queue.c.obj
                0x08006f80                xQueueGenericReset
 .text.prvInitialiseNewQueue
                0x08007004       0x22 CMakeFiles/RC_All_Round.elf.dir/Middlewares/Third_Party/FreeRTOS/Source/queue.c.obj
 .text.xQueueGenericCreateStatic
                0x08007026       0x94 CMakeFiles/RC_All_Round.elf.dir/Middlewares/Third_Party/FreeRTOS/Source/queue.c.obj
                0x08007026                xQueueGenericCreateStatic
 .text.xQueueGenericCreate
                0x080070ba       0x48 CMakeFiles/RC_All_Round.elf.dir/Middlewares/Third_Party/FreeRTOS/Source/queue.c.obj
                0x080070ba                xQueueGenericCreate
 .text.xQueueGenericSend
                0x08007102      0x188 CMakeFiles/RC_All_Round.elf.dir/Middlewares/Third_Party/FreeRTOS/Source/queue.c.obj
                0x08007102                xQueueGenericSend
 .text.xQueueGenericSendFromISR
                0x0800728a       0xce CMakeFiles/RC_All_Round.elf.dir/Middlewares/Third_Party/FreeRTOS/Source/queue.c.obj
                0x0800728a                xQueueGenericSendFromISR
 .text.xQueueReceive
                0x08007358      0x15e CMakeFiles/RC_All_Round.elf.dir/Middlewares/Third_Party/FreeRTOS/Source/queue.c.obj
                0x08007358                xQueueReceive
 *fill*         0x080074b6        0x2 
 .text.vQueueAddToRegistry
                0x080074b8       0x28 CMakeFiles/RC_All_Round.elf.dir/Middlewares/Third_Party/FreeRTOS/Source/queue.c.obj
                0x080074b8                vQueueAddToRegistry
 .text.vQueueWaitForMessageRestricted
                0x080074e0       0x52 CMakeFiles/RC_All_Round.elf.dir/Middlewares/Third_Party/FreeRTOS/Source/queue.c.obj
                0x080074e0                vQueueWaitForMessageRestricted
 *fill*         0x08007532        0x2 
 .text.prvResetNextTaskUnblockTime
                0x08007534       0x2c CMakeFiles/RC_All_Round.elf.dir/Middlewares/Third_Party/FreeRTOS/Source/tasks.c.obj
 .text.prvInitialiseNewTask
                0x08007560      0x106 CMakeFiles/RC_All_Round.elf.dir/Middlewares/Third_Party/FreeRTOS/Source/tasks.c.obj
 *fill*         0x08007666        0x2 
 .text.prvInitialiseTaskLists
                0x08007668       0x68 CMakeFiles/RC_All_Round.elf.dir/Middlewares/Third_Party/FreeRTOS/Source/tasks.c.obj
 .text.prvAddNewTaskToReadyList
                0x080076d0       0xac CMakeFiles/RC_All_Round.elf.dir/Middlewares/Third_Party/FreeRTOS/Source/tasks.c.obj
 .text.prvDeleteTCB
                0x0800777c       0x40 CMakeFiles/RC_All_Round.elf.dir/Middlewares/Third_Party/FreeRTOS/Source/tasks.c.obj
 .text.prvCheckTasksWaitingTermination
                0x080077bc       0x4c CMakeFiles/RC_All_Round.elf.dir/Middlewares/Third_Party/FreeRTOS/Source/tasks.c.obj
 .text.prvIdleTask
                0x08007808       0x28 CMakeFiles/RC_All_Round.elf.dir/Middlewares/Third_Party/FreeRTOS/Source/tasks.c.obj
 .text.prvAddCurrentTaskToDelayedList
                0x08007830       0x7c CMakeFiles/RC_All_Round.elf.dir/Middlewares/Third_Party/FreeRTOS/Source/tasks.c.obj
 .text.xTaskCreateStatic
                0x080078ac       0x7a CMakeFiles/RC_All_Round.elf.dir/Middlewares/Third_Party/FreeRTOS/Source/tasks.c.obj
                0x080078ac                xTaskCreateStatic
 .text.xTaskCreate
                0x08007926       0x6a CMakeFiles/RC_All_Round.elf.dir/Middlewares/Third_Party/FreeRTOS/Source/tasks.c.obj
                0x08007926                xTaskCreate
 .text.vTaskStartScheduler
                0x08007990       0xac CMakeFiles/RC_All_Round.elf.dir/Middlewares/Third_Party/FreeRTOS/Source/tasks.c.obj
                0x08007990                vTaskStartScheduler
 .text.vTaskSuspendAll
                0x08007a3c       0x10 CMakeFiles/RC_All_Round.elf.dir/Middlewares/Third_Party/FreeRTOS/Source/tasks.c.obj
                0x08007a3c                vTaskSuspendAll
 .text.xTaskGetTickCount
                0x08007a4c        0xc CMakeFiles/RC_All_Round.elf.dir/Middlewares/Third_Party/FreeRTOS/Source/tasks.c.obj
                0x08007a4c                xTaskGetTickCount
 .text.xTaskIncrementTick
                0x08007a58      0x118 CMakeFiles/RC_All_Round.elf.dir/Middlewares/Third_Party/FreeRTOS/Source/tasks.c.obj
                0x08007a58                xTaskIncrementTick
 .text.xTaskResumeAll
                0x08007b70       0xf8 CMakeFiles/RC_All_Round.elf.dir/Middlewares/Third_Party/FreeRTOS/Source/tasks.c.obj
                0x08007b70                xTaskResumeAll
 .text.vTaskDelayUntil
                0x08007c68       0xa4 CMakeFiles/RC_All_Round.elf.dir/Middlewares/Third_Party/FreeRTOS/Source/tasks.c.obj
                0x08007c68                vTaskDelayUntil
 .text.vTaskDelay
                0x08007d0c       0x4c CMakeFiles/RC_All_Round.elf.dir/Middlewares/Third_Party/FreeRTOS/Source/tasks.c.obj
                0x08007d0c                vTaskDelay
 .text.vTaskSwitchContext
                0x08007d58       0xa0 CMakeFiles/RC_All_Round.elf.dir/Middlewares/Third_Party/FreeRTOS/Source/tasks.c.obj
                0x08007d58                vTaskSwitchContext
 .text.vTaskPlaceOnEventList
                0x08007df8       0x30 CMakeFiles/RC_All_Round.elf.dir/Middlewares/Third_Party/FreeRTOS/Source/tasks.c.obj
                0x08007df8                vTaskPlaceOnEventList
 .text.vTaskPlaceOnEventListRestricted
                0x08007e28       0x38 CMakeFiles/RC_All_Round.elf.dir/Middlewares/Third_Party/FreeRTOS/Source/tasks.c.obj
                0x08007e28                vTaskPlaceOnEventListRestricted
 .text.xTaskRemoveFromEventList
                0x08007e60       0x8c CMakeFiles/RC_All_Round.elf.dir/Middlewares/Third_Party/FreeRTOS/Source/tasks.c.obj
                0x08007e60                xTaskRemoveFromEventList
 .text.vTaskInternalSetTimeOutState
                0x08007eec       0x18 CMakeFiles/RC_All_Round.elf.dir/Middlewares/Third_Party/FreeRTOS/Source/tasks.c.obj
                0x08007eec                vTaskInternalSetTimeOutState
 .text.xTaskCheckForTimeOut
                0x08007f04       0x84 CMakeFiles/RC_All_Round.elf.dir/Middlewares/Third_Party/FreeRTOS/Source/tasks.c.obj
                0x08007f04                xTaskCheckForTimeOut
 .text.vTaskMissedYield
                0x08007f88        0xc CMakeFiles/RC_All_Round.elf.dir/Middlewares/Third_Party/FreeRTOS/Source/tasks.c.obj
                0x08007f88                vTaskMissedYield
 .text.xTaskGetSchedulerState
                0x08007f94       0x20 CMakeFiles/RC_All_Round.elf.dir/Middlewares/Third_Party/FreeRTOS/Source/tasks.c.obj
                0x08007f94                xTaskGetSchedulerState
 .text.xTaskPriorityDisinherit
                0x08007fb4       0x90 CMakeFiles/RC_All_Round.elf.dir/Middlewares/Third_Party/FreeRTOS/Source/tasks.c.obj
                0x08007fb4                xTaskPriorityDisinherit
 .text.prvGetNextExpireTime
                0x08008044       0x20 CMakeFiles/RC_All_Round.elf.dir/Middlewares/Third_Party/FreeRTOS/Source/timers.c.obj
 .text.prvInsertTimerInActiveList
                0x08008064       0x48 CMakeFiles/RC_All_Round.elf.dir/Middlewares/Third_Party/FreeRTOS/Source/timers.c.obj
 .text.prvCheckForValidListAndQueue
                0x080080ac       0x70 CMakeFiles/RC_All_Round.elf.dir/Middlewares/Third_Party/FreeRTOS/Source/timers.c.obj
 .text.xTimerCreateTimerTask
                0x0800811c       0x64 CMakeFiles/RC_All_Round.elf.dir/Middlewares/Third_Party/FreeRTOS/Source/timers.c.obj
                0x0800811c                xTimerCreateTimerTask
 .text.xTimerGenericCommand
                0x08008180       0x6c CMakeFiles/RC_All_Round.elf.dir/Middlewares/Third_Party/FreeRTOS/Source/timers.c.obj
                0x08008180                xTimerGenericCommand
 .text.prvSwitchTimerLists
                0x080081ec       0x7c CMakeFiles/RC_All_Round.elf.dir/Middlewares/Third_Party/FreeRTOS/Source/timers.c.obj
 .text.prvSampleTimeNow
                0x08008268       0x2c CMakeFiles/RC_All_Round.elf.dir/Middlewares/Third_Party/FreeRTOS/Source/timers.c.obj
 .text.prvProcessExpiredTimer
                0x08008294       0x6c CMakeFiles/RC_All_Round.elf.dir/Middlewares/Third_Party/FreeRTOS/Source/timers.c.obj
 .text.prvProcessTimerOrBlockTask
                0x08008300       0x74 CMakeFiles/RC_All_Round.elf.dir/Middlewares/Third_Party/FreeRTOS/Source/timers.c.obj
 .text.prvProcessReceivedCommands
                0x08008374      0x10c CMakeFiles/RC_All_Round.elf.dir/Middlewares/Third_Party/FreeRTOS/Source/timers.c.obj
 .text.prvTimerTask
                0x08008480       0x16 CMakeFiles/RC_All_Round.elf.dir/Middlewares/Third_Party/FreeRTOS/Source/timers.c.obj
 *fill*         0x08008496        0x2 
 .text.HAL_UART_RxCpltCallback
                0x08008498       0x90 CMakeFiles/RC_All_Round.elf.dir/User/IRQ.c.obj
                0x08008498                HAL_UART_RxCpltCallback
 .text.HAL_TIM_PeriodElapsedCallback
                0x08008528      0x24c CMakeFiles/RC_All_Round.elf.dir/User/IRQ.c.obj
                0x08008528                HAL_TIM_PeriodElapsedCallback
 .text.HAL_FDCAN_RxFifo0Callback
                0x08008774       0xfc CMakeFiles/RC_All_Round.elf.dir/User/IRQ.c.obj
                0x08008774                HAL_FDCAN_RxFifo0Callback
 .text.HAL_FDCAN_RxFifo1Callback
                0x08008870       0x24 CMakeFiles/RC_All_Round.elf.dir/User/IRQ.c.obj
                0x08008870                HAL_FDCAN_RxFifo1Callback
 .text.my_Init  0x08008894       0xd4 CMakeFiles/RC_All_Round.elf.dir/User/Init.c.obj
                0x08008894                my_Init
 .text.usart_printf
                0x08008968       0x38 CMakeFiles/RC_All_Round.elf.dir/User/debug.c.obj
                0x08008968                usart_printf
 .text.Set_Target_UartInit
                0x080089a0       0x3c CMakeFiles/RC_All_Round.elf.dir/User/debug.c.obj
                0x080089a0                Set_Target_UartInit
 .text.Set_Target_UartIdleCallback
                0x080089dc       0x30 CMakeFiles/RC_All_Round.elf.dir/User/debug.c.obj
                0x080089dc                Set_Target_UartIdleCallback
 *fill*         0x08008a0c        0x4 
 .text.Set_Target_UartIdleCallback_radar
                0x08008a10      0x138 CMakeFiles/RC_All_Round.elf.dir/User/debug.c.obj
                0x08008a10                Set_Target_UartIdleCallback_radar
 .text.Set_Target_UartIrqHandler
                0x08008b48       0x48 CMakeFiles/RC_All_Round.elf.dir/User/debug.c.obj
                0x08008b48                Set_Target_UartIrqHandler
 .text.initializeFilter
                0x08008b90        0xa CMakeFiles/RC_All_Round.elf.dir/User/filter.c.obj
                0x08008b90                initializeFilter
 *fill*         0x08008b9a        0x2 
 .text.filterValue
                0x08008b9c       0x6c CMakeFiles/RC_All_Round.elf.dir/User/filter.c.obj
                0x08008b9c                filterValue
 .text.locater_data_rec
                0x08008c08       0xe0 CMakeFiles/RC_All_Round.elf.dir/User/locater.c.obj
                0x08008c08                locater_data_rec
 .text.RaDar_Data_Cal
                0x08008ce8      0x118 CMakeFiles/RC_All_Round.elf.dir/User/radar.c.obj
                0x08008ce8                RaDar_Data_Cal
 .text.RetargetInit
                0x08008e00       0x20 CMakeFiles/RC_All_Round.elf.dir/User/retarget.c.obj
                0x08008e00                RetargetInit
 .text._isatty  0x08008e20       0x16 CMakeFiles/RC_All_Round.elf.dir/User/retarget.c.obj
                0x08008e20                _isatty
 *fill*         0x08008e36        0x2 
 .text._write   0x08008e38       0x34 CMakeFiles/RC_All_Round.elf.dir/User/retarget.c.obj
                0x08008e38                _write
 .text._close   0x08008e6c       0x18 CMakeFiles/RC_All_Round.elf.dir/User/retarget.c.obj
                0x08008e6c                _close
 .text._lseek   0x08008e84       0x10 CMakeFiles/RC_All_Round.elf.dir/User/retarget.c.obj
                0x08008e84                _lseek
 .text._read    0x08008e94       0x30 CMakeFiles/RC_All_Round.elf.dir/User/retarget.c.obj
                0x08008e94                _read
 .text._fstat   0x08008ec4       0x1a CMakeFiles/RC_All_Round.elf.dir/User/retarget.c.obj
                0x08008ec4                _fstat
 *fill*         0x08008ede        0x2 
 .text.RunPoint_straight
                0x08008ee0       0xc4 CMakeFiles/RC_All_Round.elf.dir/User/robo.c.obj
                0x08008ee0                RunPoint_straight
 .text.__errno  0x08008fa4        0xc c:/progra~2/gnuarm~1/102021~1.10/bin/../lib/gcc/arm-none-eabi/10.3.1/../../../../arm-none-eabi/lib/thumb/v7e-m+fp/hard\libg.a(lib_a-errno.o)
                0x08008fa4                __errno
 .text.__libc_init_array
                0x08008fb0       0x48 c:/progra~2/gnuarm~1/102021~1.10/bin/../lib/gcc/arm-none-eabi/10.3.1/../../../../arm-none-eabi/lib/thumb/v7e-m+fp/hard\libg.a(lib_a-init.o)
                0x08008fb0                __libc_init_array
 .text.memset   0x08008ff8       0xa4 c:/progra~2/gnuarm~1/102021~1.10/bin/../lib/gcc/arm-none-eabi/10.3.1/../../../../arm-none-eabi/lib/thumb/v7e-m+fp/hard\libg.a(lib_a-memset.o)
                0x08008ff8                memset
 .text.printf   0x0800909c       0x28 c:/progra~2/gnuarm~1/102021~1.10/bin/../lib/gcc/arm-none-eabi/10.3.1/../../../../arm-none-eabi/lib/thumb/v7e-m+fp/hard\libg.a(lib_a-printf.o)
                0x0800909c                printf
 .text._puts_r  0x080090c4       0x9c c:/progra~2/gnuarm~1/102021~1.10/bin/../lib/gcc/arm-none-eabi/10.3.1/../../../../arm-none-eabi/lib/thumb/v7e-m+fp/hard\libg.a(lib_a-puts.o)
                0x080090c4                _puts_r
 .text.puts     0x08009160       0x10 c:/progra~2/gnuarm~1/102021~1.10/bin/../lib/gcc/arm-none-eabi/10.3.1/../../../../arm-none-eabi/lib/thumb/v7e-m+fp/hard\libg.a(lib_a-puts.o)
                0x08009160                puts
 .text.cleanup_glue
                0x08009170       0x48 c:/progra~2/gnuarm~1/102021~1.10/bin/../lib/gcc/arm-none-eabi/10.3.1/../../../../arm-none-eabi/lib/thumb/v7e-m+fp/hard\libg.a(lib_a-reent.o)
                0x08009170                cleanup_glue
 .text._reclaim_reent
                0x080091b8       0x90 c:/progra~2/gnuarm~1/102021~1.10/bin/../lib/gcc/arm-none-eabi/10.3.1/../../../../arm-none-eabi/lib/thumb/v7e-m+fp/hard\libg.a(lib_a-reent.o)
                0x080091b8                _reclaim_reent
 .text.setvbuf  0x08009248      0x1b0 c:/progra~2/gnuarm~1/102021~1.10/bin/../lib/gcc/arm-none-eabi/10.3.1/../../../../arm-none-eabi/lib/thumb/v7e-m+fp/hard\libg.a(lib_a-setvbuf.o)
                0x08009248                setvbuf
 .text._strtod_l
                0x080093f8      0xf50 c:/progra~2/gnuarm~1/102021~1.10/bin/../lib/gcc/arm-none-eabi/10.3.1/../../../../arm-none-eabi/lib/thumb/v7e-m+fp/hard\libg.a(lib_a-strtod.o)
                0x080093f8                _strtod_l
 .text.strtof   0x0800a348       0xb8 c:/progra~2/gnuarm~1/102021~1.10/bin/../lib/gcc/arm-none-eabi/10.3.1/../../../../arm-none-eabi/lib/thumb/v7e-m+fp/hard\libg.a(lib_a-strtod.o)
                0x0800a348                strtof
 .text._vfprintf_r
                0x0800a400     0x1b90 c:/progra~2/gnuarm~1/102021~1.10/bin/../lib/gcc/arm-none-eabi/10.3.1/../../../../arm-none-eabi/lib/thumb/v7e-m+fp/hard\libg.a(lib_a-vfprintf.o)
                0x0800a400                _vfprintf_r
 .text.__sbprintf
                0x0800bf90       0x80 c:/progra~2/gnuarm~1/102021~1.10/bin/../lib/gcc/arm-none-eabi/10.3.1/../../../../arm-none-eabi/lib/thumb/v7e-m+fp/hard\libg.a(lib_a-vfprintf.o)
 .text.vsnprintf
                0x0800c010       0x70 c:/progra~2/gnuarm~1/102021~1.10/bin/../lib/gcc/arm-none-eabi/10.3.1/../../../../arm-none-eabi/lib/thumb/v7e-m+fp/hard\libg.a(lib_a-vsnprintf.o)
                0x0800c010                vsnprintf
 .text.__swsetup_r
                0x0800c080       0xd4 c:/progra~2/gnuarm~1/102021~1.10/bin/../lib/gcc/arm-none-eabi/10.3.1/../../../../arm-none-eabi/lib/thumb/v7e-m+fp/hard\libg.a(lib_a-wsetup.o)
                0x0800c080                __swsetup_r
 .text.quorem   0x0800c154      0x128 c:/progra~2/gnuarm~1/102021~1.10/bin/../lib/gcc/arm-none-eabi/10.3.1/../../../../arm-none-eabi/lib/thumb/v7e-m+fp/hard\libg.a(lib_a-dtoa.o)
 *fill*         0x0800c27c        0x4 
 .text._dtoa_r  0x0800c280      0xf3c c:/progra~2/gnuarm~1/102021~1.10/bin/../lib/gcc/arm-none-eabi/10.3.1/../../../../arm-none-eabi/lib/thumb/v7e-m+fp/hard\libg.a(lib_a-dtoa.o)
                0x0800c280                _dtoa_r
 .text.__sflush_r
                0x0800d1bc      0x130 c:/progra~2/gnuarm~1/102021~1.10/bin/../lib/gcc/arm-none-eabi/10.3.1/../../../../arm-none-eabi/lib/thumb/v7e-m+fp/hard\libg.a(lib_a-fflush.o)
                0x0800d1bc                __sflush_r
 .text._fflush_r
                0x0800d2ec       0x5c c:/progra~2/gnuarm~1/102021~1.10/bin/../lib/gcc/arm-none-eabi/10.3.1/../../../../arm-none-eabi/lib/thumb/v7e-m+fp/hard\libg.a(lib_a-fflush.o)
                0x0800d2ec                _fflush_r
 .text._cleanup_r
                0x0800d348        0xc c:/progra~2/gnuarm~1/102021~1.10/bin/../lib/gcc/arm-none-eabi/10.3.1/../../../../arm-none-eabi/lib/thumb/v7e-m+fp/hard\libg.a(lib_a-findfp.o)
                0x0800d348                _cleanup_r
 .text.__sinit  0x0800d354      0x10c c:/progra~2/gnuarm~1/102021~1.10/bin/../lib/gcc/arm-none-eabi/10.3.1/../../../../arm-none-eabi/lib/thumb/v7e-m+fp/hard\libg.a(lib_a-findfp.o)
                0x0800d354                __sinit
 .text.__sfp_lock_acquire
                0x0800d460        0xc c:/progra~2/gnuarm~1/102021~1.10/bin/../lib/gcc/arm-none-eabi/10.3.1/../../../../arm-none-eabi/lib/thumb/v7e-m+fp/hard\libg.a(lib_a-findfp.o)
                0x0800d460                __sfp_lock_acquire
 .text.__sfp_lock_release
                0x0800d46c        0xc c:/progra~2/gnuarm~1/102021~1.10/bin/../lib/gcc/arm-none-eabi/10.3.1/../../../../arm-none-eabi/lib/thumb/v7e-m+fp/hard\libg.a(lib_a-findfp.o)
                0x0800d46c                __sfp_lock_release
 .text._malloc_trim_r
                0x0800d478       0xa0 c:/progra~2/gnuarm~1/102021~1.10/bin/../lib/gcc/arm-none-eabi/10.3.1/../../../../arm-none-eabi/lib/thumb/v7e-m+fp/hard\libg.a(lib_a-freer.o)
                0x0800d478                _malloc_trim_r
 .text._free_r  0x0800d518      0x20c c:/progra~2/gnuarm~1/102021~1.10/bin/../lib/gcc/arm-none-eabi/10.3.1/../../../../arm-none-eabi/lib/thumb/v7e-m+fp/hard\libg.a(lib_a-freer.o)
                0x0800d518                _free_r
 .text.__sfvwrite_r
                0x0800d724      0x2f0 c:/progra~2/gnuarm~1/102021~1.10/bin/../lib/gcc/arm-none-eabi/10.3.1/../../../../arm-none-eabi/lib/thumb/v7e-m+fp/hard\libg.a(lib_a-fvwrite.o)
                0x0800d724                __sfvwrite_r
 .text._fwalk_reent
                0x0800da14       0x48 c:/progra~2/gnuarm~1/102021~1.10/bin/../lib/gcc/arm-none-eabi/10.3.1/../../../../arm-none-eabi/lib/thumb/v7e-m+fp/hard\libg.a(lib_a-fwalk.o)
                0x0800da14                _fwalk_reent
 .text.rshift   0x0800da5c       0xa4 c:/progra~2/gnuarm~1/102021~1.10/bin/../lib/gcc/arm-none-eabi/10.3.1/../../../../arm-none-eabi/lib/thumb/v7e-m+fp/hard\libg.a(lib_a-gdtoa-gethex.o)
 .text.__gethex
                0x0800db00      0x5d8 c:/progra~2/gnuarm~1/102021~1.10/bin/../lib/gcc/arm-none-eabi/10.3.1/../../../../arm-none-eabi/lib/thumb/v7e-m+fp/hard\libg.a(lib_a-gdtoa-gethex.o)
                0x0800db00                __gethex
 .text.__match  0x0800e0d8       0x38 c:/progra~2/gnuarm~1/102021~1.10/bin/../lib/gcc/arm-none-eabi/10.3.1/../../../../arm-none-eabi/lib/thumb/v7e-m+fp/hard\libg.a(lib_a-gdtoa-hexnan.o)
                0x0800e0d8                __match
 .text.__hexnan
                0x0800e110      0x1ac c:/progra~2/gnuarm~1/102021~1.10/bin/../lib/gcc/arm-none-eabi/10.3.1/../../../../arm-none-eabi/lib/thumb/v7e-m+fp/hard\libg.a(lib_a-gdtoa-hexnan.o)
                0x0800e110                __hexnan
 .text.__locale_mb_cur_max
                0x0800e2bc        0xc c:/progra~2/gnuarm~1/102021~1.10/bin/../lib/gcc/arm-none-eabi/10.3.1/../../../../arm-none-eabi/lib/thumb/v7e-m+fp/hard\libg.a(lib_a-locale.o)
                0x0800e2bc                __locale_mb_cur_max
 .text._localeconv_r
                0x0800e2c8        0x8 c:/progra~2/gnuarm~1/102021~1.10/bin/../lib/gcc/arm-none-eabi/10.3.1/../../../../arm-none-eabi/lib/thumb/v7e-m+fp/hard\libg.a(lib_a-localeconv.o)
                0x0800e2c8                _localeconv_r
 .text.__retarget_lock_init_recursive
                0x0800e2d0        0x4 c:/progra~2/gnuarm~1/102021~1.10/bin/../lib/gcc/arm-none-eabi/10.3.1/../../../../arm-none-eabi/lib/thumb/v7e-m+fp/hard\libg.a(lib_a-lock.o)
                0x0800e2d0                __retarget_lock_init_recursive
 .text.__retarget_lock_close_recursive
                0x0800e2d4        0x4 c:/progra~2/gnuarm~1/102021~1.10/bin/../lib/gcc/arm-none-eabi/10.3.1/../../../../arm-none-eabi/lib/thumb/v7e-m+fp/hard\libg.a(lib_a-lock.o)
                0x0800e2d4                __retarget_lock_close_recursive
 .text.__retarget_lock_acquire_recursive
                0x0800e2d8        0x4 c:/progra~2/gnuarm~1/102021~1.10/bin/../lib/gcc/arm-none-eabi/10.3.1/../../../../arm-none-eabi/lib/thumb/v7e-m+fp/hard\libg.a(lib_a-lock.o)
                0x0800e2d8                __retarget_lock_acquire_recursive
 .text.__retarget_lock_release_recursive
                0x0800e2dc        0x4 c:/progra~2/gnuarm~1/102021~1.10/bin/../lib/gcc/arm-none-eabi/10.3.1/../../../../arm-none-eabi/lib/thumb/v7e-m+fp/hard\libg.a(lib_a-lock.o)
                0x0800e2dc                __retarget_lock_release_recursive
 .text.__smakebuf_r
                0x0800e2e0       0xe0 c:/progra~2/gnuarm~1/102021~1.10/bin/../lib/gcc/arm-none-eabi/10.3.1/../../../../arm-none-eabi/lib/thumb/v7e-m+fp/hard\libg.a(lib_a-makebuf.o)
                0x0800e2e0                __smakebuf_r
 .text.__swhatbuf_r
                0x0800e3c0       0x60 c:/progra~2/gnuarm~1/102021~1.10/bin/../lib/gcc/arm-none-eabi/10.3.1/../../../../arm-none-eabi/lib/thumb/v7e-m+fp/hard\libg.a(lib_a-makebuf.o)
                0x0800e3c0                __swhatbuf_r
 .text.malloc   0x0800e420       0x10 c:/progra~2/gnuarm~1/102021~1.10/bin/../lib/gcc/arm-none-eabi/10.3.1/../../../../arm-none-eabi/lib/thumb/v7e-m+fp/hard\libg.a(lib_a-malloc.o)
                0x0800e420                malloc
 .text._malloc_r
                0x0800e430      0x560 c:/progra~2/gnuarm~1/102021~1.10/bin/../lib/gcc/arm-none-eabi/10.3.1/../../../../arm-none-eabi/lib/thumb/v7e-m+fp/hard\libg.a(lib_a-mallocr.o)
                0x0800e430                _malloc_r
 .text.__ascii_mbtowc
                0x0800e990       0x2c c:/progra~2/gnuarm~1/102021~1.10/bin/../lib/gcc/arm-none-eabi/10.3.1/../../../../arm-none-eabi/lib/thumb/v7e-m+fp/hard\libg.a(lib_a-mbtowc_r.o)
                0x0800e990                __ascii_mbtowc
 .text.memmove  0x0800e9bc       0xf8 c:/progra~2/gnuarm~1/102021~1.10/bin/../lib/gcc/arm-none-eabi/10.3.1/../../../../arm-none-eabi/lib/thumb/v7e-m+fp/hard\libg.a(lib_a-memmove.o)
                0x0800e9bc                memmove
 .text.__malloc_lock
                0x0800eab4        0xc c:/progra~2/gnuarm~1/102021~1.10/bin/../lib/gcc/arm-none-eabi/10.3.1/../../../../arm-none-eabi/lib/thumb/v7e-m+fp/hard\libg.a(lib_a-mlock.o)
                0x0800eab4                __malloc_lock
 .text.__malloc_unlock
                0x0800eac0        0xc c:/progra~2/gnuarm~1/102021~1.10/bin/../lib/gcc/arm-none-eabi/10.3.1/../../../../arm-none-eabi/lib/thumb/v7e-m+fp/hard\libg.a(lib_a-mlock.o)
                0x0800eac0                __malloc_unlock
 .text._Balloc  0x0800eacc       0x4c c:/progra~2/gnuarm~1/102021~1.10/bin/../lib/gcc/arm-none-eabi/10.3.1/../../../../arm-none-eabi/lib/thumb/v7e-m+fp/hard\libg.a(lib_a-mprec.o)
                0x0800eacc                _Balloc
 .text._Bfree   0x0800eb18       0x14 c:/progra~2/gnuarm~1/102021~1.10/bin/../lib/gcc/arm-none-eabi/10.3.1/../../../../arm-none-eabi/lib/thumb/v7e-m+fp/hard\libg.a(lib_a-mprec.o)
                0x0800eb18                _Bfree
 .text.__multadd
                0x0800eb2c       0xa8 c:/progra~2/gnuarm~1/102021~1.10/bin/../lib/gcc/arm-none-eabi/10.3.1/../../../../arm-none-eabi/lib/thumb/v7e-m+fp/hard\libg.a(lib_a-mprec.o)
                0x0800eb2c                __multadd
 .text.__s2b    0x0800ebd4       0xb4 c:/progra~2/gnuarm~1/102021~1.10/bin/../lib/gcc/arm-none-eabi/10.3.1/../../../../arm-none-eabi/lib/thumb/v7e-m+fp/hard\libg.a(lib_a-mprec.o)
                0x0800ebd4                __s2b
 .text.__hi0bits
                0x0800ec88       0x40 c:/progra~2/gnuarm~1/102021~1.10/bin/../lib/gcc/arm-none-eabi/10.3.1/../../../../arm-none-eabi/lib/thumb/v7e-m+fp/hard\libg.a(lib_a-mprec.o)
                0x0800ec88                __hi0bits
 .text.__lo0bits
                0x0800ecc8       0x60 c:/progra~2/gnuarm~1/102021~1.10/bin/../lib/gcc/arm-none-eabi/10.3.1/../../../../arm-none-eabi/lib/thumb/v7e-m+fp/hard\libg.a(lib_a-mprec.o)
                0x0800ecc8                __lo0bits
 .text.__i2b    0x0800ed28       0x5c c:/progra~2/gnuarm~1/102021~1.10/bin/../lib/gcc/arm-none-eabi/10.3.1/../../../../arm-none-eabi/lib/thumb/v7e-m+fp/hard\libg.a(lib_a-mprec.o)
                0x0800ed28                __i2b
 .text.__multiply
                0x0800ed84      0x15c c:/progra~2/gnuarm~1/102021~1.10/bin/../lib/gcc/arm-none-eabi/10.3.1/../../../../arm-none-eabi/lib/thumb/v7e-m+fp/hard\libg.a(lib_a-mprec.o)
                0x0800ed84                __multiply
 .text.__pow5mult
                0x0800eee0       0xc0 c:/progra~2/gnuarm~1/102021~1.10/bin/../lib/gcc/arm-none-eabi/10.3.1/../../../../arm-none-eabi/lib/thumb/v7e-m+fp/hard\libg.a(lib_a-mprec.o)
                0x0800eee0                __pow5mult
 .text.__lshift
                0x0800efa0       0xf0 c:/progra~2/gnuarm~1/102021~1.10/bin/../lib/gcc/arm-none-eabi/10.3.1/../../../../arm-none-eabi/lib/thumb/v7e-m+fp/hard\libg.a(lib_a-mprec.o)
                0x0800efa0                __lshift
 .text.__mcmp   0x0800f090       0x44 c:/progra~2/gnuarm~1/102021~1.10/bin/../lib/gcc/arm-none-eabi/10.3.1/../../../../arm-none-eabi/lib/thumb/v7e-m+fp/hard\libg.a(lib_a-mprec.o)
                0x0800f090                __mcmp
 .text.__mdiff  0x0800f0d4      0x14c c:/progra~2/gnuarm~1/102021~1.10/bin/../lib/gcc/arm-none-eabi/10.3.1/../../../../arm-none-eabi/lib/thumb/v7e-m+fp/hard\libg.a(lib_a-mprec.o)
                0x0800f0d4                __mdiff
 .text.__ulp    0x0800f220       0x60 c:/progra~2/gnuarm~1/102021~1.10/bin/../lib/gcc/arm-none-eabi/10.3.1/../../../../arm-none-eabi/lib/thumb/v7e-m+fp/hard\libg.a(lib_a-mprec.o)
                0x0800f220                __ulp
 .text.__b2d    0x0800f280       0xc0 c:/progra~2/gnuarm~1/102021~1.10/bin/../lib/gcc/arm-none-eabi/10.3.1/../../../../arm-none-eabi/lib/thumb/v7e-m+fp/hard\libg.a(lib_a-mprec.o)
                0x0800f280                __b2d
 .text.__d2b    0x0800f340       0xd0 c:/progra~2/gnuarm~1/102021~1.10/bin/../lib/gcc/arm-none-eabi/10.3.1/../../../../arm-none-eabi/lib/thumb/v7e-m+fp/hard\libg.a(lib_a-mprec.o)
                0x0800f340                __d2b
 .text.__ratio  0x0800f410       0x5c c:/progra~2/gnuarm~1/102021~1.10/bin/../lib/gcc/arm-none-eabi/10.3.1/../../../../arm-none-eabi/lib/thumb/v7e-m+fp/hard\libg.a(lib_a-mprec.o)
                0x0800f410                __ratio
 .text.__copybits
                0x0800f46c       0x5c c:/progra~2/gnuarm~1/102021~1.10/bin/../lib/gcc/arm-none-eabi/10.3.1/../../../../arm-none-eabi/lib/thumb/v7e-m+fp/hard\libg.a(lib_a-mprec.o)
                0x0800f46c                __copybits
 .text.__any_on
                0x0800f4c8       0x64 c:/progra~2/gnuarm~1/102021~1.10/bin/../lib/gcc/arm-none-eabi/10.3.1/../../../../arm-none-eabi/lib/thumb/v7e-m+fp/hard\libg.a(lib_a-mprec.o)
                0x0800f4c8                __any_on
 .text._realloc_r
                0x0800f52c      0x3d8 c:/progra~2/gnuarm~1/102021~1.10/bin/../lib/gcc/arm-none-eabi/10.3.1/../../../../arm-none-eabi/lib/thumb/v7e-m+fp/hard\libg.a(lib_a-reallocr.o)
                0x0800f52c                _realloc_r
 .text.frexp    0x0800f904       0x6c c:/progra~2/gnuarm~1/102021~1.10/bin/../lib/gcc/arm-none-eabi/10.3.1/../../../../arm-none-eabi/lib/thumb/v7e-m+fp/hard\libg.a(lib_a-s_frexp.o)
                0x0800f904                frexp
 .text.nan      0x0800f970       0x10 c:/progra~2/gnuarm~1/102021~1.10/bin/../lib/gcc/arm-none-eabi/10.3.1/../../../../arm-none-eabi/lib/thumb/v7e-m+fp/hard\libg.a(lib_a-s_nan.o)
                0x0800f970                nan
 .text._sbrk_r  0x0800f980       0x24 c:/progra~2/gnuarm~1/102021~1.10/bin/../lib/gcc/arm-none-eabi/10.3.1/../../../../arm-none-eabi/lib/thumb/v7e-m+fp/hard\libg.a(lib_a-sbrkr.o)
                0x0800f980                _sbrk_r
 .text.nanf     0x0800f9a4        0xc c:/progra~2/gnuarm~1/102021~1.10/bin/../lib/gcc/arm-none-eabi/10.3.1/../../../../arm-none-eabi/lib/thumb/v7e-m+fp/hard\libg.a(lib_a-sf_nan.o)
                0x0800f9a4                nanf
 .text.__sread  0x0800f9b0       0x24 c:/progra~2/gnuarm~1/102021~1.10/bin/../lib/gcc/arm-none-eabi/10.3.1/../../../../arm-none-eabi/lib/thumb/v7e-m+fp/hard\libg.a(lib_a-stdio.o)
                0x0800f9b0                __sread
 .text.__swrite
                0x0800f9d4       0x40 c:/progra~2/gnuarm~1/102021~1.10/bin/../lib/gcc/arm-none-eabi/10.3.1/../../../../arm-none-eabi/lib/thumb/v7e-m+fp/hard\libg.a(lib_a-stdio.o)
                0x0800f9d4                __swrite
 .text.__sseek  0x0800fa14       0x20 c:/progra~2/gnuarm~1/102021~1.10/bin/../lib/gcc/arm-none-eabi/10.3.1/../../../../arm-none-eabi/lib/thumb/v7e-m+fp/hard\libg.a(lib_a-stdio.o)
                0x0800fa14                __sseek
 .text.__sclose
                0x0800fa34        0x8 c:/progra~2/gnuarm~1/102021~1.10/bin/../lib/gcc/arm-none-eabi/10.3.1/../../../../arm-none-eabi/lib/thumb/v7e-m+fp/hard\libg.a(lib_a-stdio.o)
                0x0800fa34                __sclose
 .text.strncmp  0x0800fa3c       0x80 c:/progra~2/gnuarm~1/102021~1.10/bin/../lib/gcc/arm-none-eabi/10.3.1/../../../../arm-none-eabi/lib/thumb/v7e-m+fp/hard\libg.a(lib_a-strncmp.o)
                0x0800fa3c                strncmp
 .text.strncpy  0x0800fabc       0x64 c:/progra~2/gnuarm~1/102021~1.10/bin/../lib/gcc/arm-none-eabi/10.3.1/../../../../arm-none-eabi/lib/thumb/v7e-m+fp/hard\libg.a(lib_a-strncpy.o)
                0x0800fabc                strncpy
 .text._svfprintf_r
                0x0800fb20     0x1acc c:/progra~2/gnuarm~1/102021~1.10/bin/../lib/gcc/arm-none-eabi/10.3.1/../../../../arm-none-eabi/lib/thumb/v7e-m+fp/hard\libg.a(lib_a-svfprintf.o)
                0x0800fb20                _svfprintf_r
 .text.__sprint_r.part.0
                0x080115ec       0x78 c:/progra~2/gnuarm~1/102021~1.10/bin/../lib/gcc/arm-none-eabi/10.3.1/../../../../arm-none-eabi/lib/thumb/v7e-m+fp/hard\libg.a(lib_a-vfiprintf.o)
 .text.__sprint_r
                0x08011664       0x18 c:/progra~2/gnuarm~1/102021~1.10/bin/../lib/gcc/arm-none-eabi/10.3.1/../../../../arm-none-eabi/lib/thumb/v7e-m+fp/hard\libg.a(lib_a-vfiprintf.o)
                0x08011664                __sprint_r
 .text._vfiprintf_r
                0x0801167c      0xdfc c:/progra~2/gnuarm~1/102021~1.10/bin/../lib/gcc/arm-none-eabi/10.3.1/../../../../arm-none-eabi/lib/thumb/v7e-m+fp/hard\libg.a(lib_a-vfiprintf.o)
                0x0801167c                _vfiprintf_r
 .text.__sbprintf
                0x08012478       0x80 c:/progra~2/gnuarm~1/102021~1.10/bin/../lib/gcc/arm-none-eabi/10.3.1/../../../../arm-none-eabi/lib/thumb/v7e-m+fp/hard\libg.a(lib_a-vfiprintf.o)
 .text.__ascii_wctomb
                0x080124f8       0x1c c:/progra~2/gnuarm~1/102021~1.10/bin/../lib/gcc/arm-none-eabi/10.3.1/../../../../arm-none-eabi/lib/thumb/v7e-m+fp/hard\libg.a(lib_a-wctomb_r.o)
                0x080124f8                __ascii_wctomb
 .text._write_r
                0x08012514       0x2c c:/progra~2/gnuarm~1/102021~1.10/bin/../lib/gcc/arm-none-eabi/10.3.1/../../../../arm-none-eabi/lib/thumb/v7e-m+fp/hard\libg.a(lib_a-writer.o)
                0x08012514                _write_r
 .text.__assert_func
                0x08012540       0x40 c:/progra~2/gnuarm~1/102021~1.10/bin/../lib/gcc/arm-none-eabi/10.3.1/../../../../arm-none-eabi/lib/thumb/v7e-m+fp/hard\libg.a(lib_a-assert.o)
                0x08012540                __assert_func
 .text._calloc_r
                0x08012580       0x78 c:/progra~2/gnuarm~1/102021~1.10/bin/../lib/gcc/arm-none-eabi/10.3.1/../../../../arm-none-eabi/lib/thumb/v7e-m+fp/hard\libg.a(lib_a-callocr.o)
                0x08012580                _calloc_r
 .text._close_r
                0x080125f8       0x24 c:/progra~2/gnuarm~1/102021~1.10/bin/../lib/gcc/arm-none-eabi/10.3.1/../../../../arm-none-eabi/lib/thumb/v7e-m+fp/hard\libg.a(lib_a-closer.o)
                0x080125f8                _close_r
 .text._fclose_r
                0x0801261c       0xcc c:/progra~2/gnuarm~1/102021~1.10/bin/../lib/gcc/arm-none-eabi/10.3.1/../../../../arm-none-eabi/lib/thumb/v7e-m+fp/hard\libg.a(lib_a-fclose.o)
                0x0801261c                _fclose_r
 .text.fiprintf
                0x080126e8       0x28 c:/progra~2/gnuarm~1/102021~1.10/bin/../lib/gcc/arm-none-eabi/10.3.1/../../../../arm-none-eabi/lib/thumb/v7e-m+fp/hard\libg.a(lib_a-fiprintf.o)
                0x080126e8                fiprintf
 .text.__fputwc
                0x08012710       0xa8 c:/progra~2/gnuarm~1/102021~1.10/bin/../lib/gcc/arm-none-eabi/10.3.1/../../../../arm-none-eabi/lib/thumb/v7e-m+fp/hard\libg.a(lib_a-fputwc.o)
                0x08012710                __fputwc
 .text._fputwc_r
                0x080127b8       0x68 c:/progra~2/gnuarm~1/102021~1.10/bin/../lib/gcc/arm-none-eabi/10.3.1/../../../../arm-none-eabi/lib/thumb/v7e-m+fp/hard\libg.a(lib_a-fputwc.o)
                0x080127b8                _fputwc_r
 .text._fstat_r
                0x08012820       0x2c c:/progra~2/gnuarm~1/102021~1.10/bin/../lib/gcc/arm-none-eabi/10.3.1/../../../../arm-none-eabi/lib/thumb/v7e-m+fp/hard\libg.a(lib_a-fstatr.o)
                0x08012820                _fstat_r
 .text._isatty_r
                0x0801284c       0x24 c:/progra~2/gnuarm~1/102021~1.10/bin/../lib/gcc/arm-none-eabi/10.3.1/../../../../arm-none-eabi/lib/thumb/v7e-m+fp/hard\libg.a(lib_a-isattyr.o)
                0x0801284c                _isatty_r
 .text._lseek_r
                0x08012870       0x2c c:/progra~2/gnuarm~1/102021~1.10/bin/../lib/gcc/arm-none-eabi/10.3.1/../../../../arm-none-eabi/lib/thumb/v7e-m+fp/hard\libg.a(lib_a-lseekr.o)
                0x08012870                _lseek_r
 .text._read_r  0x0801289c       0x2c c:/progra~2/gnuarm~1/102021~1.10/bin/../lib/gcc/arm-none-eabi/10.3.1/../../../../arm-none-eabi/lib/thumb/v7e-m+fp/hard\libg.a(lib_a-readr.o)
                0x0801289c                _read_r
 .text.__ssprint_r
                0x080128c8       0xf8 c:/progra~2/gnuarm~1/102021~1.10/bin/../lib/gcc/arm-none-eabi/10.3.1/../../../../arm-none-eabi/lib/thumb/v7e-m+fp/hard\libg.a(lib_a-svfiprintf.o)
                0x080128c8                __ssprint_r
 .text.__swbuf_r
                0x080129c0       0xb0 c:/progra~2/gnuarm~1/102021~1.10/bin/../lib/gcc/arm-none-eabi/10.3.1/../../../../arm-none-eabi/lib/thumb/v7e-m+fp/hard\libg.a(lib_a-wbuf.o)
                0x080129c0                __swbuf_r
 .text._wcrtomb_r