Archive member included to satisfy reference by file (symbol)

c:/progra~2/gnuarm~1/102021~1.10/bin/../lib/gcc/arm-none-eabi/10.3.1/thumb/v7e-m/nofp\libgcc.a(_arm_muldf3.o)
                              CMakeFiles/RC_All_Round.elf.dir/Controller/PID.c.obj (__aeabi_dmul)
c:/progra~2/gnuarm~1/102021~1.10/bin/../lib/gcc/arm-none-eabi/10.3.1/thumb/v7e-m/nofp\libgcc.a(_arm_mulsf3.o)
                              CMakeFiles/RC_All_Round.elf.dir/Controller/PID.c.obj (__aeabi_fmul)
c:/progra~2/gnuarm~1/102021~1.10/bin/../lib/gcc/arm-none-eabi/10.3.1/thumb/v7e-m/nofp\libgcc.a(_arm_addsubdf3.o)
                              CMakeFiles/RC_All_Round.elf.dir/Controller/PID.c.obj (__aeabi_dsub)
c:/progra~2/gnuarm~1/102021~1.10/bin/../lib/gcc/arm-none-eabi/10.3.1/thumb/v7e-m/nofp\libgcc.a(_arm_muldivdf3.o)
                              CMakeFiles/RC_All_Round.elf.dir/Controller/PID.c.obj (__aeabi_ddiv)
c:/progra~2/gnuarm~1/102021~1.10/bin/../lib/gcc/arm-none-eabi/10.3.1/thumb/v7e-m/nofp\libgcc.a(_arm_addsubsf3.o)
                              CMakeFiles/RC_All_Round.elf.dir/Controller/PID.c.obj (__aeabi_fsub)
c:/progra~2/gnuarm~1/102021~1.10/bin/../lib/gcc/arm-none-eabi/10.3.1/thumb/v7e-m/nofp\libgcc.a(_arm_muldivsf3.o)
                              CMakeFiles/RC_All_Round.elf.dir/Controller/PID.c.obj (__aeabi_fdiv)
c:/progra~2/gnuarm~1/102021~1.10/bin/../lib/gcc/arm-none-eabi/10.3.1/thumb/v7e-m/nofp\libgcc.a(_arm_cmpsf2.o)
                              CMakeFiles/RC_All_Round.elf.dir/Controller/PID.c.obj (__aeabi_fcmpeq)
c:/progra~2/gnuarm~1/102021~1.10/bin/../lib/gcc/arm-none-eabi/10.3.1/thumb/v7e-m/nofp\libgcc.a(_aeabi_uldivmod.o)
                              CMakeFiles/RC_All_Round.elf.dir/Drivers/STM32G4xx_HAL_Driver/Src/stm32g4xx_hal_uart.c.obj (__aeabi_uldivmod)
c:/progra~2/gnuarm~1/102021~1.10/bin/../lib/gcc/arm-none-eabi/10.3.1/thumb/v7e-m/nofp\libgcc.a(_udivmoddi4.o)
                              c:/progra~2/gnuarm~1/102021~1.10/bin/../lib/gcc/arm-none-eabi/10.3.1/thumb/v7e-m/nofp\libgcc.a(_aeabi_uldivmod.o) (__udivmoddi4)
c:/progra~2/gnuarm~1/102021~1.10/bin/../lib/gcc/arm-none-eabi/10.3.1/thumb/v7e-m/nofp\libgcc.a(_dvmd_tls.o)
                              c:/progra~2/gnuarm~1/102021~1.10/bin/../lib/gcc/arm-none-eabi/10.3.1/thumb/v7e-m/nofp\libgcc.a(_aeabi_uldivmod.o) (__aeabi_ldiv0)
c:/progra~2/gnuarm~1/102021~1.10/bin/../lib/gcc/arm-none-eabi/10.3.1/../../../../arm-none-eabi/lib/thumb/v7e-m/nofp\libg.a(lib_a-errno.o)
                              CMakeFiles/RC_All_Round.elf.dir/Core/Src/syscalls.c.obj (__errno)
c:/progra~2/gnuarm~1/102021~1.10/bin/../lib/gcc/arm-none-eabi/10.3.1/../../../../arm-none-eabi/lib/thumb/v7e-m/nofp\libg.a(lib_a-exit.o)
                              c:/progra~2/gnuarm~1/102021~1.10/bin/../lib/gcc/arm-none-eabi/10.3.1/../../../../arm-none-eabi/lib/thumb/v7e-m/nofp/crt0.o (exit)
c:/progra~2/gnuarm~1/102021~1.10/bin/../lib/gcc/arm-none-eabi/10.3.1/../../../../arm-none-eabi/lib/thumb/v7e-m/nofp\libg.a(lib_a-impure.o)
                              c:/progra~2/gnuarm~1/102021~1.10/bin/../lib/gcc/arm-none-eabi/10.3.1/../../../../arm-none-eabi/lib/thumb/v7e-m/nofp\libg.a(lib_a-exit.o) (_global_impure_ptr)
c:/progra~2/gnuarm~1/102021~1.10/bin/../lib/gcc/arm-none-eabi/10.3.1/../../../../arm-none-eabi/lib/thumb/v7e-m/nofp\libg.a(lib_a-init.o)
                              c:/progra~2/gnuarm~1/102021~1.10/bin/../lib/gcc/arm-none-eabi/10.3.1/../../../../arm-none-eabi/lib/thumb/v7e-m/nofp/crt0.o (__libc_init_array)
c:/progra~2/gnuarm~1/102021~1.10/bin/../lib/gcc/arm-none-eabi/10.3.1/../../../../arm-none-eabi/lib/thumb/v7e-m/nofp\libg.a(lib_a-memset.o)
                              c:/progra~2/gnuarm~1/102021~1.10/bin/../lib/gcc/arm-none-eabi/10.3.1/../../../../arm-none-eabi/lib/thumb/v7e-m/nofp/crt0.o (memset)
c:/progra~2/gnuarm~1/102021~1.10/bin/../lib/gcc/arm-none-eabi/10.3.1/../../../../arm-none-eabi/lib/thumb/v7e-m/nofp\libg.a(lib_a-printf.o)
                              CMakeFiles/RC_All_Round.elf.dir/User/IRQ.c.obj (printf)
c:/progra~2/gnuarm~1/102021~1.10/bin/../lib/gcc/arm-none-eabi/10.3.1/../../../../arm-none-eabi/lib/thumb/v7e-m/nofp\libg.a(lib_a-puts.o)
                              CMakeFiles/RC_All_Round.elf.dir/Core/Src/main.c.obj (puts)
c:/progra~2/gnuarm~1/102021~1.10/bin/../lib/gcc/arm-none-eabi/10.3.1/../../../../arm-none-eabi/lib/thumb/v7e-m/nofp\libg.a(lib_a-setvbuf.o)
                              CMakeFiles/RC_All_Round.elf.dir/User/retarget.c.obj (setvbuf)
c:/progra~2/gnuarm~1/102021~1.10/bin/../lib/gcc/arm-none-eabi/10.3.1/../../../../arm-none-eabi/lib/thumb/v7e-m/nofp\libg.a(lib_a-strlen.o)
                              c:/progra~2/gnuarm~1/102021~1.10/bin/../lib/gcc/arm-none-eabi/10.3.1/../../../../arm-none-eabi/lib/thumb/v7e-m/nofp\libg.a(lib_a-puts.o) (strlen)
c:/progra~2/gnuarm~1/102021~1.10/bin/../lib/gcc/arm-none-eabi/10.3.1/../../../../arm-none-eabi/lib/thumb/v7e-m/nofp\libg.a(lib_a-strtod.o)
[...]
Memory Configuration

Name             Origin             Length             Attributes
RAM              0x20000000         0x00020000         xrw
FLASH            0x08000000         0x00080000         xr
*default*        0x00000000         0xffffffff

Linker script and memory map

LOAD c:/progra~2/gnuarm~1/102021~1.10/bin/../lib/gcc/arm-none-eabi/10.3.1/thumb/v7e-m/nofp/crti.o
LOAD c:/progra~2/gnuarm~1/102021~1.10/bin/../lib/gcc/arm-none-eabi/10.3.1/thumb/v7e-m/nofp/crtbegin.o
LOAD c:/progra~2/gnuarm~1/102021~1.10/bin/../lib/gcc/arm-none-eabi/10.3.1/../../../../arm-none-eabi/lib/thumb/v7e-m/nofp/crt0.o
LOAD CMakeFiles/RC_All_Round.elf.dir/BSP/my_fdcan.c.obj
LOAD CMakeFiles/RC_All_Round.elf.dir/Controller/PID.c.obj
LOAD CMakeFiles/RC_All_Round.elf.dir/Controller/PID_Adjust.c.obj
LOAD CMakeFiles/RC_All_Round.elf.dir/Core/Src/fdcan.c.obj
LOAD CMakeFiles/RC_All_Round.elf.dir/Core/Src/gpio.c.obj
LOAD CMakeFiles/RC_All_Round.elf.dir/Core/Src/main.c.obj
LOAD CMakeFiles/RC_All_Round.elf.dir/Core/Src/stm32g4xx_hal_msp.c.obj
LOAD CMakeFiles/RC_All_Round.elf.dir/Core/Src/stm32g4xx_hal_timebase_tim.c.obj
LOAD CMakeFiles/RC_All_Round.elf.dir/Core/Src/stm32g4xx_it.c.obj
LOAD CMakeFiles/RC_All_Round.elf.dir/Core/Src/syscalls.c.obj
LOAD CMakeFiles/RC_All_Round.elf.dir/Core/Src/sysmem.c.obj
LOAD CMakeFiles/RC_All_Round.elf.dir/Core/Src/system_stm32g4xx.c.obj
LOAD CMakeFiles/RC_All_Round.elf.dir/Core/Src/usart.c.obj
LOAD CMakeFiles/RC_All_Round.elf.dir/Core/Startup/startup_stm32g474vetx.s.obj
LOAD CMakeFiles/RC_All_Round.elf.dir/Drivers/STM32G4xx_HAL_Driver/Src/stm32g4xx_hal.c.obj
LOAD CMakeFiles/RC_All_Round.elf.dir/Drivers/STM32G4xx_HAL_Driver/Src/stm32g4xx_hal_cortex.c.obj
LOAD CMakeFiles/RC_All_Round.elf.dir/Drivers/STM32G4xx_HAL_Driver/Src/stm32g4xx_hal_dma.c.obj
LOAD CMakeFiles/RC_All_Round.elf.dir/Drivers/STM32G4xx_HAL_Driver/Src/stm32g4xx_hal_dma_ex.c.obj
LOAD CMakeFiles/RC_All_Round.elf.dir/Drivers/STM32G4xx_HAL_Driver/Src/stm32g4xx_hal_exti.c.obj
LOAD CMakeFiles/RC_All_Round.elf.dir/Drivers/STM32G4xx_HAL_Driver/Src/stm32g4xx_hal_fdcan.c.obj
LOAD CMakeFiles/RC_All_Round.elf.dir/Drivers/STM32G4xx_HAL_Driver/Src/stm32g4xx_hal_flash.c.obj
LOAD CMakeFiles/RC_All_Round.elf.dir/Drivers/STM32G4xx_HAL_Driver/Src/stm32g4xx_hal_flash_ex.c.obj
LOAD CMakeFiles/RC_All_Round.elf.dir/Drivers/STM32G4xx_HAL_Driver/Src/stm32g4xx_hal_flash_ramfunc.c.obj
LOAD CMakeFiles/RC_All_Round.elf.dir/Drivers/STM32G4xx_HAL_Driver/Src/stm32g4xx_hal_gpio.c.obj
LOAD CMakeFiles/RC_All_Round.elf.dir/Drivers/STM32G4xx_HAL_Driver/Src/stm32g4xx_hal_pwr.c.obj
LOAD CMakeFiles/RC_All_Round.elf.dir/Drivers/STM32G4xx_HAL_Driver/Src/stm32g4xx_hal_pwr_ex.c.obj
LOAD CMakeFiles/RC_All_Round.elf.dir/Drivers/STM32G4xx_HAL_Driver/Src/stm32g4xx_hal_rcc.c.obj
LOAD CMakeFiles/RC_All_Round.elf.dir/Drivers/STM32G4xx_HAL_Driver/Src/stm32g4xx_hal_rcc_ex.c.obj
LOAD CMakeFiles/RC_All_Round.elf.dir/Drivers/STM32G4xx_HAL_Driver/Src/stm32g4xx_hal_tim.c.obj
LOAD CMakeFiles/RC_All_Round.elf.dir/Drivers/STM32G4xx_HAL_Driver/Src/stm32g4xx_hal_tim_ex.c.obj
LOAD CMakeFiles/RC_All_Round.elf.dir/Drivers/STM32G4xx_HAL_Driver/Src/stm32g4xx_hal_uart.c.obj
LOAD CMakeFiles/RC_All_Round.elf.dir/Drivers/STM32G4xx_HAL_Driver/Src/stm32g4xx_hal_uart_ex.c.obj
LOAD CMakeFiles/RC_All_Round.elf.dir/User/IRQ.c.obj
LOAD CMakeFiles/RC_All_Round.elf.dir/User/Init.c.obj
LOAD CMakeFiles/RC_All_Round.elf.dir/User/retarget.c.obj
START GROUP
LOAD c:/progra~2/gnuarm~1/102021~1.10/bin/../lib/gcc/arm-none-eabi/10.3.1/thumb/v7e-m/nofp\libgcc.a
LOAD c:/progra~2/gnuarm~1/102021~1.10/bin/../lib/gcc/arm-none-eabi/10.3.1/../../../../arm-none-eabi/lib/thumb/v7e-m/nofp\libg.a
LOAD c:/progra~2/gnuarm~1/102021~1.10/bin/../lib/gcc/arm-none-eabi/10.3.1/../../../../arm-none-eabi/lib/thumb/v7e-m/nofp\libc.a
END GROUP
LOAD c:/progra~2/gnuarm~1/102021~1.10/bin/../lib/gcc/arm-none-eabi/10.3.1/thumb/v7e-m/nofp/crtend.o
LOAD c:/progra~2/gnuarm~1/102021~1.10/bin/../lib/gcc/arm-none-eabi/10.3.1/thumb/v7e-m/nofp/crtn.o
                0x20020000                _estack = (ORIGIN (RAM) + LENGTH (RAM))
                0x00000200                _Min_Heap_Size = 0x200
                0x00000400                _Min_Stack_Size = 0x400

.isr_vector     0x08000000      0x1d8
                0x08000000                . = ALIGN (0x4)
 *(.isr_vector)
 .isr_vector    0x08000000      0x1d8 CMakeFiles/RC_All_Round.elf.dir/Core/Startup/startup_stm32g474vetx.s.obj
                0x08000000                g_pfnVectors
                0x080001d8                . = ALIGN (0x4)

.text           0x08000200     0xc66c
                0x08000200                . = ALIGN (0x4)
 *(.text)
 .text          0x08000200      0x378 c:/progra~2/gnuarm~1/102021~1.10/bin/../lib/gcc/arm-none-eabi/10.3.1/thumb/v7e-m/nofp\libgcc.a(_arm_addsubdf3.o)
                0x08000200                __aeabi_drsub
                0x08000208                __aeabi_dsub
                0x08000208                __subdf3
                0x0800020c                __aeabi_dadd
                0x0800020c                __adddf3
                0x08000484                __floatunsidf
                0x08000484                __aeabi_ui2d
                0x080004a4                __floatsidf
                0x080004a4                __aeabi_i2d
                0x080004c8                __aeabi_f2d
                0x080004c8                __extendsfdf2
                0x0800050c                __floatundidf
                0x0800050c                __aeabi_ul2d
                0x0800051c                __floatdidf
                0x0800051c                __aeabi_l2d
 .text          0x08000578      0x424 c:/progra~2/gnuarm~1/102021~1.10/bin/../lib/gcc/arm-none-eabi/10.3.1/thumb/v7e-m/nofp\libgcc.a(_arm_muldivdf3.o)
                0x08000578                __aeabi_dmul
                0x08000578                __muldf3
                0x080007cc                __divdf3
                0x080007cc                __aeabi_ddiv
 .text          0x0800099c       0xec c:/progra~2/gnuarm~1/102021~1.10/bin/../lib/gcc/arm-none-eabi/10.3.1/thumb/v7e-m/nofp\libgcc.a(_arm_cmpsf2.o)
                0x0800099c                __gesf2
                0x0800099c                __gtsf2
                0x080009a4                __lesf2
                0x080009a4                __ltsf2
                0x080009ac                __nesf2
                0x080009ac                __eqsf2
                0x080009ac                __cmpsf2
                0x08000a0c                __aeabi_cfrcmple
                0x08000a14                __aeabi_cfcmpeq
                0x08000a14                __aeabi_cfcmple
                0x08000a24                __aeabi_fcmpeq
                0x08000a38                __aeabi_fcmplt
                0x08000a4c                __aeabi_fcmple
                0x08000a60                __aeabi_fcmpge
                0x08000a74                __aeabi_fcmpgt
 .text          0x08000a88       0x30 c:/progra~2/gnuarm~1/102021~1.10/bin/../lib/gcc/arm-none-eabi/10.3.1/thumb/v7e-m/nofp\libgcc.a(_aeabi_uldivmod.o)
                0x08000a88                __aeabi_uldivmod
 .text          0x08000ab8      0x2d0 c:/progra~2/gnuarm~1/102021~1.10/bin/../lib/gcc/arm-none-eabi/10.3.1/thumb/v7e-m/nofp\libgcc.a(_udivmoddi4.o)
                0x08000ab8                __udivmoddi4
 .text          0x08000d88        0x4 c:/progra~2/gnuarm~1/102021~1.10/bin/../lib/gcc/arm-none-eabi/10.3.1/thumb/v7e-m/nofp\libgcc.a(_dvmd_tls.o)
                0x08000d88                __aeabi_idiv0
                0x08000d88                __aeabi_ldiv0
 *fill*         0x08000d8c       0x34 
 .text          0x08000dc0       0xdc c:/progra~2/gnuarm~1/102021~1.10/bin/../lib/gcc/arm-none-eabi/10.3.1/../../../../arm-none-eabi/lib/thumb/v7e-m/nofp\libg.a(lib_a-strlen.o)
                0x08000dc0                strlen
 *fill*         0x08000e9c        0x4 
 .text          0x08000ea0       0xa0 c:/progra~2/gnuarm~1/102021~1.10/bin/../lib/gcc/arm-none-eabi/10.3.1/../../../../arm-none-eabi/lib/thumb/v7e-m/nofp\libg.a(lib_a-memchr.o)
                0x08000ea0                memchr
 .text          0x08000f40      0x134 c:/progra~2/gnuarm~1/102021~1.10/bin/../lib/gcc/arm-none-eabi/10.3.1/../../../../arm-none-eabi/lib/thumb/v7e-m/nofp\libg.a(lib_a-memcpy.o)
                0x08000f40                memcpy
 .text          0x08001074      0x110 c:/progra~2/gnuarm~1/102021~1.10/bin/../lib/gcc/arm-none-eabi/10.3.1/thumb/v7e-m/nofp\libgcc.a(_arm_cmpdf2.o)
                0x08001074                __gtdf2
                0x08001074                __gedf2
                0x0800107c                __ltdf2
                0x0800107c                __ledf2
                0x08001084                __nedf2
                0x08001084                __eqdf2
                0x08001084                __cmpdf2
                0x08001100                __aeabi_cdrcmple
                0x08001110                __aeabi_cdcmpeq
                0x08001110                __aeabi_cdcmple
                0x08001120                __aeabi_dcmpeq
                0x08001134                __aeabi_dcmplt
                0x08001148                __aeabi_dcmple
                0x0800115c                __aeabi_dcmpge
                0x08001170                __aeabi_dcmpgt
 .text          0x08001184       0x2c c:/progra~2/gnuarm~1/102021~1.10/bin/../lib/gcc/arm-none-eabi/10.3.1/thumb/v7e-m/nofp\libgcc.a(_arm_unorddf2.o)
                0x08001184                __unorddf2
                0x08001184                __aeabi_dcmpun
 .text          0x080011b0       0x50 c:/progra~2/gnuarm~1/102021~1.10/bin/../lib/gcc/arm-none-eabi/10.3.1/thumb/v7e-m/nofp\libgcc.a(_arm_fixdfsi.o)
                0x080011b0                __aeabi_d2iz
                0x080011b0                __fixdfsi
 .text          0x08001200       0x40 c:/progra~2/gnuarm~1/102021~1.10/bin/../lib/gcc/arm-none-eabi/10.3.1/thumb/v7e-m/nofp\libgcc.a(_arm_fixunsdfsi.o)
                0x08001200                __aeabi_d2uiz
                0x08001200                __fixunsdfsi
 .text          0x08001240       0xa0 c:/progra~2/gnuarm~1/102021~1.10/bin/../lib/gcc/arm-none-eabi/10.3.1/thumb/v7e-m/nofp\libgcc.a(_arm_truncdfsf2.o)
                0x08001240                __truncdfsf2
                0x08001240                __aeabi_d2f
 .text          0x080012e0       0x2c c:/progra~2/gnuarm~1/102021~1.10/bin/../lib/gcc/arm-none-eabi/10.3.1/thumb/v7e-m/nofp\libgcc.a(_arm_unordsf2.o)
                0x080012e0                __unordsf2
                0x080012e0                __aeabi_fcmpun
 .text          0x0800130c       0x34 c:/progra~2/gnuarm~1/102021~1.10/bin/../lib/gcc/arm-none-eabi/10.3.1/thumb/v7e-m/nofp\libgcc.a(_fixdfdi.o)
                0x0800130c                __fixdfdi
                0x0800130c                __aeabi_d2lz
 .text          0x08001340       0x3c c:/progra~2/gnuarm~1/102021~1.10/bin/../lib/gcc/arm-none-eabi/10.3.1/thumb/v7e-m/nofp\libgcc.a(_fixunsdfdi.o)
                0x08001340                __fixunsdfdi
                0x08001340                __aeabi_d2ulz
 *(.text*)
 .text.FDCAN_Init
                0x0800137c       0x32 CMakeFiles/RC_All_Round.elf.dir/BSP/my_fdcan.c.obj
                0x0800137c                FDCAN_Init
 .text.FDCAN_Filter_Config_Simple
                0x080013ae       0x4a CMakeFiles/RC_All_Round.elf.dir/BSP/my_fdcan.c.obj
                0x080013ae                FDCAN_Filter_Config_Simple
 .text.Get_Data
                0x080013f8       0x88 CMakeFiles/RC_All_Round.elf.dir/Controller/PID_Adjust.c.obj
                0x080013f8                Get_Data
 .text.USART_PID_Adjust
                0x08001480       0xd0 CMakeFiles/RC_All_Round.elf.dir/Controller/PID_Adjust.c.obj
                0x08001480                USART_PID_Adjust
 .text.MX_FDCAN1_Init
                0x08001550       0x4c CMakeFiles/RC_All_Round.elf.dir/Core/Src/fdcan.c.obj
                0x08001550                MX_FDCAN1_Init
 .text.HAL_FDCAN_MspInit
                0x0800159c       0xb0 CMakeFiles/RC_All_Round.elf.dir/Core/Src/fdcan.c.obj
                0x0800159c                HAL_FDCAN_MspInit
 .text.MX_GPIO_Init
                0x0800164c       0x54 CMakeFiles/RC_All_Round.elf.dir/Core/Src/gpio.c.obj
                0x0800164c                MX_GPIO_Init
 .text.HAL_TIM_PeriodElapsedCallback
                0x080016a0       0x18 CMakeFiles/RC_All_Round.elf.dir/Core/Src/main.c.obj
                0x080016a0                HAL_TIM_PeriodElapsedCallback
 .text.Error_Handler
                0x080016b8        0x4 CMakeFiles/RC_All_Round.elf.dir/Core/Src/main.c.obj
                0x080016b8                Error_Handler
 .text.SystemClock_Config
                0x080016bc       0x70 CMakeFiles/RC_All_Round.elf.dir/Core/Src/main.c.obj
                0x080016bc                SystemClock_Config
 .text.main     0x0800172c       0x30 CMakeFiles/RC_All_Round.elf.dir/Core/Src/main.c.obj
                0x0800172c                main
 .text.HAL_MspInit
                0x0800175c       0x38 CMakeFiles/RC_All_Round.elf.dir/Core/Src/stm32g4xx_hal_msp.c.obj
                0x0800175c                HAL_MspInit
 .text.HAL_InitTick
                0x08001794       0x94 CMakeFiles/RC_All_Round.elf.dir/Core/Src/stm32g4xx_hal_timebase_tim.c.obj
                0x08001794                HAL_InitTick
 .text.NMI_Handler
                0x08001828        0x2 CMakeFiles/RC_All_Round.elf.dir/Core/Src/stm32g4xx_it.c.obj
                0x08001828                NMI_Handler
 .text.HardFault_Handler
                0x0800182a        0x2 CMakeFiles/RC_All_Round.elf.dir/Core/Src/stm32g4xx_it.c.obj
                0x0800182a                HardFault_Handler
 .text.MemManage_Handler
                0x0800182c        0x2 CMakeFiles/RC_All_Round.elf.dir/Core/Src/stm32g4xx_it.c.obj
                0x0800182c                MemManage_Handler
 .text.BusFault_Handler
                0x0800182e        0x2 CMakeFiles/RC_All_Round.elf.dir/Core/Src/stm32g4xx_it.c.obj
                0x0800182e                BusFault_Handler
 .text.UsageFault_Handler
                0x08001830        0x2 CMakeFiles/RC_All_Round.elf.dir/Core/Src/stm32g4xx_it.c.obj
                0x08001830                UsageFault_Handler
 .text.SVC_Handler
                0x08001832        0x2 CMakeFiles/RC_All_Round.elf.dir/Core/Src/stm32g4xx_it.c.obj
                0x08001832                SVC_Handler
 .text.DebugMon_Handler
                0x08001834        0x2 CMakeFiles/RC_All_Round.elf.dir/Core/Src/stm32g4xx_it.c.obj
                0x08001834                DebugMon_Handler
 .text.PendSV_Handler
                0x08001836        0x2 CMakeFiles/RC_All_Round.elf.dir/Core/Src/stm32g4xx_it.c.obj
                0x08001836                PendSV_Handler
 .text.SysTick_Handler
                0x08001838        0x2 CMakeFiles/RC_All_Round.elf.dir/Core/Src/stm32g4xx_it.c.obj
                0x08001838                SysTick_Handler
 *fill*         0x0800183a        0x2 
 .text.FDCAN1_IT0_IRQHandler
                0x0800183c       0x10 CMakeFiles/RC_All_Round.elf.dir/Core/Src/stm32g4xx_it.c.obj
                0x0800183c                FDCAN1_IT0_IRQHandler
 .text.FDCAN1_IT1_IRQHandler
                0x0800184c       0x10 CMakeFiles/RC_All_Round.elf.dir/Core/Src/stm32g4xx_it.c.obj
                0x0800184c                FDCAN1_IT1_IRQHandler
 .text.TIM4_IRQHandler
                0x0800185c       0x10 CMakeFiles/RC_All_Round.elf.dir/Core/Src/stm32g4xx_it.c.obj
                0x0800185c                TIM4_IRQHandler
 .text.USART3_IRQHandler
                0x0800186c       0x10 CMakeFiles/RC_All_Round.elf.dir/Core/Src/stm32g4xx_it.c.obj
                0x0800186c                USART3_IRQHandler
 .text._getpid  0x0800187c        0x4 CMakeFiles/RC_All_Round.elf.dir/Core/Src/syscalls.c.obj
                0x0800187c                _getpid
 .text._kill    0x08001880       0x10 CMakeFiles/RC_All_Round.elf.dir/Core/Src/syscalls.c.obj
                0x08001880                _kill
 .text._exit    0x08001890        0xc CMakeFiles/RC_All_Round.elf.dir/Core/Src/syscalls.c.obj
                0x08001890                _exit
 .text._sbrk    0x0800189c       0x48 CMakeFiles/RC_All_Round.elf.dir/Core/Src/sysmem.c.obj
                0x0800189c                _sbrk
 .text.SystemInit
                0x080018e4        0x2 CMakeFiles/RC_All_Round.elf.dir/Core/Src/system_stm32g4xx.c.obj
                0x080018e4                SystemInit
 *fill*         0x080018e6        0x2 
 .text.MX_USART3_UART_Init
                0x080018e8       0x68 CMakeFiles/RC_All_Round.elf.dir/Core/Src/usart.c.obj
                0x080018e8                MX_USART3_UART_Init
 .text.HAL_UART_MspInit
                0x08001950       0xc8 CMakeFiles/RC_All_Round.elf.dir/Core/Src/usart.c.obj
                0x08001950                HAL_UART_MspInit
 .text.Reset_Handler
                0x08001a18       0x50 CMakeFiles/RC_All_Round.elf.dir/Core/Startup/startup_stm32g474vetx.s.obj
                0x08001a18                Reset_Handler
 .text.Default_Handler
                0x08001a68        0x2 CMakeFiles/RC_All_Round.elf.dir/Core/Startup/startup_stm32g474vetx.s.obj
                0x08001a68                RTC_Alarm_IRQHandler
                0x08001a68                EXTI2_IRQHandler
                0x08001a68                TIM8_TRG_COM_IRQHandler
                0x08001a68                TIM8_CC_IRQHandler
                0x08001a68                HRTIM1_Master_IRQHandler
                0x08001a68                SPI4_IRQHandler
                0x08001a68                FDCAN3_IT0_IRQHandler
                0x08001a68                TIM1_CC_IRQHandler
                0x08001a68                HRTIM1_FLT_IRQHandler
                0x08001a68                HRTIM1_TIMF_IRQHandler
                0x08001a68                USB_HP_IRQHandler
                0x08001a68                CORDIC_IRQHandler
                0x08001a68                HRTIM1_TIMD_IRQHandler
                0x08001a68                DMA2_Channel8_IRQHandler
                0x08001a68                EXTI3_IRQHandler
                0x08001a68                I2C3_ER_IRQHandler
                0x08001a68                EXTI0_IRQHandler
                0x08001a68                I2C2_EV_IRQHandler
                0x08001a68                FPU_IRQHandler
                0x08001a68                TIM1_UP_TIM16_IRQHandler
                0x08001a68                ADC1_2_IRQHandler
                0x08001a68                HRTIM1_TIME_IRQHandler
                0x08001a68                SPI1_IRQHandler
                0x08001a68                TIM6_DAC_IRQHandler
                0x08001a68                HRTIM1_TIMC_IRQHandler
                0x08001a68                TIM8_UP_IRQHandler
                0x08001a68                DMA2_Channel2_IRQHandler
                0x08001a68                DMA1_Channel4_IRQHandler
                0x08001a68                TIM20_TRG_COM_IRQHandler
                0x08001a68                DMA1_Channel7_IRQHandler
                0x08001a68                UART5_IRQHandler
                0x08001a68                ADC3_IRQHandler
                0x08001a68                DMA2_Channel1_IRQHandler
                0x08001a68                QUADSPI_IRQHandler
                0x08001a68                I2C1_EV_IRQHandler
                0x08001a68                DMA1_Channel6_IRQHandler
                0x08001a68                UART4_IRQHandler
                0x08001a68                DMA2_Channel4_IRQHandler
                0x08001a68                TIM3_IRQHandler
                0x08001a68                RCC_IRQHandler
                0x08001a68                TIM20_UP_IRQHandler
                0x08001a68                DMA1_Channel1_IRQHandler
                0x08001a68                Default_Handler
                0x08001a68                DMA2_Channel7_IRQHandler
                0x08001a68                RTC_TAMP_LSECSS_IRQHandler
                0x08001a68                FMAC_IRQHandler
                0x08001a68                EXTI15_10_IRQHandler
                0x08001a68                DMA1_Channel8_IRQHandler
                0x08001a68                HRTIM1_TIMA_IRQHandler
                0x08001a68                TIM7_DAC_IRQHandler
                0x08001a68                FDCAN3_IT1_IRQHandler
                0x08001a68                TIM5_IRQHandler
                0x08001a68                UCPD1_IRQHandler
                0x08001a68                I2C3_EV_IRQHandler
                0x08001a68                EXTI9_5_IRQHandler
                0x08001a68                RTC_WKUP_IRQHandler
                0x08001a68                PVD_PVM_IRQHandler
                0x08001a68                SPI2_IRQHandler
                0x08001a68                ADC5_IRQHandler
                0x08001a68                DMA2_Channel5_IRQHandler
                0x08001a68                CRS_IRQHandler
                0x08001a68                DMA1_Channel5_IRQHandler
                0x08001a68                USB_LP_IRQHandler
                0x08001a68                EXTI4_IRQHandler
                0x08001a68                RNG_IRQHandler
                0x08001a68                HRTIM1_TIMB_IRQHandler
                0x08001a68                TIM1_TRG_COM_TIM17_IRQHandler
                0x08001a68                FDCAN2_IT1_IRQHandler
                0x08001a68                DMA1_Channel3_IRQHandler
                0x08001a68                ADC4_IRQHandler
                0x08001a68                WWDG_IRQHandler
                0x08001a68                I2C4_EV_IRQHandler
                0x08001a68                FDCAN2_IT0_IRQHandler
                0x08001a68                LPUART1_IRQHandler
                0x08001a68                DMA2_Channel6_IRQHandler
                0x08001a68                TIM2_IRQHandler
                0x08001a68                COMP7_IRQHandler
                0x08001a68                COMP1_2_3_IRQHandler
                0x08001a68                EXTI1_IRQHandler
                0x08001a68                USART2_IRQHandler
                0x08001a68                COMP4_5_6_IRQHandler
                0x08001a68                TIM20_BRK_IRQHandler
                0x08001a68                I2C2_ER_IRQHandler
                0x08001a68                DMA1_Channel2_IRQHandler
                0x08001a68                TIM8_BRK_IRQHandler
                0x08001a68                FLASH_IRQHandler
                0x08001a68                TIM20_CC_IRQHandler
                0x08001a68                USART1_IRQHandler
                0x08001a68                SPI3_IRQHandler
                0x08001a68                I2C1_ER_IRQHandler
                0x08001a68                FMC_IRQHandler
                0x08001a68                LPTIM1_IRQHandler
                0x08001a68                DMAMUX_OVR_IRQHandler
                0x08001a68                I2C4_ER_IRQHandler
                0x08001a68                USBWakeUp_IRQHandler
                0x08001a68                SAI1_IRQHandler
                0x08001a68                DMA2_Channel3_IRQHandler
                0x08001a68                TIM1_BRK_TIM15_IRQHandler
 .text.HAL_Init
                0x08001a6a       0x1e CMakeFiles/RC_All_Round.elf.dir/Drivers/STM32G4xx_HAL_Driver/Src/stm32g4xx_hal.c.obj
                0x08001a6a                HAL_Init
 .text.HAL_IncTick
                0x08001a88       0x18 CMakeFiles/RC_All_Round.elf.dir/Drivers/STM32G4xx_HAL_Driver/Src/stm32g4xx_hal.c.obj
                0x08001a88                HAL_IncTick
 .text.HAL_GetTick
                0x08001aa0        0xc CMakeFiles/RC_All_Round.elf.dir/Drivers/STM32G4xx_HAL_Driver/Src/stm32g4xx_hal.c.obj
                0x08001aa0                HAL_GetTick
 .text.HAL_Delay
                0x08001aac       0x28 CMakeFiles/RC_All_Round.elf.dir/Drivers/STM32G4xx_HAL_Driver/Src/stm32g4xx_hal.c.obj
                0x08001aac                HAL_Delay
 .text.HAL_NVIC_SetPriorityGrouping
                0x08001ad4       0x24 CMakeFiles/RC_All_Round.elf.dir/Drivers/STM32G4xx_HAL_Driver/Src/stm32g4xx_hal_cortex.c.obj
                0x08001ad4                HAL_NVIC_SetPriorityGrouping
 .text.HAL_NVIC_SetPriority
                0x08001af8       0x70 CMakeFiles/RC_All_Round.elf.dir/Drivers/STM32G4xx_HAL_Driver/Src/stm32g4xx_hal_cortex.c.obj
                0x08001af8                HAL_NVIC_SetPriority
 .text.HAL_NVIC_EnableIRQ
                0x08001b68       0x1c CMakeFiles/RC_All_Round.elf.dir/Drivers/STM32G4xx_HAL_Driver/Src/stm32g4xx_hal_cortex.c.obj
                0x08001b68                HAL_NVIC_EnableIRQ
 .text.HAL_DMA_Abort
                0x08001b84       0x6c CMakeFiles/RC_All_Round.elf.dir/Drivers/STM32G4xx_HAL_Driver/Src/stm32g4xx_hal_dma.c.obj
                0x08001b84                HAL_DMA_Abort
 .text.HAL_DMA_Abort_IT
                0x08001bf0       0x7e CMakeFiles/RC_All_Round.elf.dir/Drivers/STM32G4xx_HAL_Driver/Src/stm32g4xx_hal_dma.c.obj
                0x08001bf0                HAL_DMA_Abort_IT
 *fill*         0x08001c6e        0x2 
 .text.FDCAN_CalcultateRamBlockAddresses
                0x08001c70       0x88 CMakeFiles/RC_All_Round.elf.dir/Drivers/STM32G4xx_HAL_Driver/Src/stm32g4xx_hal_fdcan.c.obj
 .text.HAL_FDCAN_Init
                0x08001cf8      0x1d4 CMakeFiles/RC_All_Round.elf.dir/Drivers/STM32G4xx_HAL_Driver/Src/stm32g4xx_hal_fdcan.c.obj
                0x08001cf8                HAL_FDCAN_Init
 .text.HAL_FDCAN_ConfigFilter
                0x08001ecc       0x60 CMakeFiles/RC_All_Round.elf.dir/Drivers/STM32G4xx_HAL_Driver/Src/stm32g4xx_hal_fdcan.c.obj
                0x08001ecc                HAL_FDCAN_ConfigFilter
 .text.HAL_FDCAN_Start
                0x08001f2c       0x2e CMakeFiles/RC_All_Round.elf.dir/Drivers/STM32G4xx_HAL_Driver/Src/stm32g4xx_hal_fdcan.c.obj
                0x08001f2c                HAL_FDCAN_Start
 *fill*         0x08001f5a        0x2 
 .text.HAL_FDCAN_GetRxMessage
                0x08001f5c      0x164 CMakeFiles/RC_All_Round.elf.dir/Drivers/STM32G4xx_HAL_Driver/Src/stm32g4xx_hal_fdcan.c.obj
                0x08001f5c                HAL_FDCAN_GetRxMessage
 .text.HAL_FDCAN_ActivateNotification
                0x080020c0      0x106 CMakeFiles/RC_All_Round.elf.dir/Drivers/STM32G4xx_HAL_Driver/Src/stm32g4xx_hal_fdcan.c.obj
                0x080020c0                HAL_FDCAN_ActivateNotification
 .text.HAL_FDCAN_TxEventFifoCallback
                0x080021c6        0x2 CMakeFiles/RC_All_Round.elf.dir/Drivers/STM32G4xx_HAL_Driver/Src/stm32g4xx_hal_fdcan.c.obj
                0x080021c6                HAL_FDCAN_TxEventFifoCallback
 .text.HAL_FDCAN_TxFifoEmptyCallback
                0x080021c8        0x2 CMakeFiles/RC_All_Round.elf.dir/Drivers/STM32G4xx_HAL_Driver/Src/stm32g4xx_hal_fdcan.c.obj
                0x080021c8                HAL_FDCAN_TxFifoEmptyCallback
 .text.HAL_FDCAN_TxBufferCompleteCallback
                0x080021ca        0x2 CMakeFiles/RC_All_Round.elf.dir/Drivers/STM32G4xx_HAL_Driver/Src/stm32g4xx_hal_fdcan.c.obj
                0x080021ca                HAL_FDCAN_TxBufferCompleteCallback
 .text.HAL_FDCAN_TxBufferAbortCallback
                0x080021cc        0x2 CMakeFiles/RC_All_Round.elf.dir/Drivers/STM32G4xx_HAL_Driver/Src/stm32g4xx_hal_fdcan.c.obj
                0x080021cc                HAL_FDCAN_TxBufferAbortCallback
 .text.HAL_FDCAN_TimestampWraparoundCallback
                0x080021ce        0x2 CMakeFiles/RC_All_Round.elf.dir/Drivers/STM32G4xx_HAL_Driver/Src/stm32g4xx_hal_fdcan.c.obj
                0x080021ce                HAL_FDCAN_TimestampWraparoundCallback
 .text.HAL_FDCAN_TimeoutOccurredCallback
                0x080021d0        0x2 CMakeFiles/RC_All_Round.elf.dir/Drivers/STM32G4xx_HAL_Driver/Src/stm32g4xx_hal_fdcan.c.obj
                0x080021d0                HAL_FDCAN_TimeoutOccurredCallback
 .text.HAL_FDCAN_HighPriorityMessageCallback
                0x080021d2        0x2 CMakeFiles/RC_All_Round.elf.dir/Drivers/STM32G4xx_HAL_Driver/Src/stm32g4xx_hal_fdcan.c.obj
                0x080021d2                HAL_FDCAN_HighPriorityMessageCallback
 .text.HAL_FDCAN_ErrorCallback
                0x080021d4        0x2 CMakeFiles/RC_All_Round.elf.dir/Drivers/STM32G4xx_HAL_Driver/Src/stm32g4xx_hal_fdcan.c.obj
                0x080021d4                HAL_FDCAN_ErrorCallback
 .text.HAL_FDCAN_ErrorStatusCallback
                0x080021d6        0x2 CMakeFiles/RC_All_Round.elf.dir/Drivers/STM32G4xx_HAL_Driver/Src/stm32g4xx_hal_fdcan.c.obj
                0x080021d6                HAL_FDCAN_ErrorStatusCallback
 .text.HAL_FDCAN_IRQHandler
                0x080021d8      0x188 CMakeFiles/RC_All_Round.elf.dir/Drivers/STM32G4xx_HAL_Driver/Src/stm32g4xx_hal_fdcan.c.obj
                0x080021d8                HAL_FDCAN_IRQHandler
 .text.HAL_GPIO_Init
                0x08002360      0x1dc CMakeFiles/RC_All_Round.elf.dir/Drivers/STM32G4xx_HAL_Driver/Src/stm32g4xx_hal_gpio.c.obj
                0x08002360                HAL_GPIO_Init
 .text.HAL_PWREx_ControlVoltageScaling
                0x0800253c      0x10c CMakeFiles/RC_All_Round.elf.dir/Drivers/STM32G4xx_HAL_Driver/Src/stm32g4xx_hal_pwr_ex.c.obj
                0x0800253c                HAL_PWREx_ControlVoltageScaling
 .text.HAL_PWREx_DisableUCPDDeadBattery
                0x08002648       0x10 CMakeFiles/RC_All_Round.elf.dir/Drivers/STM32G4xx_HAL_Driver/Src/stm32g4xx_hal_pwr_ex.c.obj
                0x08002648                HAL_PWREx_DisableUCPDDeadBattery
 .text.RCC_GetSysClockFreqFromPLLSource
                0x08002658       0x58 CMakeFiles/RC_All_Round.elf.dir/Drivers/STM32G4xx_HAL_Driver/Src/stm32g4xx_hal_rcc.c.obj
 .text.HAL_RCC_OscConfig
                0x080026b0      0x4e4 CMakeFiles/RC_All_Round.elf.dir/Drivers/STM32G4xx_HAL_Driver/Src/stm32g4xx_hal_rcc.c.obj
                0x080026b0                HAL_RCC_OscConfig
 .text.HAL_RCC_GetSysClockFreq
                0x08002b94       0x88 CMakeFiles/RC_All_Round.elf.dir/Drivers/STM32G4xx_HAL_Driver/Src/stm32g4xx_hal_rcc.c.obj
                0x08002b94                HAL_RCC_GetSysClockFreq
 .text.HAL_RCC_ClockConfig
                0x08002c1c      0x1f8 CMakeFiles/RC_All_Round.elf.dir/Drivers/STM32G4xx_HAL_Driver/Src/stm32g4xx_hal_rcc.c.obj
                0x08002c1c                HAL_RCC_ClockConfig
 .text.HAL_RCC_GetHCLKFreq
                0x08002e14        0xc CMakeFiles/RC_All_Round.elf.dir/Drivers/STM32G4xx_HAL_Driver/Src/stm32g4xx_hal_rcc.c.obj
                0x08002e14                HAL_RCC_GetHCLKFreq
 .text.HAL_RCC_GetPCLK1Freq
                0x08002e20       0x24 CMakeFiles/RC_All_Round.elf.dir/Drivers/STM32G4xx_HAL_Driver/Src/stm32g4xx_hal_rcc.c.obj
                0x08002e20                HAL_RCC_GetPCLK1Freq
 .text.HAL_RCC_GetPCLK2Freq
                0x08002e44       0x24 CMakeFiles/RC_All_Round.elf.dir/Drivers/STM32G4xx_HAL_Driver/Src/stm32g4xx_hal_rcc.c.obj
                0x08002e44                HAL_RCC_GetPCLK2Freq
 .text.HAL_RCC_GetClockConfig
                0x08002e68       0x3c CMakeFiles/RC_All_Round.elf.dir/Drivers/STM32G4xx_HAL_Driver/Src/stm32g4xx_hal_rcc.c.obj
                0x08002e68                HAL_RCC_GetClockConfig
 .text.HAL_RCCEx_PeriphCLKConfig
                0x08002ea4      0x378 CMakeFiles/RC_All_Round.elf.dir/Drivers/STM32G4xx_HAL_Driver/Src/stm32g4xx_hal_rcc_ex.c.obj
                0x08002ea4                HAL_RCCEx_PeriphCLKConfig
 .text.HAL_TIM_Base_MspInit
                0x0800321c        0x2 CMakeFiles/RC_All_Round.elf.dir/Drivers/STM32G4xx_HAL_Driver/Src/stm32g4xx_hal_tim.c.obj
                0x0800321c                HAL_TIM_Base_MspInit
 *fill*         0x0800321e        0x2 
 .text.HAL_TIM_Base_Start_IT
                0x08003220       0x94 CMakeFiles/RC_All_Round.elf.dir/Drivers/STM32G4xx_HAL_Driver/Src/stm32g4xx_hal_tim.c.obj
                0x08003220                HAL_TIM_Base_Start_IT
 .text.HAL_TIM_OC_DelayElapsedCallback
                0x080032b4        0x2 CMakeFiles/RC_All_Round.elf.dir/Drivers/STM32G4xx_HAL_Driver/Src/stm32g4xx_hal_tim.c.obj
                0x080032b4                HAL_TIM_OC_DelayElapsedCallback
 .text.HAL_TIM_IC_CaptureCallback
                0x080032b6        0x2 CMakeFiles/RC_All_Round.elf.dir/Drivers/STM32G4xx_HAL_Driver/Src/stm32g4xx_hal_tim.c.obj
                0x080032b6                HAL_TIM_IC_CaptureCallback
 .text.HAL_TIM_PWM_PulseFinishedCallback
                0x080032b8        0x2 CMakeFiles/RC_All_Round.elf.dir/Drivers/STM32G4xx_HAL_Driver/Src/stm32g4xx_hal_tim.c.obj
                0x080032b8                HAL_TIM_PWM_PulseFinishedCallback
 .text.HAL_TIM_TriggerCallback
                0x080032ba        0x2 CMakeFiles/RC_All_Round.elf.dir/Drivers/STM32G4xx_HAL_Driver/Src/stm32g4xx_hal_tim.c.obj
                0x080032ba                HAL_TIM_TriggerCallback
 .text.HAL_TIM_IRQHandler
                0x080032bc      0x1ea CMakeFiles/RC_All_Round.elf.dir/Drivers/STM32G4xx_HAL_Driver/Src/stm32g4xx_hal_tim.c.obj
                0x080032bc                HAL_TIM_IRQHandler
 *fill*         0x080034a6        0x2 
 .text.TIM_Base_SetConfig
                0x080034a8       0xf0 CMakeFiles/RC_All_Round.elf.dir/Drivers/STM32G4xx_HAL_Driver/Src/stm32g4xx_hal_tim.c.obj
                0x080034a8                TIM_Base_SetConfig
 .text.HAL_TIM_Base_Init
                0x08003598       0x60 CMakeFiles/RC_All_Round.elf.dir/Drivers/STM32G4xx_HAL_Driver/Src/stm32g4xx_hal_tim.c.obj
                0x08003598                HAL_TIM_Base_Init
 .text.HAL_TIMEx_CommutCallback
                0x080035f8        0x2 CMakeFiles/RC_All_Round.elf.dir/Drivers/STM32G4xx_HAL_Driver/Src/stm32g4xx_hal_tim_ex.c.obj
                0x080035f8                HAL_TIMEx_CommutCallback
 .text.HAL_TIMEx_BreakCallback
                0x080035fa        0x2 CMakeFiles/RC_All_Round.elf.dir/Drivers/STM32G4xx_HAL_Driver/Src/stm32g4xx_hal_tim_ex.c.obj
                0x080035fa                HAL_TIMEx_BreakCallback
 .text.HAL_TIMEx_Break2Callback
                0x080035fc        0x2 CMakeFiles/RC_All_Round.elf.dir/Drivers/STM32G4xx_HAL_Driver/Src/stm32g4xx_hal_tim_ex.c.obj
                0x080035fc                HAL_TIMEx_Break2Callback
 .text.HAL_TIMEx_EncoderIndexCallback
                0x080035fe        0x2 CMakeFiles/RC_All_Round.elf.dir/Drivers/STM32G4xx_HAL_Driver/Src/stm32g4xx_hal_tim_ex.c.obj
                0x080035fe                HAL_TIMEx_EncoderIndexCallback
 .text.HAL_TIMEx_DirectionChangeCallback
                0x08003600        0x2 CMakeFiles/RC_All_Round.elf.dir/Drivers/STM32G4xx_HAL_Driver/Src/stm32g4xx_hal_tim_ex.c.obj
                0x08003600                HAL_TIMEx_DirectionChangeCallback
 .text.HAL_TIMEx_IndexErrorCallback
                0x08003602        0x2 CMakeFiles/RC_All_Round.elf.dir/Drivers/STM32G4xx_HAL_Driver/Src/stm32g4xx_hal_tim_ex.c.obj
                0x08003602                HAL_TIMEx_IndexErrorCallback
 .text.HAL_TIMEx_TransitionErrorCallback
                0x08003604        0x2 CMakeFiles/RC_All_Round.elf.dir/Drivers/STM32G4xx_HAL_Driver/Src/stm32g4xx_hal_tim_ex.c.obj
                0x08003604                HAL_TIMEx_TransitionErrorCallback
 .text.UART_EndRxTransfer
                0x08003606       0x56 CMakeFiles/RC_All_Round.elf.dir/Drivers/STM32G4xx_HAL_Driver/Src/stm32g4xx_hal_uart.c.obj
 .text.HAL_UART_TxCpltCallback
                0x0800365c        0x2 CMakeFiles/RC_All_Round.elf.dir/Drivers/STM32G4xx_HAL_Driver/Src/stm32g4xx_hal_uart.c.obj
                0x0800365c                HAL_UART_TxCpltCallback
 .text.UART_EndTransmit_IT
                0x0800365e       0x24 CMakeFiles/RC_All_Round.elf.dir/Drivers/STM32G4xx_HAL_Driver/Src/stm32g4xx_hal_uart.c.obj
 .text.HAL_UART_ErrorCallback
                0x08003682        0x2 CMakeFiles/RC_All_Round.elf.dir/Drivers/STM32G4xx_HAL_Driver/Src/stm32g4xx_hal_uart.c.obj
                0x08003682                HAL_UART_ErrorCallback
 .text.UART_DMAAbortOnError
                0x08003684       0x10 CMakeFiles/RC_All_Round.elf.dir/Drivers/STM32G4xx_HAL_Driver/Src/stm32g4xx_hal_uart.c.obj
 .text.HAL_UARTEx_RxEventCallback
                0x08003694        0x2 CMakeFiles/RC_All_Round.elf.dir/Drivers/STM32G4xx_HAL_Driver/Src/stm32g4xx_hal_uart.c.obj
                0x08003694                HAL_UARTEx_RxEventCallback
 *fill*         0x08003696        0x2 
 .text.HAL_UART_IRQHandler
                0x08003698      0x364 CMakeFiles/RC_All_Round.elf.dir/Drivers/STM32G4xx_HAL_Driver/Src/stm32g4xx_hal_uart.c.obj
                0x08003698                HAL_UART_IRQHandler
 .text.UART_RxISR_8BIT
                0x080039fc       0xdc CMakeFiles/RC_All_Round.elf.dir/Drivers/STM32G4xx_HAL_Driver/Src/stm32g4xx_hal_uart.c.obj
 .text.UART_RxISR_16BIT
                0x08003ad8       0xd8 CMakeFiles/RC_All_Round.elf.dir/Drivers/STM32G4xx_HAL_Driver/Src/stm32g4xx_hal_uart.c.obj
 .text.UART_RxISR_8BIT_FIFOEN
                0x08003bb0      0x1c8 CMakeFiles/RC_All_Round.elf.dir/Drivers/STM32G4xx_HAL_Driver/Src/stm32g4xx_hal_uart.c.obj
 .text.UART_RxISR_16BIT_FIFOEN
                0x08003d78      0x1c8 CMakeFiles/RC_All_Round.elf.dir/Drivers/STM32G4xx_HAL_Driver/Src/stm32g4xx_hal_uart.c.obj
 .text.UART_SetConfig
                0x08003f40      0x388 CMakeFiles/RC_All_Round.elf.dir/Drivers/STM32G4xx_HAL_Driver/Src/stm32g4xx_hal_uart.c.obj
                0x08003f40                UART_SetConfig
 .text.UART_AdvFeatureConfig
                0x080042c8       0xca CMakeFiles/RC_All_Round.elf.dir/Drivers/STM32G4xx_HAL_Driver/Src/stm32g4xx_hal_uart.c.obj
                0x080042c8                UART_AdvFeatureConfig
 .text.UART_WaitOnFlagUntilTimeout
                0x08004392       0xa2 CMakeFiles/RC_All_Round.elf.dir/Drivers/STM32G4xx_HAL_Driver/Src/stm32g4xx_hal_uart.c.obj
                0x08004392                UART_WaitOnFlagUntilTimeout
 .text.HAL_UART_Transmit
                0x08004434       0xd2 CMakeFiles/RC_All_Round.elf.dir/Drivers/STM32G4xx_HAL_Driver/Src/stm32g4xx_hal_uart.c.obj
                0x08004434                HAL_UART_Transmit
 .text.HAL_UART_Receive
                0x08004506      0x118 CMakeFiles/RC_All_Round.elf.dir/Drivers/STM32G4xx_HAL_Driver/Src/stm32g4xx_hal_uart.c.obj
                0x08004506                HAL_UART_Receive
 .text.UART_CheckIdleState
                0x0800461e       0xca CMakeFiles/RC_All_Round.elf.dir/Drivers/STM32G4xx_HAL_Driver/Src/stm32g4xx_hal_uart.c.obj
                0x0800461e                UART_CheckIdleState
 .text.HAL_UART_Init
                0x080046e8       0x66 CMakeFiles/RC_All_Round.elf.dir/Drivers/STM32G4xx_HAL_Driver/Src/stm32g4xx_hal_uart.c.obj
                0x080046e8                HAL_UART_Init
 *fill*         0x0800474e        0x2 
 .text.UART_Start_Receive_IT
                0x08004750      0x13c CMakeFiles/RC_All_Round.elf.dir/Drivers/STM32G4xx_HAL_Driver/Src/stm32g4xx_hal_uart.c.obj
                0x08004750                UART_Start_Receive_IT
 .text.HAL_UART_Receive_IT
                0x0800488c       0x4c CMakeFiles/RC_All_Round.elf.dir/Drivers/STM32G4xx_HAL_Driver/Src/stm32g4xx_hal_uart.c.obj
                0x0800488c                HAL_UART_Receive_IT
 .text.UARTEx_SetNbDataToProcess
                0x080048d8       0x4c CMakeFiles/RC_All_Round.elf.dir/Drivers/STM32G4xx_HAL_Driver/Src/stm32g4xx_hal_uart_ex.c.obj
 .text.HAL_UARTEx_WakeupCallback
                0x08004924        0x2 CMakeFiles/RC_All_Round.elf.dir/Drivers/STM32G4xx_HAL_Driver/Src/stm32g4xx_hal_uart_ex.c.obj
                0x08004924                HAL_UARTEx_WakeupCallback
 .text.HAL_UARTEx_RxFifoFullCallback
                0x08004926        0x2 CMakeFiles/RC_All_Round.elf.dir/Drivers/STM32G4xx_HAL_Driver/Src/stm32g4xx_hal_uart_ex.c.obj
                0x08004926                HAL_UARTEx_RxFifoFullCallback
 .text.HAL_UARTEx_TxFifoEmptyCallback
                0x08004928        0x2 CMakeFiles/RC_All_Round.elf.dir/Drivers/STM32G4xx_HAL_Driver/Src/stm32g4xx_hal_uart_ex.c.obj
                0x08004928                HAL_UARTEx_TxFifoEmptyCallback
 .text.HAL_UARTEx_DisableFifoMode
                0x0800492a       0x3e CMakeFiles/RC_All_Round.elf.dir/Drivers/STM32G4xx_HAL_Driver/Src/stm32g4xx_hal_uart_ex.c.obj
                0x0800492a                HAL_UARTEx_DisableFifoMode
 .text.HAL_UARTEx_SetTxFifoThreshold
                0x08004968       0x4a CMakeFiles/RC_All_Round.elf.dir/Drivers/STM32G4xx_HAL_Driver/Src/stm32g4xx_hal_uart_ex.c.obj
                0x08004968                HAL_UARTEx_SetTxFifoThreshold
 .text.HAL_UARTEx_SetRxFifoThreshold
                0x080049b2       0x4a CMakeFiles/RC_All_Round.elf.dir/Drivers/STM32G4xx_HAL_Driver/Src/stm32g4xx_hal_uart_ex.c.obj
                0x080049b2                HAL_UARTEx_SetRxFifoThreshold
 .text.HAL_UART_RxCpltCallback
                0x080049fc       0x90 CMakeFiles/RC_All_Round.elf.dir/User/IRQ.c.obj
                0x080049fc                HAL_UART_RxCpltCallback
 .text.HAL_FDCAN_RxFifo0Callback
                0x08004a8c       0x24 CMakeFiles/RC_All_Round.elf.dir/User/IRQ.c.obj
                0x08004a8c                HAL_FDCAN_RxFifo0Callback
 .text.HAL_FDCAN_RxFifo1Callback
                0x08004ab0       0x24 CMakeFiles/RC_All_Round.elf.dir/User/IRQ.c.obj
                0x08004ab0                HAL_FDCAN_RxFifo1Callback
 .text.my_Init  0x08004ad4       0x40 CMakeFiles/RC_All_Round.elf.dir/User/Init.c.obj
                0x08004ad4                my_Init
 .text.RetargetInit
                0x08004b14       0x20 CMakeFiles/RC_All_Round.elf.dir/User/retarget.c.obj
                0x08004b14                RetargetInit
 .text._isatty  0x08004b34       0x16 CMakeFiles/RC_All_Round.elf.dir/User/retarget.c.obj
                0x08004b34                _isatty
 *fill*         0x08004b4a        0x2 
 .text._write   0x08004b4c       0x34 CMakeFiles/RC_All_Round.elf.dir/User/retarget.c.obj
                0x08004b4c                _write
 .text._close   0x08004b80       0x18 CMakeFiles/RC_All_Round.elf.dir/User/retarget.c.obj
                0x08004b80                _close
 .text._lseek   0x08004b98       0x10 CMakeFiles/RC_All_Round.elf.dir/User/retarget.c.obj
                0x08004b98                _lseek
 .text._read    0x08004ba8       0x30 CMakeFiles/RC_All_Round.elf.dir/User/retarget.c.obj
                0x08004ba8                _read
 .text._fstat   0x08004bd8       0x1a CMakeFiles/RC_All_Round.elf.dir/User/retarget.c.obj
                0x08004bd8                _fstat
 *fill*         0x08004bf2        0x2 
 .text.__errno  0x08004bf4        0xc c:/progra~2/gnuarm~1/102021~1.10/bin/../lib/gcc/arm-none-eabi/10.3.1/../../../../arm-none-eabi/lib/thumb/v7e-m/nofp\libg.a(lib_a-errno.o)
                0x08004bf4                __errno
 .text.__libc_init_array
                0x08004c00       0x48 c:/progra~2/gnuarm~1/102021~1.10/bin/../lib/gcc/arm-none-eabi/10.3.1/../../../../arm-none-eabi/lib/thumb/v7e-m/nofp\libg.a(lib_a-init.o)
                0x08004c00                __libc_init_array
 .text.memset   0x08004c48       0xa4 c:/progra~2/gnuarm~1/102021~1.10/bin/../lib/gcc/arm-none-eabi/10.3.1/../../../../arm-none-eabi/lib/thumb/v7e-m/nofp\libg.a(lib_a-memset.o)
                0x08004c48                memset
 .text.printf   0x08004cec       0x28 c:/progra~2/gnuarm~1/102021~1.10/bin/../lib/gcc/arm-none-eabi/10.3.1/../../../../arm-none-eabi/lib/thumb/v7e-m/nofp\libg.a(lib_a-printf.o)
                0x08004cec                printf
 .text._puts_r  0x08004d14       0x9c c:/progra~2/gnuarm~1/102021~1.10/bin/../lib/gcc/arm-none-eabi/10.3.1/../../../../arm-none-eabi/lib/thumb/v7e-m/nofp\libg.a(lib_a-puts.o)
                0x08004d14                _puts_r
 .text.puts     0x08004db0       0x10 c:/progra~2/gnuarm~1/102021~1.10/bin/../lib/gcc/arm-none-eabi/10.3.1/../../../../arm-none-eabi/lib/thumb/v7e-m/nofp\libg.a(lib_a-puts.o)
                0x08004db0                puts
 .text.setvbuf  0x08004dc0      0x1b0 c:/progra~2/gnuarm~1/102021~1.10/bin/../lib/gcc/arm-none-eabi/10.3.1/../../../../arm-none-eabi/lib/thumb/v7e-m/nofp\libg.a(lib_a-setvbuf.o)
                0x08004dc0                setvbuf
 .text._strtod_l
                0x08004f70      0xf30 c:/progra~2/gnuarm~1/102021~1.10/bin/../lib/gcc/arm-none-eabi/10.3.1/../../../../arm-none-eabi/lib/thumb/v7e-m/nofp\libg.a(lib_a-strtod.o)
                0x08004f70                _strtod_l
 .text.strtof   0x08005ea0       0xa0 c:/progra~2/gnuarm~1/102021~1.10/bin/../lib/gcc/arm-none-eabi/10.3.1/../../../../arm-none-eabi/lib/thumb/v7e-m/nofp\libg.a(lib_a-strtod.o)
                0x08005ea0                strtof
 .text._vfprintf_r
                0x08005f40     0x1ad4 c:/progra~2/gnuarm~1/102021~1.10/bin/../lib/gcc/arm-none-eabi/10.3.1/../../../../arm-none-eabi/lib/thumb/v7e-m/nofp\libg.a(lib_a-vfprintf.o)
                0x08005f40                _vfprintf_r
 .text.__sbprintf
                0x08007a14       0x80 c:/progra~2/gnuarm~1/102021~1.10/bin/../lib/gcc/arm-none-eabi/10.3.1/../../../../arm-none-eabi/lib/thumb/v7e-m/nofp\libg.a(lib_a-vfprintf.o)
 .text.__swsetup_r
                0x08007a94       0xd4 c:/progra~2/gnuarm~1/102021~1.10/bin/../lib/gcc/arm-none-eabi/10.3.1/../../../../arm-none-eabi/lib/thumb/v7e-m/nofp\libg.a(lib_a-wsetup.o)
                0x08007a94                __swsetup_r
 .text.quorem   0x08007b68      0x124 c:/progra~2/gnuarm~1/102021~1.10/bin/../lib/gcc/arm-none-eabi/10.3.1/../../../../arm-none-eabi/lib/thumb/v7e-m/nofp\libg.a(lib_a-dtoa.o)
 *fill*         0x08007c8c        0x4 
 .text._dtoa_r  0x08007c90      0xec4 c:/progra~2/gnuarm~1/102021~1.10/bin/../lib/gcc/arm-none-eabi/10.3.1/../../../../arm-none-eabi/lib/thumb/v7e-m/nofp\libg.a(lib_a-dtoa.o)
                0x08007c90                _dtoa_r
 .text.__sflush_r
                0x08008b54      0x120 c:/progra~2/gnuarm~1/102021~1.10/bin/../lib/gcc/arm-none-eabi/10.3.1/../../../../arm-none-eabi/lib/thumb/v7e-m/nofp\libg.a(lib_a-fflush.o)
                0x08008b54                __sflush_r
 .text._fflush_r
                0x08008c74       0x5c c:/progra~2/gnuarm~1/102021~1.10/bin/../lib/gcc/arm-none-eabi/10.3.1/../../../../arm-none-eabi/lib/thumb/v7e-m/nofp\libg.a(lib_a-fflush.o)
                0x08008c74                _fflush_r
 .text._cleanup_r
                0x08008cd0        0xc c:/progra~2/gnuarm~1/102021~1.10/bin/../lib/gcc/arm-none-eabi/10.3.1/../../../../arm-none-eabi/lib/thumb/v7e-m/nofp\libg.a(lib_a-findfp.o)
                0x08008cd0                _cleanup_r
 .text.__sinit  0x08008cdc      0x10c c:/progra~2/gnuarm~1/102021~1.10/bin/../lib/gcc/arm-none-eabi/10.3.1/../../../../arm-none-eabi/lib/thumb/v7e-m/nofp\libg.a(lib_a-findfp.o)
                0x08008cdc                __sinit
 .text.__sfp_lock_acquire
                0x08008de8        0xc c:/progra~2/gnuarm~1/102021~1.10/bin/../lib/gcc/arm-none-eabi/10.3.1/../../../../arm-none-eabi/lib/thumb/v7e-m/nofp\libg.a(lib_a-findfp.o)
                0x08008de8                __sfp_lock_acquire
 .text.__sfp_lock_release
                0x08008df4        0xc c:/progra~2/gnuarm~1/102021~1.10/bin/../lib/gcc/arm-none-eabi/10.3.1/../../../../arm-none-eabi/lib/thumb/v7e-m/nofp\libg.a(lib_a-findfp.o)
                0x08008df4                __sfp_lock_release
 .text._malloc_trim_r
                0x08008e00       0xa0 c:/progra~2/gnuarm~1/102021~1.10/bin/../lib/gcc/arm-none-eabi/10.3.1/../../../../arm-none-eabi/lib/thumb/v7e-m/nofp\libg.a(lib_a-freer.o)
                0x08008e00                _malloc_trim_r
 .text._free_r  0x08008ea0      0x20c c:/progra~2/gnuarm~1/102021~1.10/bin/../lib/gcc/arm-none-eabi/10.3.1/../../../../arm-none-eabi/lib/thumb/v7e-m/nofp\libg.a(lib_a-freer.o)
                0x08008ea0                _free_r
 .text.__sfvwrite_r
                0x080090ac      0x2e8 c:/progra~2/gnuarm~1/102021~1.10/bin/../lib/gcc/arm-none-eabi/10.3.1/../../../../arm-none-eabi/lib/thumb/v7e-m/nofp\libg.a(lib_a-fvwrite.o)
                0x080090ac                __sfvwrite_r
 .text._fwalk_reent
                0x08009394       0x48 c:/progra~2/gnuarm~1/102021~1.10/bin/../lib/gcc/arm-none-eabi/10.3.1/../../../../arm-none-eabi/lib/thumb/v7e-m/nofp\libg.a(lib_a-fwalk.o)
                0x08009394                _fwalk_reent
 .text.rshift   0x080093dc       0xa4 c:/progra~2/gnuarm~1/102021~1.10/bin/../lib/gcc/arm-none-eabi/10.3.1/../../../../arm-none-eabi/lib/thumb/v7e-m/nofp\libg.a(lib_a-gdtoa-gethex.o)
 .text.__gethex
                0x08009480      0x5bc c:/progra~2/gnuarm~1/102021~1.10/bin/../lib/gcc/arm-none-eabi/10.3.1/../../../../arm-none-eabi/lib/thumb/v7e-m/nofp\libg.a(lib_a-gdtoa-gethex.o)
                0x08009480                __gethex
 .text.__match  0x08009a3c       0x34 c:/progra~2/gnuarm~1/102021~1.10/bin/../lib/gcc/arm-none-eabi/10.3.1/../../../../arm-none-eabi/lib/thumb/v7e-m/nofp\libg.a(lib_a-gdtoa-hexnan.o)
                0x08009a3c                __match
 .text.__hexnan
                0x08009a70      0x1ac c:/progra~2/gnuarm~1/102021~1.10/bin/../lib/gcc/arm-none-eabi/10.3.1/../../../../arm-none-eabi/lib/thumb/v7e-m/nofp\libg.a(lib_a-gdtoa-hexnan.o)
                0x08009a70                __hexnan
 .text.__locale_mb_cur_max
                0x08009c1c        0xc c:/progra~2/gnuarm~1/102021~1.10/bin/../lib/gcc/arm-none-eabi/10.3.1/../../../../arm-none-eabi/lib/thumb/v7e-m/nofp\libg.a(lib_a-locale.o)
                0x08009c1c                __locale_mb_cur_max
 .text._localeconv_r
                0x08009c28        0x8 c:/progra~2/gnuarm~1/102021~1.10/bin/../lib/gcc/arm-none-eabi/10.3.1/../../../../arm-none-eabi/lib/thumb/v7e-m/nofp\libg.a(lib_a-localeconv.o)
                0x08009c28                _localeconv_r
 .text.__retarget_lock_init_recursive
                0x08009c30        0x4 c:/progra~2/gnuarm~1/102021~1.10/bin/../lib/gcc/arm-none-eabi/10.3.1/../../../../arm-none-eabi/lib/thumb/v7e-m/nofp\libg.a(lib_a-lock.o)
                0x08009c30                __retarget_lock_init_recursive
 .text.__retarget_lock_close_recursive
                0x08009c34        0x4 c:/progra~2/gnuarm~1/102021~1.10/bin/../lib/gcc/arm-none-eabi/10.3.1/../../../../arm-none-eabi/lib/thumb/v7e-m/nofp\libg.a(lib_a-lock.o)
                0x08009c34                __retarget_lock_close_recursive
 .text.__retarget_lock_acquire_recursive
                0x08009c38        0x4 c:/progra~2/gnuarm~1/102021~1.10/bin/../lib/gcc/arm-none-eabi/10.3.1/../../../../arm-none-eabi/lib/thumb/v7e-m/nofp\libg.a(lib_a-lock.o)
                0x08009c38                __retarget_lock_acquire_recursive
 .text.__retarget_lock_release_recursive
                0x08009c3c        0x4 c:/progra~2/gnuarm~1/102021~1.10/bin/../lib/gcc/arm-none-eabi/10.3.1/../../../../arm-none-eabi/lib/thumb/v7e-m/nofp\libg.a(lib_a-lock.o)
                0x08009c3c                __retarget_lock_release_recursive
 .text.__smakebuf_r
                0x08009c40       0xe0 c:/progra~2/gnuarm~1/102021~1.10/bin/../lib/gcc/arm-none-eabi/10.3.1/../../../../arm-none-eabi/lib/thumb/v7e-m/nofp\libg.a(lib_a-makebuf.o)
                0x08009c40                __smakebuf_r
 .text.__swhatbuf_r
                0x08009d20       0x60 c:/progra~2/gnuarm~1/102021~1.10/bin/../lib/gcc/arm-none-eabi/10.3.1/../../../../arm-none-eabi/lib/thumb/v7e-m/nofp\libg.a(lib_a-makebuf.o)
                0x08009d20                __swhatbuf_r
 .text.malloc   0x08009d80       0x10 c:/progra~2/gnuarm~1/102021~1.10/bin/../lib/gcc/arm-none-eabi/10.3.1/../../../../arm-none-eabi/lib/thumb/v7e-m/nofp\libg.a(lib_a-malloc.o)
                0x08009d80                malloc
 .text._malloc_r
                0x08009d90      0x560 c:/progra~2/gnuarm~1/102021~1.10/bin/../lib/gcc/arm-none-eabi/10.3.1/../../../../arm-none-eabi/lib/thumb/v7e-m/nofp\libg.a(lib_a-mallocr.o)
                0x08009d90                _malloc_r
 .text.__ascii_mbtowc
                0x0800a2f0       0x2c c:/progra~2/gnuarm~1/102021~1.10/bin/../lib/gcc/arm-none-eabi/10.3.1/../../../../arm-none-eabi/lib/thumb/v7e-m/nofp\libg.a(lib_a-mbtowc_r.o)
                0x0800a2f0                __ascii_mbtowc
 .text.memmove  0x0800a31c       0xf8 c:/progra~2/gnuarm~1/102021~1.10/bin/../lib/gcc/arm-none-eabi/10.3.1/../../../../arm-none-eabi/lib/thumb/v7e-m/nofp\libg.a(lib_a-memmove.o)
                0x0800a31c                memmove
 .text.__malloc_lock
                0x0800a414        0xc c:/progra~2/gnuarm~1/102021~1.10/bin/../lib/gcc/arm-none-eabi/10.3.1/../../../../arm-none-eabi/lib/thumb/v7e-m/nofp\libg.a(lib_a-mlock.o)
                0x0800a414                __malloc_lock
 .text.__malloc_unlock
                0x0800a420        0xc c:/progra~2/gnuarm~1/102021~1.10/bin/../lib/gcc/arm-none-eabi/10.3.1/../../../../arm-none-eabi/lib/thumb/v7e-m/nofp\libg.a(lib_a-mlock.o)
                0x0800a420                __malloc_unlock
 .text._Balloc  0x0800a42c       0x4c c:/progra~2/gnuarm~1/102021~1.10/bin/../lib/gcc/arm-none-eabi/10.3.1/../../../../arm-none-eabi/lib/thumb/v7e-m/nofp\libg.a(lib_a-mprec.o)
                0x0800a42c                _Balloc
 .text._Bfree   0x0800a478       0x14 c:/progra~2/gnuarm~1/102021~1.10/bin/../lib/gcc/arm-none-eabi/10.3.1/../../../../arm-none-eabi/lib/thumb/v7e-m/nofp\libg.a(lib_a-mprec.o)
                0x0800a478                _Bfree
 .text.__multadd
                0x0800a48c       0xa0 c:/progra~2/gnuarm~1/102021~1.10/bin/../lib/gcc/arm-none-eabi/10.3.1/../../../../arm-none-eabi/lib/thumb/v7e-m/nofp\libg.a(lib_a-mprec.o)
                0x0800a48c                __multadd
 .text.__s2b    0x0800a52c       0xb4 c:/progra~2/gnuarm~1/102021~1.10/bin/../lib/gcc/arm-none-eabi/10.3.1/../../../../arm-none-eabi/lib/thumb/v7e-m/nofp\libg.a(lib_a-mprec.o)
                0x0800a52c                __s2b
 .text.__hi0bits
                0x0800a5e0       0x40 c:/progra~2/gnuarm~1/102021~1.10/bin/../lib/gcc/arm-none-eabi/10.3.1/../../../../arm-none-eabi/lib/thumb/v7e-m/nofp\libg.a(lib_a-mprec.o)
                0x0800a5e0                __hi0bits
 .text.__lo0bits
                0x0800a620       0x5c c:/progra~2/gnuarm~1/102021~1.10/bin/../lib/gcc/arm-none-eabi/10.3.1/../../../../arm-none-eabi/lib/thumb/v7e-m/nofp\libg.a(lib_a-mprec.o)
                0x0800a620                __lo0bits
 .text.__i2b    0x0800a67c       0x5c c:/progra~2/gnuarm~1/102021~1.10/bin/../lib/gcc/arm-none-eabi/10.3.1/../../../../arm-none-eabi/lib/thumb/v7e-m/nofp\libg.a(lib_a-mprec.o)
                0x0800a67c                __i2b
 .text.__multiply
                0x0800a6d8      0x15c c:/progra~2/gnuarm~1/102021~1.10/bin/../lib/gcc/arm-none-eabi/10.3.1/../../../../arm-none-eabi/lib/thumb/v7e-m/nofp\libg.a(lib_a-mprec.o)
                0x0800a6d8                __multiply
 .text.__pow5mult
                0x0800a834       0xc0 c:/progra~2/gnuarm~1/102021~1.10/bin/../lib/gcc/arm-none-eabi/10.3.1/../../../../arm-none-eabi/lib/thumb/v7e-m/nofp\libg.a(lib_a-mprec.o)
                0x0800a834                __pow5mult
 .text.__lshift
                0x0800a8f4       0xf0 c:/progra~2/gnuarm~1/102021~1.10/bin/../lib/gcc/arm-none-eabi/10.3.1/../../../../arm-none-eabi/lib/thumb/v7e-m/nofp\libg.a(lib_a-mprec.o)
                0x0800a8f4                __lshift
 .text.__mcmp   0x0800a9e4       0x40 c:/progra~2/gnuarm~1/102021~1.10/bin/../lib/gcc/arm-none-eabi/10.3.1/../../../../arm-none-eabi/lib/thumb/v7e-m/nofp\libg.a(lib_a-mprec.o)
                0x0800a9e4                __mcmp
 .text.__mdiff  0x0800aa24      0x14c c:/progra~2/gnuarm~1/102021~1.10/bin/../lib/gcc/arm-none-eabi/10.3.1/../../../../arm-none-eabi/lib/thumb/v7e-m/nofp\libg.a(lib_a-mprec.o)
                0x0800aa24                __mdiff
 .text.__ulp    0x0800ab70       0x44 c:/progra~2/gnuarm~1/102021~1.10/bin/../lib/gcc/arm-none-eabi/10.3.1/../../../../arm-none-eabi/lib/thumb/v7e-m/nofp\libg.a(lib_a-mprec.o)
                0x0800ab70                __ulp
 .text.__b2d    0x0800abb4       0xd0 c:/progra~2/gnuarm~1/102021~1.10/bin/../lib/gcc/arm-none-eabi/10.3.1/../../../../arm-none-eabi/lib/thumb/v7e-m/nofp\libg.a(lib_a-mprec.o)
                0x0800abb4                __b2d
 .text.__d2b    0x0800ac84       0xc4 c:/progra~2/gnuarm~1/102021~1.10/bin/../lib/gcc/arm-none-eabi/10.3.1/../../../../arm-none-eabi/lib/thumb/v7e-m/nofp\libg.a(lib_a-mprec.o)
                0x0800ac84                __d2b
 .text.__ratio  0x0800ad48       0x5c c:/progra~2/gnuarm~1/102021~1.10/bin/../lib/gcc/arm-none-eabi/10.3.1/../../../../arm-none-eabi/lib/thumb/v7e-m/nofp\libg.a(lib_a-mprec.o)
                0x0800ad48                __ratio
 .text.__copybits
                0x0800ada4       0x5c c:/progra~2/gnuarm~1/102021~1.10/bin/../lib/gcc/arm-none-eabi/10.3.1/../../../../arm-none-eabi/lib/thumb/v7e-m/nofp\libg.a(lib_a-mprec.o)
                0x0800ada4                __copybits
 .text.__any_on
                0x0800ae00       0x60 c:/progra~2/gnuarm~1/102021~1.10/bin/../lib/gcc/arm-none-eabi/10.3.1/../../../../arm-none-eabi/lib/thumb/v7e-m/nofp\libg.a(lib_a-mprec.o)
                0x0800ae00                __any_on
 .text._realloc_r
                0x0800ae60      0x3d8 c:/progra~2/gnuarm~1/102021~1.10/bin/../lib/gcc/arm-none-eabi/10.3.1/../../../../arm-none-eabi/lib/thumb/v7e-m/nofp\libg.a(lib_a-reallocr.o)
                0x0800ae60                _realloc_r
 .text.frexp    0x0800b238       0x70 c:/progra~2/gnuarm~1/102021~1.10/bin/../lib/gcc/arm-none-eabi/10.3.1/../../../../arm-none-eabi/lib/thumb/v7e-m/nofp\libg.a(lib_a-s_frexp.o)
                0x0800b238                frexp
 .text.nan      0x0800b2a8        0xc c:/progra~2/gnuarm~1/102021~1.10/bin/../lib/gcc/arm-none-eabi/10.3.1/../../../../arm-none-eabi/lib/thumb/v7e-m/nofp\libg.a(lib_a-s_nan.o)
                0x0800b2a8                nan
 .text._sbrk_r  0x0800b2b4       0x24 c:/progra~2/gnuarm~1/102021~1.10/bin/../lib/gcc/arm-none-eabi/10.3.1/../../../../arm-none-eabi/lib/thumb/v7e-m/nofp\libg.a(lib_a-sbrkr.o)
                0x0800b2b4                _sbrk_r
 .text.nanf     0x0800b2d8        0x8 c:/progra~2/gnuarm~1/102021~1.10/bin/../lib/gcc/arm-none-eabi/10.3.1/../../../../arm-none-eabi/lib/thumb/v7e-m/nofp\libg.a(lib_a-sf_nan.o)
                0x0800b2d8                nanf
 .text.__sread  0x0800b2e0       0x24 c:/progra~2/gnuarm~1/102021~1.10/bin/../lib/gcc/arm-none-eabi/10.3.1/../../../../arm-none-eabi/lib/thumb/v7e-m/nofp\libg.a(lib_a-stdio.o)
                0x0800b2e0                __sread
 .text.__swrite
                0x0800b304       0x40 c:/progra~2/gnuarm~1/102021~1.10/bin/../lib/gcc/arm-none-eabi/10.3.1/../../../../arm-none-eabi/lib/thumb/v7e-m/nofp\libg.a(lib_a-stdio.o)
                0x0800b304                __swrite
 .text.__sseek  0x0800b344       0x20 c:/progra~2/gnuarm~1/102021~1.10/bin/../lib/gcc/arm-none-eabi/10.3.1/../../../../arm-none-eabi/lib/thumb/v7e-m/nofp\libg.a(lib_a-stdio.o)
                0x0800b344                __sseek
 .text.__sclose
                0x0800b364        0x8 c:/progra~2/gnuarm~1/102021~1.10/bin/../lib/gcc/arm-none-eabi/10.3.1/../../../../arm-none-eabi/lib/thumb/v7e-m/nofp\libg.a(lib_a-stdio.o)
                0x0800b364                __sclose
 .text.strncmp  0x0800b36c       0x80 c:/progra~2/gnuarm~1/102021~1.10/bin/../lib/gcc/arm-none-eabi/10.3.1/../../../../arm-none-eabi/lib/thumb/v7e-m/nofp\libg.a(lib_a-strncmp.o)
                0x0800b36c                strncmp
 .text.strncpy  0x0800b3ec       0x64 c:/progra~2/gnuarm~1/102021~1.10/bin/../lib/gcc/arm-none-eabi/10.3.1/../../../../arm-none-eabi/lib/thumb/v7e-m/nofp\libg.a(lib_a-strncpy.o)
                0x0800b3ec                strncpy
 .text.__sprint_r.part.0
                0x0800b450       0x78 c:/progra~2/gnuarm~1/102021~1.10/bin/../lib/gcc/arm-none-eabi/10.3.1/../../../../arm-none-eabi/lib/thumb/v7e-m/nofp\libg.a(lib_a-vfiprintf.o)
 .text.__sprint_r
                0x0800b4c8       0x14 c:/progra~2/gnuarm~1/102021~1.10/bin/../lib/gcc/arm-none-eabi/10.3.1/../../../../arm-none-eabi/lib/thumb/v7e-m/nofp\libg.a(lib_a-vfiprintf.o)
                0x0800b4c8                __sprint_r
 .text._vfiprintf_r
                0x0800b4dc      0xda0 c:/progra~2/gnuarm~1/102021~1.10/bin/../lib/gcc/arm-none-eabi/10.3.1/../../../../arm-none-eabi/lib/thumb/v7e-m/nofp\libg.a(lib_a-vfiprintf.o)
                0x0800b4dc                _vfiprintf_r
 .text.__sbprintf
                0x0800c27c       0x80 c:/progra~2/gnuarm~1/102021~1.10/bin/../lib/gcc/arm-none-eabi/10.3.1/../../../../arm-none-eabi/lib/thumb/v7e-m/nofp\libg.a(lib_a-vfiprintf.o)
 .text.__ascii_wctomb
                0x0800c2fc       0x1c c:/progra~2/gnuarm~1/102021~1.10/bin/../lib/gcc/arm-none-eabi/10.3.1/../../../../arm-none-eabi/lib/thumb/v7e-m/nofp\libg.a(lib_a-wctomb_r.o)
                0x0800c2fc                __ascii_wctomb
 .text._write_r
                0x0800c318       0x2c c:/progra~2/gnuarm~1/102021~1.10/bin/../lib/gcc/arm-none-eabi/10.3.1/../../../../arm-none-eabi/lib/thumb/v7e-m/nofp\libg.a(lib_a-writer.o)
                0x0800c318                _write_r
 .text.__assert_func
                0x0800c344       0x40 c:/progra~2/gnuarm~1/102021~1.10/bin/../lib/gcc/arm-none-eabi/10.3.1/../../../../arm-none-eabi/lib/thumb/v7e-m/nofp\libg.a(lib_a-assert.o)
                0x0800c344                __assert_func
 .text._calloc_r
                0x0800c384       0x78 c:/progra~2/gnuarm~1/102021~1.10/bin/../lib/gcc/arm-none-eabi/10.3.1/../../../../arm-none-eabi/lib/thumb/v7e-m/nofp\libg.a(lib_a-callocr.o)
                0x0800c384                _calloc_r
 .text._close_r
                0x0800c3fc       0x24 c:/progra~2/gnuarm~1/102021~1.10/bin/../lib/gcc/arm-none-eabi/10.3.1/../../../../arm-none-eabi/lib/thumb/v7e-m/nofp\libg.a(lib_a-closer.o)
                0x0800c3fc                _close_r
 .text._fclose_r
                0x0800c420       0xcc c:/progra~2/gnuarm~1/102021~1.10/bin/../lib/gcc/arm-none-eabi/10.3.1/../../../../arm-none-eabi/lib/thumb/v7e-m/nofp\libg.a(lib_a-fclose.o)
                0x0800c420                _fclose_r
 .text.fiprintf
                0x0800c4ec       0x28 c:/progra~2/gnuarm~1/102021~1.10/bin/../lib/gcc/arm-none-eabi/10.3.1/../../../../arm-none-eabi/lib/thumb/v7e-m/nofp\libg.a(lib_a-fiprintf.o)
                0x0800c4ec                fiprintf
 .text.__fputwc
                0x0800c514       0xa8 c:/progra~2/gnuarm~1/102021~1.10/bin/../lib/gcc/arm-none-eabi/10.3.1/../../../../arm-none-eabi/lib/thumb/v7e-m/nofp\libg.a(lib_a-fputwc.o)
                0x0800c514                __fputwc
 .text._fputwc_r
                0x0800c5bc       0x68 c:/progra~2/gnuarm~1/102021~1.10/bin/../lib/gcc/arm-none-eabi/10.3.1/../../../../arm-none-eabi/lib/thumb/v7e-m/nofp\libg.a(lib_a-fputwc.o)
                0x0800c5bc                _fputwc_r
 .text._fstat_r
                0x0800c624       0x2c c:/progra~2/gnuarm~1/102021~1.10/bin/../lib/gcc/arm-none-eabi/10.3.1/../../../../arm-none-eabi/lib/thumb/v7e-m/nofp\libg.a(lib_a-fstatr.o)
                0x0800c624                _fstat_r
 .text._isatty_r
                0x0800c650       0x24 c:/progra~2/gnuarm~1/102021~1.10/bin/../lib/gcc/arm-none-eabi/10.3.1/../../../../arm-none-eabi/lib/thumb/v7e-m/nofp\libg.a(lib_a-isattyr.o)
                0x0800c650                _isatty_r
 .text._lseek_r
                0x0800c674       0x2c c:/progra~2/gnuarm~1/102021~1.10/bin/../lib/gcc/arm-none-eabi/10.3.1/../../../../arm-none-eabi/lib/thumb/v7e-m/nofp\libg.a(lib_a-lseekr.o)
                0x0800c674                _lseek_r
 .text._read_r  0x0800c6a0       0x2c c:/progra~2/gnuarm~1/102021~1.10/bin/../lib/gcc/arm-none-eabi/10.3.1/../../../../arm-none-eabi/lib/thumb/v7e-m/nofp\libg.a(lib_a-readr.o)
                0x0800c6a0                _read_r
 .text.__swbuf_r
                0x0800c6cc       0xb0 c:/progra~2/gnuarm~1/102021~1.10/bin/../lib/gcc/arm-none-eabi/10.3.1/../../../../arm-none-eabi/lib/thumb/v7e-m/nofp\libg.a(lib_a-wbuf.o)
                0x0800c6cc                __swbuf_r
 .text._wcrtomb_r
                0x0800c77c       0x3c c:/progra~2/gnuarm~1/102021~1.10/bin/../lib/gcc/arm-none-eabi/10.3.1/../../../../arm-none-eabi/lib/thumb/v7e-m/nofp\libg.a(lib_a-wcrtomb.o)
                0x0800c77c                _wcrtomb_r
 .text.abort    0x0800c7b8       0x10 c:/progra~2/gnuarm~1/102021~1.10/bin/../lib/gcc/arm-none-eabi/10.3.1/../../../../arm-none-eabi/lib/thumb/v7e-m/nofp\libg.a(lib_a-abort.o)
                0x0800c7b8                abort
 .text.raise    0x0800c7c8       0x5c c:/progra~2/gnuarm~1/102021~1.10/bin/../lib/gcc/arm-none-eabi/10.3.1/../../../../arm-none-eabi/lib/thumb/v7e-m/nofp\libg.a(lib_a-signal.o)
                0x0800c7c8                raise
 .text._kill_r  0x0800c824       0x2c c:/progra~2/gnuarm~1/102021~1.10/bin/../lib/gcc/arm-none-eabi/10.3.1/../../../../arm-none-eabi/lib/thumb/v7e-m/nofp\libg.a(lib_a-signalr.o)
                0x0800c824                _kill_r
 .text._getpid_r
                0x0800c850        0x4 c:/progra~2/gnuarm~1/102021~1.10/bin/../lib/gcc/arm-none-eabi/10.3.1/../../../../arm-none-eabi/lib/thumb/v7e-m/nofp\libg.a(lib_a-signalr.o)
                0x0800c850                _getpid_r
 *(.glue_7)
 .glue_7        0x0800c854        0x0 linker stubs
 *(.glue_7t)
 .glue_7t       0x0800c854        0x0 linker stubs
 *(.eh_frame)
 *(.init)
 .init          0x0800c854        0x4 c:/progra~2/gnuarm~1/102021~1.10/bin/../lib/gcc/arm-none-eabi/10.3.1/thumb/v7e-m/nofp/crti.o
                0x0800c854                _init
 .init          0x0800c858        0x8 c:/progra~2/gnuarm~1/102021~1.10/bin/../lib/gcc/arm-none-eabi/10.3.1/thumb/v7e-m/nofp/crtn.o
 *(.fini)
 .fini          0x0800c860        0x4 c:/progra~2/gnuarm~1/102021~1.10/bin/../lib/gcc/arm-none-eabi/10.3.1/thumb/v7e-m/nofp/crti.o
                0x0800c860                _fini
 .fini          0x0800c864        0x8 c:/progra~2/gnuarm~1/102021~1.10/bin/../lib/gcc/arm-none-eabi/10.3.1/thumb/v7e-m/nofp/crtn.o
                0x0800c86c                . = ALIGN (0x4)
                0x0800c86c                _etext = .

.vfp11_veneer   0x0800c86c        0x0
 .vfp11_veneer  0x0800c86c        0x0 linker stubs

.v4_bx          0x0800c86c        0x0
 .v4_bx         0x0800c86c        0x0 linker stubs

.iplt           0x0800c86c        0x0
 .iplt          0x0800c86c        0x0 CMakeFiles/RC_All_Round.elf.dir/BSP/my_fdcan.c.obj

.rodata         0x0800c870      0x680
                0x0800c870                . = ALIGN (0x4)
 *(.rodata)
 *(.rodata*)
 .rodata.main.str1.4
                0x0800c870        0xd CMakeFiles/RC_All_Round.elf.dir/Core/Src/main.c.obj
 *fill*         0x0800c87d        0x3 
 .rodata.AHBPrescTable
                0x0800c880       0x10 CMakeFiles/RC_All_Round.elf.dir/Core/Src/system_stm32g4xx.c.obj
                0x0800c880                AHBPrescTable
 .rodata.APBPrescTable
                0x0800c890        0x8 CMakeFiles/RC_All_Round.elf.dir/Core/Src/system_stm32g4xx.c.obj
                0x0800c890                APBPrescTable
 .rodata.DLCtoBytes
                0x0800c898       0x10 CMakeFiles/RC_All_Round.elf.dir/Drivers/STM32G4xx_HAL_Driver/Src/stm32g4xx_hal_fdcan.c.obj
 .rodata.UARTPrescTable
                0x0800c8a8       0x18 CMakeFiles/RC_All_Round.elf.dir/Drivers/STM32G4xx_HAL_Driver/Src/stm32g4xx_hal_uart.c.obj
                0x0800c8a8                UARTPrescTable
 .rodata.denominator.0
                0x0800c8c0        0x8 CMakeFiles/RC_All_Round.elf.dir/Drivers/STM32G4xx_HAL_Driver/Src/stm32g4xx_hal_uart_ex.c.obj
 .rodata.numerator.1
                0x0800c8c8        0x8 CMakeFiles/RC_All_Round.elf.dir/Drivers/STM32G4xx_HAL_Driver/Src/stm32g4xx_hal_uart_ex.c.obj
 .rodata.HAL_UART_RxCpltCallback.str1.4
                0x0800c8d0       0x25 CMakeFiles/RC_All_Round.elf.dir/User/IRQ.c.obj
 *fill*         0x0800c8f5        0x3 
 .rodata._puts_r.str1.4
                0x0800c8f8        0x2 c:/progra~2/gnuarm~1/102021~1.10/bin/../lib/gcc/arm-none-eabi/10.3.1/../../../../arm-none-eabi/lib/thumb/v7e-m/nofp\libg.a(lib_a-puts.o)
 *fill*         0x0800c8fa        0x2 
 .rodata._strtod_l.str1.4
                0x0800c8fc        0xf c:/progra~2/gnuarm~1/102021~1.10/bin/../lib/gcc/arm-none-eabi/10.3.1/../../../../arm-none-eabi/lib/thumb/v7e-m/nofp\libg.a(lib_a-strtod.o)
                                 0x11 (size before relaxing)
 *fill*         0x0800c90b        0x1 
 .rodata.fpi.1  0x0800c90c       0x14 c:/progra~2/gnuarm~1/102021~1.10/bin/../lib/gcc/arm-none-eabi/10.3.1/../../../../arm-none-eabi/lib/thumb/v7e-m/nofp\libg.a(lib_a-strtod.o)
 .rodata.fpinan.0
                0x0800c920       0x14 c:/progra~2/gnuarm~1/102021~1.10/bin/../lib/gcc/arm-none-eabi/10.3.1/../../../../arm-none-eabi/lib/thumb/v7e-m/nofp\libg.a(lib_a-strtod.o)
 *fill*         0x0800c934        0x4 
 .rodata.tinytens
                0x0800c938       0x28 c:/progra~2/gnuarm~1/102021~1.10/bin/../lib/gcc/arm-none-eabi/10.3.1/../../../../arm-none-eabi/lib/thumb/v7e-m/nofp\libg.a(lib_a-strtod.o)
 .rodata._vfprintf_r.str1.4
                0x0800c960       0x42 c:/progra~2/gnuarm~1/102021~1.10/bin/../lib/gcc/arm-none-eabi/10.3.1/../../../../arm-none-eabi/lib/thumb/v7e-m/nofp\libg.a(lib_a-vfprintf.o)
 *fill*         0x0800c9a2        0x2 
 .rodata.blanks.1
                0x0800c9a4       0x10 c:/progra~2/gnuarm~1/102021~1.10/bin/../lib/gcc/arm-none-eabi/10.3.1/../../../../arm-none-eabi/lib/thumb/v7e-m/nofp\libg.a(lib_a-vfprintf.o)
 .rodata.zeroes.0
                0x0800c9b4       0x10 c:/progra~2/gnuarm~1/102021~1.10/bin/../lib/gcc/arm-none-eabi/10.3.1/../../../../arm-none-eabi/lib/thumb/v7e-m/nofp\libg.a(lib_a-vfprintf.o)
 .rodata._dtoa_r.str1.4
                0x0800c9c4       0xa2 c:/progra~2/gnuarm~1/102021~1.10/bin/../lib/gcc/arm-none-eabi/10.3.1/../../../../arm-none-eabi/lib/thumb/v7e-m/nofp\libg.a(lib_a-dtoa.o)
                                 0xa6 (size before relaxing)
 *fill*         0x0800ca66        0x2 
 .rodata.__gethex.str1.4
                0x0800ca68       0x86 c:/progra~2/gnuarm~1/102021~1.10/bin/../lib/gcc/arm-none-eabi/10.3.1/../../../../arm-none-eabi/lib/thumb/v7e-m/nofp\libg.a(lib_a-gdtoa-gethex.o)
                                 0x9a (size before relaxing)
 *fill*         0x0800caee        0x2 
 .rodata.__hexdig
                0x0800caf0      0x100 c:/progra~2/gnuarm~1/102021~1.10/bin/../lib/gcc/arm-none-eabi/10.3.1/../../../../arm-none-eabi/lib/thumb/v7e-m/nofp\libg.a(lib_a-gdtoa-gethex.o)
                0x0800caf0                __hexdig
 .rodata.str1.4
                0x0800cbf0        0x2 c:/progra~2/gnuarm~1/102021~1.10/bin/../lib/gcc/arm-none-eabi/10.3.1/../../../../arm-none-eabi/lib/thumb/v7e-m/nofp\libg.a(lib_a-lnumeric.o)
                                  0x5 (size before relaxing)
 *fill*         0x0800cbf2        0x2 
 .rodata._C_numeric_locale
                0x0800cbf4        0xc c:/progra~2/gnuarm~1/102021~1.10/bin/../lib/gcc/arm-none-eabi/10.3.1/../../../../arm-none-eabi/lib/thumb/v7e-m/nofp\libg.a(lib_a-lnumeric.o)
                0x0800cbf4                _C_numeric_locale
 .rodata._setlocale_r.str1.4
                0x0800cc00        0xa c:/progra~2/gnuarm~1/102021~1.10/bin/../lib/gcc/arm-none-eabi/10.3.1/../../../../arm-none-eabi/lib/thumb/v7e-m/nofp\libg.a(lib_a-locale.o)
                                  0xd (size before relaxing)
 .rodata.str1.4
                0x0800cc0a        0x2 c:/progra~2/gnuarm~1/102021~1.10/bin/../lib/gcc/arm-none-eabi/10.3.1/../../../../arm-none-eabi/lib/thumb/v7e-m/nofp\libg.a(lib_a-locale.o)
 *fill*         0x0800cc0a        0x2 
 .rodata.__multadd.str1.4
                0x0800cc0c       0x7f c:/progra~2/gnuarm~1/102021~1.10/bin/../lib/gcc/arm-none-eabi/10.3.1/../../../../arm-none-eabi/lib/thumb/v7e-m/nofp\libg.a(lib_a-mprec.o)
                                 0x93 (size before relaxing)
 *fill*         0x0800cc8b        0x5 
 .rodata.__mprec_bigtens
                0x0800cc90       0x28 c:/progra~2/gnuarm~1/102021~1.10/bin/../lib/gcc/arm-none-eabi/10.3.1/../../../../arm-none-eabi/lib/thumb/v7e-m/nofp\libg.a(lib_a-mprec.o)
                0x0800cc90                __mprec_bigtens
 .rodata.__mprec_tens
                0x0800ccb8       0xc8 c:/progra~2/gnuarm~1/102021~1.10/bin/../lib/gcc/arm-none-eabi/10.3.1/../../../../arm-none-eabi/lib/thumb/v7e-m/nofp\libg.a(lib_a-mprec.o)
                0x0800ccb8                __mprec_tens
 .rodata.p05.0  0x0800cd80        0xc c:/progra~2/gnuarm~1/102021~1.10/bin/../lib/gcc/arm-none-eabi/10.3.1/../../../../arm-none-eabi/lib/thumb/v7e-m/nofp\libg.a(lib_a-mprec.o)
 .rodata._vfiprintf_r.str1.4
                0x0800cd8c       0x2f c:/progra~2/gnuarm~1/102021~1.10/bin/../lib/gcc/arm-none-eabi/10.3.1/../../../../arm-none-eabi/lib/thumb/v7e-m/nofp\libg.a(lib_a-vfiprintf.o)
 .rodata.blanks.1
                0x0800cd8c       0x10 c:/progra~2/gnuarm~1/102021~1.10/bin/../lib/gcc/arm-none-eabi/10.3.1/../../../../arm-none-eabi/lib/thumb/v7e-m/nofp\libg.a(lib_a-vfiprintf.o)
 .rodata.zeroes.0
                0x0800cd9c       0x10 c:/progra~2/gnuarm~1/102021~1.10/bin/../lib/gcc/arm-none-eabi/10.3.1/../../../../arm-none-eabi/lib/thumb/v7e-m/nofp\libg.a(lib_a-vfiprintf.o)
 .rodata.__assert_func.str1.4
                0x0800cdac       0x3f c:/progra~2/gnuarm~1/102021~1.10/bin/../lib/gcc/arm-none-eabi/10.3.1/../../../../arm-none-eabi/lib/thumb/v7e-m/nofp\libg.a(lib_a-assert.o)
                                 0x43 (size before relaxing)
 *fill*         0x0800cdeb        0x1 
 .rodata._ctype_
                0x0800cdec      0x101 c:/progra~2/gnuarm~1/102021~1.10/bin/../lib/gcc/arm-none-eabi/10.3.1/../../../../arm-none-eabi/lib/thumb/v7e-m/nofp\libg.a(lib_a-ctype_.o)
                0x0800cdec                _ctype_
                0x0800cef0                . = ALIGN (0x4)
 *fill*         0x0800ceed        0x3 
                0x0800cef8                _sidata = LOADADDR (.data)

.ARM.exidx      0x0800cef0        0x8
 .ARM.exidx     0x0800cef0        0x8 c:/progra~2/gnuarm~1/102021~1.10/bin/../lib/gcc/arm-none-eabi/10.3.1/thumb/v7e-m/nofp\libgcc.a(_udivmoddi4.o)

.rel.dyn        0x0800cef8        0x0
 .rel.iplt      0x0800cef8        0x0 CMakeFiles/RC_All_Round.elf.dir/BSP/my_fdcan.c.obj

.data           0x20000000      0x9b8 load address 0x0800cef8
                0x20000000                . = ALIGN (0x4)
                0x20000000                _sdata = .
 *(.data)
 *(.data*)
 .data.SystemCoreClock
                0x20000000        0x4 CMakeFiles/RC_All_Round.elf.dir/Core/Src/system_stm32g4xx.c.obj
                0x20000000                SystemCoreClock
 .data.uwTickFreq
                0x20000004        0x4 CMakeFiles/RC_All_Round.elf.dir/Drivers/STM32G4xx_HAL_Driver/Src/stm32g4xx_hal.c.obj
                0x20000004                uwTickFreq
 .data.uwTickPrio
                0x20000008        0x4 CMakeFiles/RC_All_Round.elf.dir/Drivers/STM32G4xx_HAL_Driver/Src/stm32g4xx_hal.c.obj
                0x20000008                uwTickPrio
 .data._impure_ptr
                0x2000000c        0x4 c:/progra~2/gnuarm~1/102021~1.10/bin/../lib/gcc/arm-none-eabi/10.3.1/../../../../arm-none-eabi/lib/thumb/v7e-m/nofp\libg.a(lib_a-impure.o)
                0x2000000c                _impure_ptr
 .data.impure_data
                0x20000010      0x428 c:/progra~2/gnuarm~1/102021~1.10/bin/../lib/gcc/arm-none-eabi/10.3.1/../../../../arm-none-eabi/lib/thumb/v7e-m/nofp\libg.a(lib_a-impure.o)
 .data.numempty
                0x20000438        0x2 c:/progra~2/gnuarm~1/102021~1.10/bin/../lib/gcc/arm-none-eabi/10.3.1/../../../../arm-none-eabi/lib/thumb/v7e-m/nofp\libg.a(lib_a-lnumeric.o)
 *fill*         0x2000043a        0x2 
 .data.__global_locale
                0x2000043c      0x16c c:/progra~2/gnuarm~1/102021~1.10/bin/../lib/gcc/arm-none-eabi/10.3.1/../../../../arm-none-eabi/lib/thumb/v7e-m/nofp\libg.a(lib_a-locale.o)
                0x2000043c                __global_locale
 .data.__malloc_av_
                0x200005a8      0x408 c:/progra~2/gnuarm~1/102021~1.10/bin/../lib/gcc/arm-none-eabi/10.3.1/../../../../arm-none-eabi/lib/thumb/v7e-m/nofp\libg.a(lib_a-mallocr.o)
                0x200005a8                __malloc_av_
 .data.__malloc_sbrk_base
                0x200009b0        0x4 c:/progra~2/gnuarm~1/102021~1.10/bin/../lib/gcc/arm-none-eabi/10.3.1/../../../../arm-none-eabi/lib/thumb/v7e-m/nofp\libg.a(lib_a-mallocr.o)
                0x200009b0                __malloc_sbrk_base
 .data.__malloc_trim_threshold
                0x200009b4        0x4 c:/progra~2/gnuarm~1/102021~1.10/bin/../lib/gcc/arm-none-eabi/10.3.1/../../../../arm-none-eabi/lib/thumb/v7e-m/nofp\libg.a(lib_a-mallocr.o)
                0x200009b4                __malloc_trim_threshold
 *(.RamFunc)
 *(.RamFunc*)
                0x200009b8                . = ALIGN (0x4)
                0x200009b8                _edata = .

.igot.plt       0x200009b8        0x0 load address 0x0800d8b0
 .igot.plt      0x200009b8        0x0 CMakeFiles/RC_All_Round.elf.dir/BSP/my_fdcan.c.obj
                0x200009b8                . = ALIGN (0x4)

.bss            0x200009b8      0x2bc load address 0x0800d8b0
                0x200009b8                _sbss = .
                0x200009b8                __bss_start__ = _sbss
 *(.bss)
 *(.bss*)
 .bss.pid_position
                0x200009b8       0x28 CMakeFiles/RC_All_Round.elf.dir/Controller/PID.c.obj
                0x200009b8                pid_position
 .bss.pid_speed
                0x200009e0       0x28 CMakeFiles/RC_All_Round.elf.dir/Controller/PID.c.obj
                0x200009e0                pid_speed
 .bss.Target_Position_1
                0x20000a08        0x4 CMakeFiles/RC_All_Round.elf.dir/Controller/PID_Adjust.c.obj
                0x20000a08                Target_Position_1
 .bss.Target_Position_last_1
                0x20000a0c        0x4 CMakeFiles/RC_All_Round.elf.dir/Controller/PID_Adjust.c.obj
                0x20000a0c                Target_Position_last_1
 .bss.Target_Speed_1
                0x20000a10        0x4 CMakeFiles/RC_All_Round.elf.dir/Controller/PID_Adjust.c.obj
                0x20000a10                Target_Speed_1
 .bss.hfdcan1   0x20000a14       0x64 CMakeFiles/RC_All_Round.elf.dir/Core/Src/fdcan.c.obj
                0x20000a14                hfdcan1
 .bss.htim4     0x20000a78       0x4c CMakeFiles/RC_All_Round.elf.dir/Core/Src/stm32g4xx_hal_timebase_tim.c.obj
                0x20000a78                htim4
 .bss.__sbrk_heap_end
                0x20000ac4        0x4 CMakeFiles/RC_All_Round.elf.dir/Core/Src/sysmem.c.obj
 .bss.huart3    0x20000ac8       0x94 CMakeFiles/RC_All_Round.elf.dir/Core/Src/usart.c.obj
                0x20000ac8                huart3
 .bss.uwTick    0x20000b5c        0x4 CMakeFiles/RC_All_Round.elf.dir/Drivers/STM32G4xx_HAL_Driver/Src/stm32g4xx_hal.c.obj
                0x20000b5c                uwTick
 .bss.DataBuff  0x20000b60       0xc8 CMakeFiles/RC_All_Round.elf.dir/User/retarget.c.obj
                0x20000b60                DataBuff
 .bss.RxBuffer  0x20000c28        0x1 CMakeFiles/RC_All_Round.elf.dir/User/retarget.c.obj
                0x20000c28                RxBuffer
 *fill*         0x20000c29        0x1 
 .bss.RxLine    0x20000c2a        0x2 CMakeFiles/RC_All_Round.elf.dir/User/retarget.c.obj
                0x20000c2a                RxLine
 .bss.gHuart    0x20000c2c        0x4 CMakeFiles/RC_All_Round.elf.dir/User/retarget.c.obj
                0x20000c2c                gHuart
 .bss.__lock___malloc_recursive_mutex
                0x20000c30        0x1 c:/progra~2/gnuarm~1/102021~1.10/bin/../lib/gcc/arm-none-eabi/10.3.1/../../../../arm-none-eabi/lib/thumb/v7e-m/nofp\libg.a(lib_a-lock.o)
                0x20000c30                __lock___malloc_recursive_mutex
 *fill*         0x20000c31        0x3 
 .bss.__lock___sfp_recursive_mutex
                0x20000c34        0x1 c:/progra~2/gnuarm~1/102021~1.10/bin/../lib/gcc/arm-none-eabi/10.3.1/../../../../arm-none-eabi/lib/thumb/v7e-m/nofp\libg.a(lib_a-lock.o)
                0x20000c34                __lock___sfp_recursive_mutex
 *fill*         0x20000c35        0x3 
 .bss.__lock___sinit_recursive_mutex
                0x20000c38        0x1 c:/progra~2/gnuarm~1/102021~1.10/bin/../lib/gcc/arm-none-eabi/10.3.1/../../../../arm-none-eabi/lib/thumb/v7e-m/nofp\libg.a(lib_a-lock.o)
                0x20000c38                __lock___sinit_recursive_mutex
 *fill*         0x20000c39        0x3 
 .bss.__malloc_current_mallinfo
                0x20000c3c       0x28 c:/progra~2/gnuarm~1/102021~1.10/bin/../lib/gcc/arm-none-eabi/10.3.1/../../../../arm-none-eabi/lib/thumb/v7e-m/nofp\libg.a(lib_a-mallocr.o)
                0x20000c3c                __malloc_current_mallinfo
 .bss.__malloc_max_sbrked_mem
                0x20000c64        0x4 c:/progra~2/gnuarm~1/102021~1.10/bin/../lib/gcc/arm-none-eabi/10.3.1/../../../../arm-none-eabi/lib/thumb/v7e-m/nofp\libg.a(lib_a-mallocr.o)
                0x20000c64                __malloc_max_sbrked_mem
 .bss.__malloc_max_total_mem
                0x20000c68        0x4 c:/progra~2/gnuarm~1/102021~1.10/bin/../lib/gcc/arm-none-eabi/10.3.1/../../../../arm-none-eabi/lib/thumb/v7e-m/nofp\libg.a(lib_a-mallocr.o)
                0x20000c68                __malloc_max_total_mem
 .bss.__malloc_top_pad
                0x20000c6c        0x4 c:/progra~2/gnuarm~1/102021~1.10/bin/../lib/gcc/arm-none-eabi/10.3.1/../../../../arm-none-eabi/lib/thumb/v7e-m/nofp\libg.a(lib_a-mallocr.o)
                0x20000c6c                __malloc_top_pad
 .bss.errno     0x20000c70        0x4 c:/progra~2/gnuarm~1/102021~1.10/bin/../lib/gcc/arm-none-eabi/10.3.1/../../../../arm-none-eabi/lib/thumb/v7e-m/nofp\libg.a(lib_a-reent.o)
                0x20000c70                errno
 *(COMMON)
                0x20000c74                . = ALIGN (0x4)
                0x20000c74                _ebss = .
                0x20000c74                __bss_end__ = _ebss

._user_heap_stack
                0x20000c74      0x604 load address 0x0800d8b0
                0x20000c78                . = ALIGN (0x8)
 *fill*         0x20000c74        0x4 
                [!provide]                PROVIDE (end = .)
                0x20000c78                PROVIDE (_end = .)
                0x20000e78                . = (. + _Min_Heap_Size)
 *fill*         0x20000c78      0x200 
                0x20001278                . = (. + _Min_Stack_Size)
 *fill*         0x20000e78      0x400 
                0x20001278                . = ALIGN (0x8)

/DISCARD/
 libc.a(*)
 libm.a(*)
 libgcc.a(*)

.ARM.attributes
                0x00000000       0x2a
 *(.ARM.attributes)
 .ARM.attributes
                0x00000000       0x1e c:/progra~2/gnuarm~1/102021~1.10/bin/../lib/gcc/arm-none-eabi/10.3.1/thumb/v7e-m/nofp/crti.o
 .ARM.attributes
                0x0000001e       0x2e CMakeFiles/RC_All_Round.elf.dir/BSP/my_fdcan.c.obj
 .ARM.attributes
                0x0000004c       0x2e CMakeFiles/RC_All_Round.elf.dir/Controller/PID.c.obj
 .ARM.attributes
                0x0000007a       0x2e CMakeFiles/RC_All_Round.elf.dir/Controller/PID_Adjust.c.obj
 .ARM.attributes
                0x000000a8       0x2e CMakeFiles/RC_All_Round.elf.dir/Core/Src/fdcan.c.obj
 .ARM.attributes
                0x000000d6       0x2e CMakeFiles/RC_All_Round.elf.dir/Core/Src/gpio.c.obj
 .ARM.attributes
                0x00000104       0x2e CMakeFiles/RC_All_Round.elf.dir/Core/Src/main.c.obj
 .ARM.attributes
                0x00000132       0x2e CMakeFiles/RC_All_Round.elf.dir/Core/Src/stm32g4xx_hal_msp.c.obj
 .ARM.attributes
                0x00000160       0x2e CMakeFiles/RC_All_Round.elf.dir/Core/Src/stm32g4xx_hal_timebase_tim.c.obj
 .ARM.attributes
                0x0000018e       0x2e CMakeFiles/RC_All_Round.elf.dir/Core/Src/stm32g4xx_it.c.obj
 .ARM.attributes
                0x000001bc       0x2e CMakeFiles/RC_All_Round.elf.dir/Core/Src/syscalls.c.obj
 .ARM.attributes
                0x000001ea       0x2e CMakeFiles/RC_All_Round.elf.dir/Core/Src/sysmem.c.obj
 .ARM.attributes
                0x00000218       0x2e CMakeFiles/RC_All_Round.elf.dir/Core/Src/system_stm32g4xx.c.obj
 .ARM.attributes
                0x00000246       0x2e CMakeFiles/RC_All_Round.elf.dir/Core/Src/usart.c.obj
 .ARM.attributes
                0x00000274       0x21 CMakeFiles/RC_All_Round.elf.dir/Core/Startup/startup_stm32g474vetx.s.obj
 .ARM.attributes
                0x00000295       0x2e CMakeFiles/RC_All_Round.elf.dir/Drivers/STM32G4xx_HAL_Driver/Src/stm32g4xx_hal.c.obj
 .ARM.attributes
                0x000002c3       0x2e CMakeFiles/RC_All_Round.elf.dir/Drivers/STM32G4xx_HAL_Driver/Src/stm32g4xx_hal_cortex.c.obj
 .ARM.attributes
                0x000002f1       0x2e CMakeFiles/RC_All_Round.elf.dir/Drivers/STM32G4xx_HAL_Driver/Src/stm32g4xx_hal_dma.c.obj
 .ARM.attributes
                0x0000031f       0x2e CMakeFiles/RC_All_Round.elf.dir/Drivers/STM32G4xx_HAL_Driver/Src/stm32g4xx_hal_fdcan.c.obj
 .ARM.attributes
                0x0000034d       0x2e CMakeFiles/RC_All_Round.elf.dir/Drivers/STM32G4xx_HAL_Driver/Src/stm32g4xx_hal_gpio.c.obj
 .ARM.attributes
                0x0000037b       0x2e CMakeFiles/RC_All_Round.elf.dir/Drivers/STM32G4xx_HAL_Driver/Src/stm32g4xx_hal_pwr_ex.c.obj
 .ARM.attributes
                0x000003a9       0x2e CMakeFiles/RC_All_Round.elf.dir/Drivers/STM32G4xx_HAL_Driver/Src/stm32g4xx_hal_rcc.c.obj
 .ARM.attributes
                0x000003d7       0x2e CMakeFiles/RC_All_Round.elf.dir/Drivers/STM32G4xx_HAL_Driver/Src/stm32g4xx_hal_rcc_ex.c.obj
 .ARM.attributes
                0x00000405       0x2e CMakeFiles/RC_All_Round.elf.dir/Drivers/STM32G4xx_HAL_Driver/Src/stm32g4xx_hal_tim.c.obj
 .ARM.attributes
                0x00000433       0x2e CMakeFiles/RC_All_Round.elf.dir/Drivers/STM32G4xx_HAL_Driver/Src/stm32g4xx_hal_tim_ex.c.obj
 .ARM.attributes
                0x00000461       0x2e CMakeFiles/RC_All_Round.elf.dir/Drivers/STM32G4xx_HAL_Driver/Src/stm32g4xx_hal_uart.c.obj
 .ARM.attributes
                0x0000048f       0x2e CMakeFiles/RC_All_Round.elf.dir/Drivers/STM32G4xx_HAL_Driver/Src/stm32g4xx_hal_uart_ex.c.obj
 .ARM.attributes
                0x000004bd       0x2e CMakeFiles/RC_All_Round.elf.dir/User/IRQ.c.obj
 .ARM.attributes
                0x000004eb       0x2e CMakeFiles/RC_All_Round.elf.dir/User/Init.c.obj
 .ARM.attributes
                0x00000519       0x2e CMakeFiles/RC_All_Round.elf.dir/User/retarget.c.obj
 .ARM.attributes
                0x00000547       0x1e c:/progra~2/gnuarm~1/102021~1.10/bin/../lib/gcc/arm-none-eabi/10.3.1/thumb/v7e-m/nofp\libgcc.a(_arm_addsubdf3.o)
 .ARM.attributes
                0x00000565       0x1e c:/progra~2/gnuarm~1/102021~1.10/bin/../lib/gcc/arm-none-eabi/10.3.1/thumb/v7e-m/nofp\libgcc.a(_arm_muldivdf3.o)
 .ARM.attributes
                0x00000583       0x1e c:/progra~2/gnuarm~1/102021~1.10/bin/../lib/gcc/arm-none-eabi/10.3.1/thumb/v7e-m/nofp\libgcc.a(_arm_cmpsf2.o)
 .ARM.attributes
                0x000005a1       0x1e c:/progra~2/gnuarm~1/102021~1.10/bin/../lib/gcc/arm-none-eabi/10.3.1/thumb/v7e-m/nofp\libgcc.a(_aeabi_uldivmod.o)
 .ARM.attributes
                0x000005bf       0x2e c:/progra~2/gnuarm~1/102021~1.10/bin/../lib/gcc/arm-none-eabi/10.3.1/thumb/v7e-m/nofp\libgcc.a(_udivmoddi4.o)
 .ARM.attributes
                0x000005ed       0x1e c:/progra~2/gnuarm~1/102021~1.10/bin/../lib/gcc/arm-none-eabi/10.3.1/thumb/v7e-m/nofp\libgcc.a(_dvmd_tls.o)
 .ARM.attributes
                0x0000060b       0x2e c:/progra~2/gnuarm~1/102021~1.10/bin/../lib/gcc/arm-none-eabi/10.3.1/../../../../arm-none-eabi/lib/thumb/v7e-m/nofp\libg.a(lib_a-errno.o)
 .ARM.attributes
                0x00000639       0x2e c:/progra~2/gnuarm~1/102021~1.10/bin/../lib/gcc/arm-none-eabi/10.3.1/../../../../arm-none-eabi/lib/thumb/v7e-m/nofp\libg.a(lib_a-impure.o)
 .ARM.attributes
                0x00000667       0x2e c:/progra~2/gnuarm~1/102021~1.10/bin/../lib/gcc/arm-none-eabi/10.3.1/../../../../arm-none-eabi/lib/thumb/v7e-m/nofp\libg.a(lib_a-init.o)
 .ARM.attributes
                0x00000695       0x2e c:/progra~2/gnuarm~1/102021~1.10/bin/../lib/gcc/arm-none-eabi/10.3.1/../../../../arm-none-eabi/lib/thumb/v7e-m/nofp\libg.a(lib_a-memset.o)
 .ARM.attributes
                0x000006c3       0x2e c:/progra~2/gnuarm~1/102021~1.10/bin/../lib/gcc/arm-none-eabi/10.3.1/../../../../arm-none-eabi/lib/thumb/v7e-m/nofp\libg.a(lib_a-printf.o)
 .ARM.attributes
                0x000006f1       0x2e c:/progra~2/gnuarm~1/102021~1.10/bin/../lib/gcc/arm-none-eabi/10.3.1/../../../../arm-none-eabi/lib/thumb/v7e-m/nofp\libg.a(lib_a-puts.o)
 .ARM.attributes
                0x0000071f       0x2e c:/progra~2/gnuarm~1/102021~1.10/bin/../lib/gcc/arm-none-eabi/10.3.1/../../../../arm-none-eabi/lib/thumb/v7e-m/nofp\libg.a(lib_a-setvbuf.o)
 .ARM.attributes
                0x0000074d       0x1c c:/progra~2/gnuarm~1/102021~1.10/bin/../lib/gcc/arm-none-eabi/10.3.1/../../../../arm-none-eabi/lib/thumb/v7e-m/nofp\libg.a(lib_a-strlen.o)
 .ARM.attributes
                0x00000769       0x2e c:/progra~2/gnuarm~1/102021~1.10/bin/../lib/gcc/arm-none-eabi/10.3.1/../../../../arm-none-eabi/lib/thumb/v7e-m/nofp\libg.a(lib_a-strtod.o)
 .ARM.attributes
                0x00000797       0x2e c:/progra~2/gnuarm~1/102021~1.10/bin/../lib/gcc/arm-none-eabi/10.3.1/../../../../arm-none-eabi/lib/thumb/v7e-m/nofp\libg.a(lib_a-vfprintf.o)
 .ARM.attributes
                0x000007c5       0x2e c:/progra~2/gnuarm~1/102021~1.10/bin/../lib/gcc/arm-none-eabi/10.3.1/../../../../arm-none-eabi/lib/thumb/v7e-m/nofp\libg.a(lib_a-wsetup.o)
 .ARM.attributes
                0x000007f3       0x2e c:/progra~2/gnuarm~1/102021~1.10/bin/../lib/gcc/arm-none-eabi/10.3.1/../../../../arm-none-eabi/lib/thumb/v7e-m/nofp\libg.a(lib_a-dtoa.o)
 .ARM.attributes
                0x00000821       0x2e c:/progra~2/gnuarm~1/102021~1.10/bin/../lib/gcc/arm-none-eabi/10.3.1/../../../../arm-none-eabi/lib/thumb/v7e-m/nofp\libg.a(lib_a-fflush.o)
 .ARM.attributes
                0x0000084f       0x2e c:/progra~2/gnuarm~1/102021~1.10/bin/../lib/gcc/arm-none-eabi/10.3.1/../../../../arm-none-eabi/lib/thumb/v7e-m/nofp\libg.a(lib_a-findfp.o)
 .ARM.attributes
                0x0000087d       0x2e c:/progra~2/gnuarm~1/102021~1.10/bin/../lib/gcc/arm-none-eabi/10.3.1/../../../../arm-none-eabi/lib/thumb/v7e-m/nofp\libg.a(lib_a-freer.o)
 .ARM.attributes
                0x000008ab       0x2e c:/progra~2/gnuarm~1/102021~1.10/bin/../lib/gcc/arm-none-eabi/10.3.1/../../../../arm-none-eabi/lib/thumb/v7e-m/nofp\libg.a(lib_a-fvwrite.o)
 .ARM.attributes
                0x000008d9       0x2e c:/progra~2/gnuarm~1/102021~1.10/bin/../lib/gcc/arm-none-eabi/10.3.1/../../../../arm-none-eabi/lib/thumb/v7e-m/nofp\libg.a(lib_a-fwalk.o)
 .ARM.attributes
                0x00000907       0x2e c:/progra~2/gnuarm~1/102021~1.10/bin/../lib/gcc/arm-none-eabi/10.3.1/../../../../arm-none-eabi/lib/thumb/v7e-m/nofp\libg.a(lib_a-gdtoa-gethex.o)
 .ARM.attributes
                0x00000935       0x2e c:/progra~2/gnuarm~1/102021~1.10/bin/../lib/gcc/arm-none-eabi/10.3.1/../../../../arm-none-eabi/lib/thumb/v7e-m/nofp\libg.a(lib_a-gdtoa-hexnan.o)
 .ARM.attributes
                0x00000963       0x2e c:/progra~2/gnuarm~1/102021~1.10/bin/../lib/gcc/arm-none-eabi/10.3.1/../../../../arm-none-eabi/lib/thumb/v7e-m/nofp\libg.a(lib_a-lnumeric.o)
 .ARM.attributes
                0x00000991       0x2e c:/progra~2/gnuarm~1/102021~1.10/bin/../lib/gcc/arm-none-eabi/10.3.1/../../../../arm-none-eabi/lib/thumb/v7e-m/nofp\libg.a(lib_a-locale.o)
 .ARM.attributes
                0x000009bf       0x2e c:/progra~2/gnuarm~1/102021~1.10/bin/../lib/gcc/arm-none-eabi/10.3.1/../../../../arm-none-eabi/lib/thumb/v7e-m/nofp\libg.a(lib_a-localeconv.o)
 .ARM.attributes
                0x000009ed       0x2e c:/progra~2/gnuarm~1/102021~1.10/bin/../lib/gcc/arm-none-eabi/10.3.1/../../../../arm-none-eabi/lib/thumb/v7e-m/nofp\libg.a(lib_a-lock.o)
 .ARM.attributes
                0x00000a1b       0x2e c:/progra~2/gnuarm~1/102021~1.10/bin/../lib/gcc/arm-none-eabi/10.3.1/../../../../arm-none-eabi/lib/thumb/v7e-m/nofp\libg.a(lib_a-makebuf.o)
 .ARM.attributes
                0x00000a49       0x2e c:/progra~2/gnuarm~1/102021~1.10/bin/../lib/gcc/arm-none-eabi/10.3.1/../../../../arm-none-eabi/lib/thumb/v7e-m/nofp\libg.a(lib_a-malloc.o)
 .ARM.attributes
                0x00000a77       0x2e c:/progra~2/gnuarm~1/102021~1.10/bin/../lib/gcc/arm-none-eabi/10.3.1/../../../../arm-none-eabi/lib/thumb/v7e-m/nofp\libg.a(lib_a-mallocr.o)
 .ARM.attributes
                0x00000aa5       0x2e c:/progra~2/gnuarm~1/102021~1.10/bin/../lib/gcc/arm-none-eabi/10.3.1/../../../../arm-none-eabi/lib/thumb/v7e-m/nofp\libg.a(lib_a-mbtowc_r.o)
 .ARM.attributes
                0x00000ad3       0x1c c:/progra~2/gnuarm~1/102021~1.10/bin/../lib/gcc/arm-none-eabi/10.3.1/../../../../arm-none-eabi/lib/thumb/v7e-m/nofp\libg.a(lib_a-memchr.o)
 .ARM.attributes
                0x00000aef       0x1c c:/progra~2/gnuarm~1/102021~1.10/bin/../lib/gcc/arm-none-eabi/10.3.1/../../../../arm-none-eabi/lib/thumb/v7e-m/nofp\libg.a(lib_a-memcpy.o)
 .ARM.attributes
                0x00000b0b       0x2e c:/progra~2/gnuarm~1/102021~1.10/bin/../lib/gcc/arm-none-eabi/10.3.1/../../../../arm-none-eabi/lib/thumb/v7e-m/nofp\libg.a(lib_a-memmove.o)
 .ARM.attributes
                0x00000b39       0x2e c:/progra~2/gnuarm~1/102021~1.10/bin/../lib/gcc/arm-none-eabi/10.3.1/../../../../arm-none-eabi/lib/thumb/v7e-m/nofp\libg.a(lib_a-mlock.o)
 .ARM.attributes
                0x00000b67       0x2e c:/progra~2/gnuarm~1/102021~1.10/bin/../lib/gcc/arm-none-eabi/10.3.1/../../../../arm-none-eabi/lib/thumb/v7e-m/nofp\libg.a(lib_a-mprec.o)
 .ARM.attributes
                0x00000b95       0x2e c:/progra~2/gnuarm~1/102021~1.10/bin/../lib/gcc/arm-none-eabi/10.3.1/../../../../arm-none-eabi/lib/thumb/v7e-m/nofp\libg.a(lib_a-reallocr.o)
 .ARM.attributes
                0x00000bc3       0x2e c:/progra~2/gnuarm~1/102021~1.10/bin/../lib/gcc/arm-none-eabi/10.3.1/../../../../arm-none-eabi/lib/thumb/v7e-m/nofp\libg.a(lib_a-s_frexp.o)
 .ARM.attributes
                0x00000bf1       0x2e c:/progra~2/gnuarm~1/102021~1.10/bin/../lib/gcc/arm-none-eabi/10.3.1/../../../../arm-none-eabi/lib/thumb/v7e-m/nofp\libg.a(lib_a-s_nan.o)
 .ARM.attributes
                0x00000c1f       0x2e c:/progra~2/gnuarm~1/102021~1.10/bin/../lib/gcc/arm-none-eabi/10.3.1/../../../../arm-none-eabi/lib/thumb/v7e-m/nofp\libg.a(lib_a-sbrkr.o)
 .ARM.attributes
                0x00000c4d       0x2e c:/progra~2/gnuarm~1/102021~1.10/bin/../lib/gcc/arm-none-eabi/10.3.1/../../../../arm-none-eabi/lib/thumb/v7e-m/nofp\libg.a(lib_a-sf_nan.o)
 .ARM.attributes
                0x00000c7b       0x2e c:/progra~2/gnuarm~1/102021~1.10/bin/../lib/gcc/arm-none-eabi/10.3.1/../../../../arm-none-eabi/lib/thumb/v7e-m/nofp\libg.a(lib_a-stdio.o)
 .ARM.attributes
                0x00000ca9       0x2e c:/progra~2/gnuarm~1/102021~1.10/bin/../lib/gcc/arm-none-eabi/10.3.1/../../../../arm-none-eabi/lib/thumb/v7e-m/nofp\libg.a(lib_a-strncmp.o)
 .ARM.attributes